Archive member included to satisfy reference by file (symbol)

c:/users/polit/desktop/embedded/arm_12.2/bin/../lib/gcc/arm-none-eabi/12.2.1/thumb/v7e-m+fp/hard\libc.a(libc_a-malloc.o)
                              build/obj/lib/stubs/new_delete.o (symbol from plugin) (malloc)
c:/users/polit/desktop/embedded/arm_12.2/bin/../lib/gcc/arm-none-eabi/12.2.1/thumb/v7e-m+fp/hard\libc.a(libc_a-mallocr.o)
                              c:/users/polit/desktop/embedded/arm_12.2/bin/../lib/gcc/arm-none-eabi/12.2.1/thumb/v7e-m+fp/hard\libc.a(libc_a-malloc.o) (_malloc_r)
c:/users/polit/desktop/embedded/arm_12.2/bin/../lib/gcc/arm-none-eabi/12.2.1/thumb/v7e-m+fp/hard\libc.a(libc_a-mlock.o)
                              c:/users/polit/desktop/embedded/arm_12.2/bin/../lib/gcc/arm-none-eabi/12.2.1/thumb/v7e-m+fp/hard\libc.a(libc_a-mallocr.o) (__malloc_lock)
c:/users/polit/desktop/embedded/arm_12.2/bin/../lib/gcc/arm-none-eabi/12.2.1/thumb/v7e-m+fp/hard\libc.a(libc_a-impure.o)
                              c:/users/polit/desktop/embedded/arm_12.2/bin/../lib/gcc/arm-none-eabi/12.2.1/thumb/v7e-m+fp/hard\libc.a(libc_a-malloc.o) (_impure_ptr)
c:/users/polit/desktop/embedded/arm_12.2/bin/../lib/gcc/arm-none-eabi/12.2.1/thumb/v7e-m+fp/hard\libc.a(libc_a-sbrkr.o)
                              c:/users/polit/desktop/embedded/arm_12.2/bin/../lib/gcc/arm-none-eabi/12.2.1/thumb/v7e-m+fp/hard\libc.a(libc_a-mallocr.o) (_sbrk_r)
c:/users/polit/desktop/embedded/arm_12.2/bin/../lib/gcc/arm-none-eabi/12.2.1/thumb/v7e-m+fp/hard\libc.a(libc_a-init.o)
                              build/obj/drivers/startup/startup_stm32g474retx.o (__libc_init_array)
c:/users/polit/desktop/embedded/arm_12.2/bin/../lib/gcc/arm-none-eabi/12.2.1/thumb/v7e-m+fp/hard\libc.a(libc_a-lock.o)
                              c:/users/polit/desktop/embedded/arm_12.2/bin/../lib/gcc/arm-none-eabi/12.2.1/thumb/v7e-m+fp/hard\libc.a(libc_a-mlock.o) (__retarget_lock_acquire_recursive)
c:/users/polit/desktop/embedded/arm_12.2/bin/../lib/gcc/arm-none-eabi/12.2.1/thumb/v7e-m+fp/hard\libc.a(libc_a-sysconf.o)
                              c:/users/polit/desktop/embedded/arm_12.2/bin/../lib/gcc/arm-none-eabi/12.2.1/thumb/v7e-m+fp/hard\libc.a(libc_a-mallocr.o) (sysconf)
c:/users/polit/desktop/embedded/arm_12.2/bin/../lib/gcc/arm-none-eabi/12.2.1/thumb/v7e-m+fp/hard\libc.a(libc_a-freer.o)
                              c:/users/polit/desktop/embedded/arm_12.2/bin/../lib/gcc/arm-none-eabi/12.2.1/thumb/v7e-m+fp/hard\libc.a(libc_a-malloc.o) (_free_r)
c:/users/polit/desktop/embedded/arm_12.2/bin/../lib/gcc/arm-none-eabi/12.2.1/thumb/v7e-m+fp/hard\libc.a(libc_a-findfp.o)
                              c:/users/polit/desktop/embedded/arm_12.2/bin/../lib/gcc/arm-none-eabi/12.2.1/thumb/v7e-m+fp/hard\libc.a(libc_a-impure.o) (__sf)
c:/users/polit/desktop/embedded/arm_12.2/bin/../lib/gcc/arm-none-eabi/12.2.1/thumb/v7e-m+fp/hard\libc.a(libc_a-fwalk.o)
                              c:/users/polit/desktop/embedded/arm_12.2/bin/../lib/gcc/arm-none-eabi/12.2.1/thumb/v7e-m+fp/hard\libc.a(libc_a-findfp.o) (_fwalk_sglue)
c:/users/polit/desktop/embedded/arm_12.2/bin/../lib/gcc/arm-none-eabi/12.2.1/thumb/v7e-m+fp/hard\libc.a(libc_a-stdio.o)
                              c:/users/polit/desktop/embedded/arm_12.2/bin/../lib/gcc/arm-none-eabi/12.2.1/thumb/v7e-m+fp/hard\libc.a(libc_a-findfp.o) (__sread)
c:/users/polit/desktop/embedded/arm_12.2/bin/../lib/gcc/arm-none-eabi/12.2.1/thumb/v7e-m+fp/hard\libc.a(libc_a-memset.o)
                              c:/users/polit/desktop/embedded/arm_12.2/bin/../lib/gcc/arm-none-eabi/12.2.1/thumb/v7e-m+fp/hard\libc.a(libc_a-findfp.o) (memset)
c:/users/polit/desktop/embedded/arm_12.2/bin/../lib/gcc/arm-none-eabi/12.2.1/thumb/v7e-m+fp/hard\libc.a(libc_a-closer.o)
                              c:/users/polit/desktop/embedded/arm_12.2/bin/../lib/gcc/arm-none-eabi/12.2.1/thumb/v7e-m+fp/hard\libc.a(libc_a-stdio.o) (_close_r)
c:/users/polit/desktop/embedded/arm_12.2/bin/../lib/gcc/arm-none-eabi/12.2.1/thumb/v7e-m+fp/hard\libc.a(libc_a-reent.o)
                              c:/users/polit/desktop/embedded/arm_12.2/bin/../lib/gcc/arm-none-eabi/12.2.1/thumb/v7e-m+fp/hard\libc.a(libc_a-sbrkr.o) (errno)
c:/users/polit/desktop/embedded/arm_12.2/bin/../lib/gcc/arm-none-eabi/12.2.1/thumb/v7e-m+fp/hard\libc.a(libc_a-lseekr.o)
                              c:/users/polit/desktop/embedded/arm_12.2/bin/../lib/gcc/arm-none-eabi/12.2.1/thumb/v7e-m+fp/hard\libc.a(libc_a-stdio.o) (_lseek_r)
c:/users/polit/desktop/embedded/arm_12.2/bin/../lib/gcc/arm-none-eabi/12.2.1/thumb/v7e-m+fp/hard\libc.a(libc_a-readr.o)
                              c:/users/polit/desktop/embedded/arm_12.2/bin/../lib/gcc/arm-none-eabi/12.2.1/thumb/v7e-m+fp/hard\libc.a(libc_a-stdio.o) (_read_r)
c:/users/polit/desktop/embedded/arm_12.2/bin/../lib/gcc/arm-none-eabi/12.2.1/thumb/v7e-m+fp/hard\libc.a(libc_a-writer.o)
[...]
Memory Configuration

Name             Origin             Length             Attributes
RAM              0x20000000         0x00020000         xrw
FLASH            0x08000000         0x00080000         xr
*default*        0x00000000         0xffffffff

Linker script and memory map

LOAD build/obj/./main.o
LOAD C:\Users\polit\AppData\Local\Temp\ccwYOvic.ltrans0.ltrans.o
LOAD C:\Users\polit\AppData\Local\Temp\ccE8I4jo.debug.temp.o
LOAD C:\Users\polit\AppData\Local\Temp\ccARfm9B.debug.temp.o
LOAD C:\Users\polit\AppData\Local\Temp\ccQS8S7O.debug.temp.o
LOAD C:\Users\polit\AppData\Local\Temp\ccIVUQf2.debug.temp.o
LOAD C:\Users\polit\AppData\Local\Temp\cc2C07vf.debug.temp.o
LOAD C:\Users\polit\AppData\Local\Temp\ccGWG8Tr.debug.temp.o
LOAD C:\Users\polit\AppData\Local\Temp\ccYCCUQH.debug.temp.o
LOAD C:\Users\polit\AppData\Local\Temp\ccWm9P0X.debug.temp.o
LOAD C:\Users\polit\AppData\Local\Temp\ccSH1Qmd.debug.temp.o
LOAD C:\Users\polit\AppData\Local\Temp\ccI9eQXs.debug.temp.o
LOAD C:\Users\polit\AppData\Local\Temp\ccIO6N2G.debug.temp.o
LOAD C:\Users\polit\AppData\Local\Temp\ccO60DjZ.debug.temp.o
LOAD C:\Users\polit\AppData\Local\Temp\ccQg813h.debug.temp.o
LOAD C:\Users\polit\AppData\Local\Temp\ccKcYVHz.debug.temp.o
LOAD C:\Users\polit\AppData\Local\Temp\ccOFEnFR.debug.temp.o
LOAD C:\Users\polit\AppData\Local\Temp\ccwFFAH9.debug.temp.o
LOAD build/obj/config/board.o
LOAD build/obj/drivers/UART/UART.o
LOAD build/obj/drivers/clock_manager/clock_manager.o
LOAD build/obj/drivers/gpio/gpio.o
LOAD build/obj/drivers/i2c/i2c.o
LOAD build/obj/drivers/pwm/pwm.o
LOAD build/obj/lib/stubs/cpp_stubs.o
LOAD build/obj/lib/stubs/new_delete.o
LOAD build/obj/lib/typeConverter/typeConverter.o
LOAD build/obj/lib/states/states.o
LOAD build/obj/lib/lcd/hd44780.o
LOAD build/obj/lib/PID/pid.o
LOAD build/obj/drivers/startup/system_stm32g4xx.o
LOAD build/obj/lib/stubs/c_stubs.o
LOAD build/obj/lib/motor/motor.o
LOAD build/obj/drivers/startup/startup_stm32g474retx.o
LOAD c:/users/polit/desktop/embedded/arm_12.2/bin/../lib/gcc/arm-none-eabi/12.2.1/thumb/v7e-m+fp/hard\libgcc.a
                0x20020000                _estack = (ORIGIN (RAM) + LENGTH (RAM))
                0x00000200                _Min_Heap_Size = 0x200
                0x00000400                _Min_Stack_Size = 0x400

.isr_vector     0x08000000      0x1d8
                0x08000000                . = ALIGN (0x4)
 *(.isr_vector)
 .isr_vector    0x08000000      0x1d8 build/obj/drivers/startup/startup_stm32g474retx.o
                0x08000000                g_pfnVectors
                0x080001d8                . = ALIGN (0x4)

.text           0x080001d8     0x3b6c
                0x080001d8                . = ALIGN (0x4)
 *(.text)
 .text          0x080001d8      0x378 c:/users/polit/desktop/embedded/arm_12.2/bin/../lib/gcc/arm-none-eabi/12.2.1/thumb/v7e-m+fp/hard\libgcc.a(_arm_addsubdf3.o)
                0x080001d8                __aeabi_drsub
                0x080001e0                __aeabi_dsub
                0x080001e0                __subdf3
                0x080001e4                __aeabi_dadd
                0x080001e4                __adddf3
                0x0800045c                __floatunsidf
                0x0800045c                __aeabi_ui2d
                0x0800047c                __floatsidf
                0x0800047c                __aeabi_i2d
                0x080004a0                __aeabi_f2d
                0x080004a0                __extendsfdf2
                0x080004e4                __floatundidf
                0x080004e4                __aeabi_ul2d
                0x080004f4                __floatdidf
                0x080004f4                __aeabi_l2d
 .text          0x08000550       0xa0 c:/users/polit/desktop/embedded/arm_12.2/bin/../lib/gcc/arm-none-eabi/12.2.1/thumb/v7e-m+fp/hard\libgcc.a(_arm_truncdfsf2.o)
                0x08000550                __truncdfsf2
                0x08000550                __aeabi_d2f
 .text          0x080005f0      0x21c c:/users/polit/desktop/embedded/arm_12.2/bin/../lib/gcc/arm-none-eabi/12.2.1/thumb/v7e-m+fp/hard\libgcc.a(_arm_addsubsf3.o)
                0x080005f0                __aeabi_frsub
                0x080005f8                __subsf3
                0x080005f8                __aeabi_fsub
                0x080005fc                __aeabi_fadd
                0x080005fc                __addsf3
                0x0800075c                __aeabi_ui2f
                0x0800075c                __floatunsisf
                0x08000764                __aeabi_i2f
                0x08000764                __floatsisf
                0x08000780                __aeabi_ul2f
                0x08000780                __floatundisf
                0x08000790                __aeabi_l2f
                0x08000790                __floatdisf
 .text          0x0800080c      0x254 c:/users/polit/desktop/embedded/arm_12.2/bin/../lib/gcc/arm-none-eabi/12.2.1/thumb/v7e-m+fp/hard\libgcc.a(_arm_muldf3.o)
                0x0800080c                __muldf3
                0x0800080c                __aeabi_dmul
 .text          0x08000a60       0x40 c:/users/polit/desktop/embedded/arm_12.2/bin/../lib/gcc/arm-none-eabi/12.2.1/thumb/v7e-m+fp/hard\libgcc.a(_arm_fixunsdfsi.o)
                0x08000a60                __aeabi_d2uiz
                0x08000a60                __fixunsdfsi
 *(.text*)
 .text.__NVIC_EnableIRQ.lto_priv.0
                0x08000aa0       0x34 C:\Users\polit\AppData\Local\Temp\ccwYOvic.ltrans0.ltrans.o
 .text._ZSt3cosf
                0x08000ad4       0x1e C:\Users\polit\AppData\Local\Temp\ccwYOvic.ltrans0.ltrans.o
 .text._ZSt3sinf
                0x08000af2       0x1e C:\Users\polit\AppData\Local\Temp\ccwYOvic.ltrans0.ltrans.o
 .text._ZL18getAutoReloadValueP5pwm_t
                0x08000b10       0x1e C:\Users\polit\AppData\Local\Temp\ccwYOvic.ltrans0.ltrans.o
 *fill*         0x08000b2e        0x2 
 .text._ZL8pwm_initP5pwm_t
                0x08000b30      0x154 C:\Users\polit\AppData\Local\Temp\ccwYOvic.ltrans0.ltrans.o
 .text._ZL16pwm_set3Phase_puP5pwm_tPf
                0x08000c84       0x94 C:\Users\polit\AppData\Local\Temp\ccwYOvic.ltrans0.ltrans.o
 .text._Z4Initv
                0x08000d18      0x264 C:\Users\polit\AppData\Local\Temp\ccwYOvic.ltrans0.ltrans.o
 .text._Z15setPhaseVoltagefff
                0x08000f7c       0xf4 C:\Users\polit\AppData\Local\Temp\ccwYOvic.ltrans0.ltrans.o
 .text.main     0x08001070      0x26c C:\Users\polit\AppData\Local\Temp\ccwYOvic.ltrans0.ltrans.o
                0x08001070                main
 .text.DMA1_Channel5_IRQHandler
                0x080012dc      0x318 C:\Users\polit\AppData\Local\Temp\ccwYOvic.ltrans0.ltrans.o
                0x080012dc                DMA1_Channel5_IRQHandler
 .text.TIM2_IRQHandler
                0x080015f4       0x44 C:\Users\polit\AppData\Local\Temp\ccwYOvic.ltrans0.ltrans.o
                0x080015f4                TIM2_IRQHandler
 .text._Z41__static_initialization_and_destruction_0ii.lto_priv.0
                0x08001638       0xa4 C:\Users\polit\AppData\Local\Temp\ccwYOvic.ltrans0.ltrans.o
 .text._GLOBAL__sub_I_sineLookUp
                0x080016dc        0xe C:\Users\polit\AppData\Local\Temp\ccwYOvic.ltrans0.ltrans.o
 *fill*         0x080016ea        0x2 
 .text.UART5_IRQHandler
                0x080016ec       0x10 C:\Users\polit\AppData\Local\Temp\ccwYOvic.ltrans0.ltrans.o
                0x080016ec                UART5_IRQHandler
 .text._Z41__static_initialization_and_destruction_0ii.lto_priv.1
                0x080016fc      0x2dc C:\Users\polit\AppData\Local\Temp\ccwYOvic.ltrans0.ltrans.o
 .text._GLOBAL__sub_I__ZN12ClockManager8hseClockE
                0x080019d8        0xe C:\Users\polit\AppData\Local\Temp\ccwYOvic.ltrans0.ltrans.o
 *fill*         0x080019e6        0x2 
 .text.__NVIC_EnableIRQ.lto_priv.1
                0x080019e8       0x34 C:\Users\polit\AppData\Local\Temp\ccwYOvic.ltrans0.ltrans.o
 .text._ZN6BufferILi256EEC2Ev
                0x08001a1c       0x18 C:\Users\polit\AppData\Local\Temp\ccwYOvic.ltrans0.ltrans.o
 .text._ZN6SerialC2EP13USART_TypeDefi
                0x08001a34      0x198 C:\Users\polit\AppData\Local\Temp\ccwYOvic.ltrans0.ltrans.o
 .text._ZN6Serial8sendCharEc
                0x08001bcc       0x36 C:\Users\polit\AppData\Local\Temp\ccwYOvic.ltrans0.ltrans.o
 .text._ZN6Serial5printEPKc
                0x08001c02       0x2e C:\Users\polit\AppData\Local\Temp\ccwYOvic.ltrans0.ltrans.o
 .text._ZN6Serial5printEi
                0x08001c30       0x32 C:\Users\polit\AppData\Local\Temp\ccwYOvic.ltrans0.ltrans.o
 .text._ZN6Serial5printEdh
                0x08001c62       0x4c C:\Users\polit\AppData\Local\Temp\ccwYOvic.ltrans0.ltrans.o
 *fill*         0x08001cae        0x2 
 .text._ZN6Serial7printlnEdh
                0x08001cb0       0x34 C:\Users\polit\AppData\Local\Temp\ccwYOvic.ltrans0.ltrans.o
 .text._ZN6Serial8readCharEv
                0x08001ce4       0x22 C:\Users\polit\AppData\Local\Temp\ccwYOvic.ltrans0.ltrans.o
 *fill*         0x08001d06        0x2 
 .text._ZN6Serial11readTillEOLEPc
                0x08001d08       0x98 C:\Users\polit\AppData\Local\Temp\ccwYOvic.ltrans0.ltrans.o
 .text._ZN6Serial9availableEv
                0x08001da0       0x20 C:\Users\polit\AppData\Local\Temp\ccwYOvic.ltrans0.ltrans.o
 .text._ZN6Serial9interruptEv
                0x08001dc0       0x40 C:\Users\polit\AppData\Local\Temp\ccwYOvic.ltrans0.ltrans.o
 .text._ZN6Serial11bufferFlushEv
                0x08001e00       0x18 C:\Users\polit\AppData\Local\Temp\ccwYOvic.ltrans0.ltrans.o
 .text._ZN6BufferILi256EE4readEPc
                0x08001e18       0x66 C:\Users\polit\AppData\Local\Temp\ccwYOvic.ltrans0.ltrans.o
 .text._ZN6BufferILi256EE5emptyEv
                0x08001e7e       0x2a C:\Users\polit\AppData\Local\Temp\ccwYOvic.ltrans0.ltrans.o
 .text._ZN6BufferILi256EE5writeEc
                0x08001ea8       0x6c C:\Users\polit\AppData\Local\Temp\ccwYOvic.ltrans0.ltrans.o
 .text._ZN6BufferILi256EE5flushEv
                0x08001f14       0x16 C:\Users\polit\AppData\Local\Temp\ccwYOvic.ltrans0.ltrans.o
 *fill*         0x08001f2a        0x2 
 .text.__NVIC_SetPriority
                0x08001f2c       0x50 C:\Users\polit\AppData\Local\Temp\ccwYOvic.ltrans0.ltrans.o
 .text.SysTick_Config
                0x08001f7c       0x40 C:\Users\polit\AppData\Local\Temp\ccwYOvic.ltrans0.ltrans.o
 .text.SysTick_Handler
                0x08001fbc       0x1c C:\Users\polit\AppData\Local\Temp\ccwYOvic.ltrans0.ltrans.o
                0x08001fbc                SysTick_Handler
 .text._ZN12ClockManager7hseInitEv
                0x08001fd8       0x44 C:\Users\polit\AppData\Local\Temp\ccwYOvic.ltrans0.ltrans.o
 .text._ZN12ClockManager18internalFreqUpdateEm
                0x0800201c      0x120 C:\Users\polit\AppData\Local\Temp\ccwYOvic.ltrans0.ltrans.o
 .text._ZN12ClockManager9setSysClkE6clkSrc
                0x0800213c       0xa8 C:\Users\polit\AppData\Local\Temp\ccwYOvic.ltrans0.ltrans.o
 .text._ZN12ClockManager6pllCfgEiiiNS_6pllDivES0_
                0x080021e4      0x12c C:\Users\polit\AppData\Local\Temp\ccwYOvic.ltrans0.ltrans.o
 .text._ZN12ClockManager9updatePllEv
                0x08002310      0x100 C:\Users\polit\AppData\Local\Temp\ccwYOvic.ltrans0.ltrans.o
 .text._ZN12ClockManager8initTickEv
                0x08002410       0x64 C:\Users\polit\AppData\Local\Temp\ccwYOvic.ltrans0.ltrans.o
 .text._ZN12ClockManager9enableClkERVmm
                0x08002474       0x34 C:\Users\polit\AppData\Local\Temp\ccwYOvic.ltrans0.ltrans.o
 .text._ZN4GPIOC2EP12GPIO_TypeDefh8GPIOmode8GPIOtype9GPIOspeed8GPIOpullh
                0x080024a8      0x240 C:\Users\polit\AppData\Local\Temp\ccwYOvic.ltrans0.ltrans.o
 .text._ZN4GPIO3setEv
                0x080026e8       0x24 C:\Users\polit\AppData\Local\Temp\ccwYOvic.ltrans0.ltrans.o
 .text._ZN4GPIO6toggleEv
                0x0800270c       0x24 C:\Users\polit\AppData\Local\Temp\ccwYOvic.ltrans0.ltrans.o
 .text._ZN3I2CC2EP11I2C_TypeDef
                0x08002730       0xb8 C:\Users\polit\AppData\Local\Temp\ccwYOvic.ltrans0.ltrans.o
 .text._ZN13typeConverter11IntToStringEiPc
                0x080027e8       0xb4 C:\Users\polit\AppData\Local\Temp\ccwYOvic.ltrans0.ltrans.o
 .text._ZN13typeConverter18fractionalToStringEfPch
                0x0800289c      0x16c C:\Users\polit\AppData\Local\Temp\ccwYOvic.ltrans0.ltrans.o
 .text._ZN13typeConverter12reverseArrayEPci
                0x08002a08       0x5e C:\Users\polit\AppData\Local\Temp\ccwYOvic.ltrans0.ltrans.o
 *fill*         0x08002a66        0x2 
 .text._ZN3PIDC2EPfS0_S0_fff14PIDPON_TypeDef13PIDCD_TypeDef
                0x08002a68       0x84 C:\Users\polit\AppData\Local\Temp\ccwYOvic.ltrans0.ltrans.o
 .text._ZN3PID4InitEv
                0x08002aec       0x5e C:\Users\polit\AppData\Local\Temp\ccwYOvic.ltrans0.ltrans.o
 .text._ZN3PID7ComputeEv
                0x08002b4a      0x166 C:\Users\polit\AppData\Local\Temp\ccwYOvic.ltrans0.ltrans.o
 .text._ZN3PID7SetModeE15PIDMode_TypeDef
                0x08002cb0       0x44 C:\Users\polit\AppData\Local\Temp\ccwYOvic.ltrans0.ltrans.o
 .text._ZN3PID15SetOutputLimitsEff
                0x08002cf4       0xbe C:\Users\polit\AppData\Local\Temp\ccwYOvic.ltrans0.ltrans.o
 *fill*         0x08002db2        0x2 
 .text._ZN3PID10SetTuningsEfff14PIDPON_TypeDef
                0x08002db4       0xf4 C:\Users\polit\AppData\Local\Temp\ccwYOvic.ltrans0.ltrans.o
 .text._ZN3PID22SetControllerDirectionE13PIDCD_TypeDef
                0x08002ea8       0x5c C:\Users\polit\AppData\Local\Temp\ccwYOvic.ltrans0.ltrans.o
 .text.SystemInit
                0x08002f04       0x48 C:\Users\polit\AppData\Local\Temp\ccwYOvic.ltrans0.ltrans.o
                0x08002f04                SystemInit
 .text._init    0x08002f4c        0x4 C:\Users\polit\AppData\Local\Temp\ccwYOvic.ltrans0.ltrans.o
                0x08002f4c                _init
 .text._sub_I_65535_0.0
                0x08002f50        0xc C:\Users\polit\AppData\Local\Temp\ccwYOvic.ltrans0.ltrans.o
 .text.Reset_Handler
                0x08002f5c       0x50 build/obj/drivers/startup/startup_stm32g474retx.o
                0x08002f5c                Reset_Handler
 .text.Default_Handler
                0x08002fac        0x2 build/obj/drivers/startup/startup_stm32g474retx.o
                0x08002fac                RTC_Alarm_IRQHandler
                0x08002fac                EXTI2_IRQHandler
                0x08002fac                TIM8_TRG_COM_IRQHandler
                0x08002fac                TIM8_CC_IRQHandler
                0x08002fac                HRTIM1_Master_IRQHandler
                0x08002fac                DebugMon_Handler
                0x08002fac                SPI4_IRQHandler
                0x08002fac                FDCAN3_IT0_IRQHandler
                0x08002fac                TIM1_CC_IRQHandler
                0x08002fac                HardFault_Handler
                0x08002fac                HRTIM1_FLT_IRQHandler
                0x08002fac                HRTIM1_TIMF_IRQHandler
                0x08002fac                USB_HP_IRQHandler
                0x08002fac                CORDIC_IRQHandler
                0x08002fac                HRTIM1_TIMD_IRQHandler
                0x08002fac                PendSV_Handler
                0x08002fac                DMA2_Channel8_IRQHandler
                0x08002fac                NMI_Handler
                0x08002fac                EXTI3_IRQHandler
                0x08002fac                I2C3_ER_IRQHandler
                0x08002fac                EXTI0_IRQHandler
                0x08002fac                I2C2_EV_IRQHandler
                0x08002fac                FPU_IRQHandler
                0x08002fac                FDCAN1_IT1_IRQHandler
                0x08002fac                TIM1_UP_TIM16_IRQHandler
                0x08002fac                UsageFault_Handler
                0x08002fac                ADC1_2_IRQHandler
                0x08002fac                HRTIM1_TIME_IRQHandler
                0x08002fac                SPI1_IRQHandler
                0x08002fac                TIM6_DAC_IRQHandler
                0x08002fac                HRTIM1_TIMC_IRQHandler
                0x08002fac                TIM8_UP_IRQHandler
                0x08002fac                DMA2_Channel2_IRQHandler
                0x08002fac                DMA1_Channel4_IRQHandler
                0x08002fac                TIM20_TRG_COM_IRQHandler
                0x08002fac                USART3_IRQHandler
                0x08002fac                DMA1_Channel7_IRQHandler
                0x08002fac                ADC3_IRQHandler
                0x08002fac                TIM4_IRQHandler
                0x08002fac                DMA2_Channel1_IRQHandler
                0x08002fac                QUADSPI_IRQHandler
                0x08002fac                I2C1_EV_IRQHandler
                0x08002fac                DMA1_Channel6_IRQHandler
                0x08002fac                UART4_IRQHandler
                0x08002fac                DMA2_Channel4_IRQHandler
                0x08002fac                TIM3_IRQHandler
                0x08002fac                RCC_IRQHandler
                0x08002fac                TIM20_UP_IRQHandler
                0x08002fac                DMA1_Channel1_IRQHandler
                0x08002fac                Default_Handler
                0x08002fac                DMA2_Channel7_IRQHandler
                0x08002fac                RTC_TAMP_LSECSS_IRQHandler
                0x08002fac                FMAC_IRQHandler
                0x08002fac                EXTI15_10_IRQHandler
                0x08002fac                DMA1_Channel8_IRQHandler
                0x08002fac                HRTIM1_TIMA_IRQHandler
                0x08002fac                TIM7_DAC_IRQHandler
                0x08002fac                FDCAN3_IT1_IRQHandler
                0x08002fac                TIM5_IRQHandler
                0x08002fac                UCPD1_IRQHandler
                0x08002fac                I2C3_EV_IRQHandler
                0x08002fac                EXTI9_5_IRQHandler
                0x08002fac                RTC_WKUP_IRQHandler
                0x08002fac                PVD_PVM_IRQHandler
                0x08002fac                SPI2_IRQHandler
                0x08002fac                MemManage_Handler
                0x08002fac                ADC5_IRQHandler
                0x08002fac                SVC_Handler
                0x08002fac                DMA2_Channel5_IRQHandler
                0x08002fac                CRS_IRQHandler
                0x08002fac                USB_LP_IRQHandler
                0x08002fac                EXTI4_IRQHandler
                0x08002fac                RNG_IRQHandler
                0x08002fac                HRTIM1_TIMB_IRQHandler
                0x08002fac                TIM1_TRG_COM_TIM17_IRQHandler
                0x08002fac                FDCAN2_IT1_IRQHandler
                0x08002fac                DMA1_Channel3_IRQHandler
                0x08002fac                ADC4_IRQHandler
                0x08002fac                WWDG_IRQHandler
                0x08002fac                I2C4_EV_IRQHandler
                0x08002fac                FDCAN2_IT0_IRQHandler
                0x08002fac                LPUART1_IRQHandler
                0x08002fac                DMA2_Channel6_IRQHandler
                0x08002fac                FDCAN1_IT0_IRQHandler
                0x08002fac                COMP7_IRQHandler
                0x08002fac                COMP1_2_3_IRQHandler
                0x08002fac                EXTI1_IRQHandler
                0x08002fac                USART2_IRQHandler
                0x08002fac                COMP4_5_6_IRQHandler
                0x08002fac                TIM20_BRK_IRQHandler
                0x08002fac                I2C2_ER_IRQHandler
                0x08002fac                DMA1_Channel2_IRQHandler
                0x08002fac                TIM8_BRK_IRQHandler
                0x08002fac                FLASH_IRQHandler
                0x08002fac                TIM20_CC_IRQHandler
                0x08002fac                BusFault_Handler
                0x08002fac                USART1_IRQHandler
                0x08002fac                SPI3_IRQHandler
                0x08002fac                I2C1_ER_IRQHandler
                0x08002fac                FMC_IRQHandler
                0x08002fac                LPTIM1_IRQHandler
                0x08002fac                DMAMUX_OVR_IRQHandler
                0x08002fac                I2C4_ER_IRQHandler
                0x08002fac                USBWakeUp_IRQHandler
                0x08002fac                SAI1_IRQHandler
                0x08002fac                DMA2_Channel3_IRQHandler
                0x08002fac                TIM1_BRK_TIM15_IRQHandler
 *fill*         0x08002fae        0x2 
 .text.__libc_init_array
                0x08002fb0       0x50 c:/users/polit/desktop/embedded/arm_12.2/bin/../lib/gcc/arm-none-eabi/12.2.1/thumb/v7e-m+fp/hard\libc.a(libc_a-init.o)
                0x08002fb0                __libc_init_array
 .text.cosf     0x08003000       0x70 c:/users/polit/desktop/embedded/arm_12.2/bin/../lib/gcc/arm-none-eabi/12.2.1/thumb/v7e-m+fp/hard\libm.a(libm_a-sf_cos.o)
                0x08003000                cosf
 .text.sinf     0x08003070       0x74 c:/users/polit/desktop/embedded/arm_12.2/bin/../lib/gcc/arm-none-eabi/12.2.1/thumb/v7e-m+fp/hard\libm.a(libm_a-sf_sin.o)
                0x08003070                sinf
 .text.__kernel_cosf
                0x080030e4      0x104 c:/users/polit/desktop/embedded/arm_12.2/bin/../lib/gcc/arm-none-eabi/12.2.1/thumb/v7e-m+fp/hard\libm.a(libm_a-kf_cos.o)
                0x080030e4                __kernel_cosf
 .text.__kernel_sinf
                0x080031e8       0x90 c:/users/polit/desktop/embedded/arm_12.2/bin/../lib/gcc/arm-none-eabi/12.2.1/thumb/v7e-m+fp/hard\libm.a(libm_a-kf_sin.o)
                0x080031e8                __kernel_sinf
 .text.__ieee754_rem_pio2f
                0x08003278      0x260 c:/users/polit/desktop/embedded/arm_12.2/bin/../lib/gcc/arm-none-eabi/12.2.1/thumb/v7e-m+fp/hard\libm.a(libm_a-ef_rem_pio2.o)
                0x08003278                __ieee754_rem_pio2f
 .text.fabsf    0x080034d8       0x10 c:/users/polit/desktop/embedded/arm_12.2/bin/../lib/gcc/arm-none-eabi/12.2.1/thumb/v7e-m+fp/hard\libm.a(libm_a-sf_fabs.o)
                0x080034d8                fabsf
 .text.__kernel_rem_pio2f
                0x080034e8      0x67c c:/users/polit/desktop/embedded/arm_12.2/bin/../lib/gcc/arm-none-eabi/12.2.1/thumb/v7e-m+fp/hard\libm.a(libm_a-kf_rem_pio2.o)
                0x080034e8                __kernel_rem_pio2f
 .text.scalbnf  0x08003b64       0xe4 c:/users/polit/desktop/embedded/arm_12.2/bin/../lib/gcc/arm-none-eabi/12.2.1/thumb/v7e-m+fp/hard\libm.a(libm_a-sf_scalbn.o)
                0x08003b64                scalbnf
 .text.floorf   0x08003c48       0x94 c:/users/polit/desktop/embedded/arm_12.2/bin/../lib/gcc/arm-none-eabi/12.2.1/thumb/v7e-m+fp/hard\libm.a(libm_a-sf_floor.o)
                0x08003c48                floorf
 .text.__fixsfdi
                0x08003cdc       0x28 c:/users/polit/desktop/embedded/arm_12.2/bin/../lib/gcc/arm-none-eabi/12.2.1/thumb/v7e-m+fp/hard\libgcc.a(_fixsfdi.o)
                0x08003cdc                __fixsfdi
                0x08003cdc                __aeabi_f2lz
 .text.__fixunssfdi
                0x08003d04       0x40 c:/users/polit/desktop/embedded/arm_12.2/bin/../lib/gcc/arm-none-eabi/12.2.1/thumb/v7e-m+fp/hard\libgcc.a(_fixunssfdi.o)
                0x08003d04                __fixunssfdi
                0x08003d04                __aeabi_f2ulz
 *(.glue_7)
 .glue_7        0x08003d44        0x0 linker stubs
 *(.glue_7t)
 .glue_7t       0x08003d44        0x0 linker stubs
 *(.eh_frame)
 *(.init)
 *(.fini)
                0x08003d44                . = ALIGN (0x4)
                0x08003d44                _etext = .

.vfp11_veneer   0x08003d44        0x0
 .vfp11_veneer  0x08003d44        0x0 linker stubs

.v4_bx          0x08003d44        0x0
 .v4_bx         0x08003d44        0x0 linker stubs

.iplt           0x08003d44        0x0
 .iplt          0x08003d44        0x0 build/obj/drivers/startup/startup_stm32g474retx.o

.rodata         0x08003d44      0x3f8
                0x08003d44                . = ALIGN (0x4)
 *(.rodata)
 *(.rodata*)
 .rodata.main.str1.4
                0x08003d44       0x20 C:\Users\polit\AppData\Local\Temp\ccwYOvic.ltrans0.ltrans.o
 .rodata._ZN12ClockManager8hseClockE
                0x08003d64        0x4 C:\Users\polit\AppData\Local\Temp\ccwYOvic.ltrans0.ltrans.o
 .rodata._ZN6Serial7printlnEPKc.str1.4
                0x08003d68        0x2 C:\Users\polit\AppData\Local\Temp\ccwYOvic.ltrans0.ltrans.o
 *fill*         0x08003d6a        0x2 
 .rodata.npio2_hw
                0x08003d6c       0x80 c:/users/polit/desktop/embedded/arm_12.2/bin/../lib/gcc/arm-none-eabi/12.2.1/thumb/v7e-m+fp/hard\libm.a(libm_a-ef_rem_pio2.o)
 .rodata.two_over_pi
                0x08003dec      0x318 c:/users/polit/desktop/embedded/arm_12.2/bin/../lib/gcc/arm-none-eabi/12.2.1/thumb/v7e-m+fp/hard\libm.a(libm_a-ef_rem_pio2.o)
 .rodata.PIo2   0x08004104       0x2c c:/users/polit/desktop/embedded/arm_12.2/bin/../lib/gcc/arm-none-eabi/12.2.1/thumb/v7e-m+fp/hard\libm.a(libm_a-kf_rem_pio2.o)
 .rodata.init_jk
                0x08004130        0xc c:/users/polit/desktop/embedded/arm_12.2/bin/../lib/gcc/arm-none-eabi/12.2.1/thumb/v7e-m+fp/hard\libm.a(libm_a-kf_rem_pio2.o)
                0x0800413c                . = ALIGN (0x4)

.rel.dyn        0x0800413c        0x0
 .rel.iplt      0x0800413c        0x0 build/obj/drivers/startup/startup_stm32g474retx.o

.ARM.extab      0x0800413c        0x0
                0x0800413c                . = ALIGN (0x4)
 *(.ARM.extab* .gnu.linkonce.armextab.*)
                0x0800413c                . = ALIGN (0x4)

.ARM            0x0800413c        0x0
                0x0800413c                . = ALIGN (0x4)
                0x0800413c                __exidx_start = .
 *(.ARM.exidx*)
                0x0800413c                __exidx_end = .
                0x0800413c                . = ALIGN (0x4)

.preinit_array  0x0800413c        0x0
                0x0800413c                . = ALIGN (0x4)
                0x0800413c                PROVIDE (__preinit_array_start = .)
 *(.preinit_array*)
                0x0800413c                PROVIDE (__preinit_array_end = .)
                0x0800413c                . = ALIGN (0x4)

.init_array     0x0800413c        0x4
                0x0800413c                . = ALIGN (0x4)
                0x0800413c                PROVIDE (__init_array_start = .)
 *(SORT_BY_NAME(.init_array.*))
 *(.init_array*)
 .init_array    0x0800413c        0x4 C:\Users\polit\AppData\Local\Temp\ccwYOvic.ltrans0.ltrans.o
                0x08004140                PROVIDE (__init_array_end = .)
                0x08004140                . = ALIGN (0x4)

.fini_array     0x08004140        0x0
                0x08004140                . = ALIGN (0x4)
                [!provide]                PROVIDE (__fini_array_start = .)
 *(SORT_BY_NAME(.fini_array.*))
 *(.fini_array*)
                [!provide]                PROVIDE (__fini_array_end = .)
                0x08004140                . = ALIGN (0x4)
                0x08004140                _sidata = LOADADDR (.data)

.data           0x20000000       0x34 load address 0x08004140
                0x20000000                . = ALIGN (0x4)
                0x20000000                _sdata = .
 *(.data)
 *(.data*)
 .data.normalizedCoeff
                0x20000000        0x4 C:\Users\polit\AppData\Local\Temp\ccwYOvic.ltrans0.ltrans.o
 .data.setiQ    0x20000004        0x4 C:\Users\polit\AppData\Local\Temp\ccwYOvic.ltrans0.ltrans.o
 .data.setMotorSpeed
                0x20000008        0x4 C:\Users\polit\AppData\Local\Temp\ccwYOvic.ltrans0.ltrans.o
 .data.accell   0x2000000c        0x4 C:\Users\polit\AppData\Local\Temp\ccwYOvic.ltrans0.ltrans.o
 .data.inverterPWM
                0x20000010       0x10 C:\Users\polit\AppData\Local\Temp\ccwYOvic.ltrans0.ltrans.o
 .data.AHB2clockFreq
                0x20000020        0x4 C:\Users\polit\AppData\Local\Temp\ccwYOvic.ltrans0.ltrans.o
 .data._ZN12ClockManager9coreClockE
                0x20000024        0x4 C:\Users\polit\AppData\Local\Temp\ccwYOvic.ltrans0.ltrans.o
 .data._ZN12ClockManager8ahbClockE
                0x20000028        0x4 C:\Users\polit\AppData\Local\Temp\ccwYOvic.ltrans0.ltrans.o
 .data._ZN12ClockManager8apbClockE
                0x2000002c        0x4 C:\Users\polit\AppData\Local\Temp\ccwYOvic.ltrans0.ltrans.o
 .data._ZN12ClockManager10timerClockE
                0x20000030        0x4 C:\Users\polit\AppData\Local\Temp\ccwYOvic.ltrans0.ltrans.o
                0x20000034                . = ALIGN (0x4)
                0x20000034                _edata = .

.igot.plt       0x20000034        0x0 load address 0x08004174
 .igot.plt      0x20000034        0x0 build/obj/drivers/startup/startup_stm32g474retx.o
                0x20000034                . = ALIGN (0x4)

.bss            0x20000034      0x2ec load address 0x08004174
                0x20000034                _sbss = .
                0x20000034                __bss_start__ = _sbss
 *(.bss)
 *(.bss*)
 .bss.UARTrxData
                0x20000034       0x32 C:\Users\polit\AppData\Local\Temp\ccwYOvic.ltrans0.ltrans.o
 *fill*         0x20000066        0x2 
 .bss.AdcDmaReadings
                0x20000068        0x6 C:\Users\polit\AppData\Local\Temp\ccwYOvic.ltrans0.ltrans.o
 *fill*         0x2000006e        0x2 
 .bss.iA        0x20000070        0x4 C:\Users\polit\AppData\Local\Temp\ccwYOvic.ltrans0.ltrans.o
 .bss.iB        0x20000074        0x4 C:\Users\polit\AppData\Local\Temp\ccwYOvic.ltrans0.ltrans.o
 .bss.iC        0x20000078        0x4 C:\Users\polit\AppData\Local\Temp\ccwYOvic.ltrans0.ltrans.o
 .bss.iAlpha    0x2000007c        0x4 C:\Users\polit\AppData\Local\Temp\ccwYOvic.ltrans0.ltrans.o
 .bss.iBeta     0x20000080        0x4 C:\Users\polit\AppData\Local\Temp\ccwYOvic.ltrans0.ltrans.o
 .bss.iD        0x20000084        0x4 C:\Users\polit\AppData\Local\Temp\ccwYOvic.ltrans0.ltrans.o
 .bss.iQ        0x20000088        0x4 C:\Users\polit\AppData\Local\Temp\ccwYOvic.ltrans0.ltrans.o
 .bss.setiD     0x2000008c        0x4 C:\Users\polit\AppData\Local\Temp\ccwYOvic.ltrans0.ltrans.o
 .bss.theta     0x20000090        0x4 C:\Users\polit\AppData\Local\Temp\ccwYOvic.ltrans0.ltrans.o
 .bss.lastPrintTime
                0x20000094        0x4 C:\Users\polit\AppData\Local\Temp\ccwYOvic.ltrans0.ltrans.o
 .bss.velChange
                0x20000098        0x4 C:\Users\polit\AppData\Local\Temp\ccwYOvic.ltrans0.ltrans.o
 .bss.SetOLangle
                0x2000009c        0x4 C:\Users\polit\AppData\Local\Temp\ccwYOvic.ltrans0.ltrans.o
 .bss.setUq     0x200000a0        0x4 C:\Users\polit\AppData\Local\Temp\ccwYOvic.ltrans0.ltrans.o
 .bss.setUd     0x200000a4        0x4 C:\Users\polit\AppData\Local\Temp\ccwYOvic.ltrans0.ltrans.o
 .bss.Ualpha    0x200000a8        0x4 C:\Users\polit\AppData\Local\Temp\ccwYOvic.ltrans0.ltrans.o
 .bss.Ubeta     0x200000ac        0x4 C:\Users\polit\AppData\Local\Temp\ccwYOvic.ltrans0.ltrans.o
 .bss.filterediQ
                0x200000b0        0x4 C:\Users\polit\AppData\Local\Temp\ccwYOvic.ltrans0.ltrans.o
 .bss.filterediD
                0x200000b4        0x4 C:\Users\polit\AppData\Local\Temp\ccwYOvic.ltrans0.ltrans.o
 .bss.TIM2loopFlag
                0x200000b8        0x1 C:\Users\polit\AppData\Local\Temp\ccwYOvic.ltrans0.ltrans.o
 *fill*         0x200000b9        0x3 
 .bss.motorState
                0x200000bc        0x4 C:\Users\polit\AppData\Local\Temp\ccwYOvic.ltrans0.ltrans.o
 .bss.motorSpeed
                0x200000c0        0x4 C:\Users\polit\AppData\Local\Temp\ccwYOvic.ltrans0.ltrans.o
 .bss.slopeInterval
                0x200000c4        0x4 C:\Users\polit\AppData\Local\Temp\ccwYOvic.ltrans0.ltrans.o
 .bss.pidUq     0x200000c8       0x40 C:\Users\polit\AppData\Local\Temp\ccwYOvic.ltrans0.ltrans.o
 .bss.pidUd     0x20000108       0x40 C:\Users\polit\AppData\Local\Temp\ccwYOvic.ltrans0.ltrans.o
 .bss.Uabc_pu   0x20000148        0xc C:\Users\polit\AppData\Local\Temp\ccwYOvic.ltrans0.ltrans.o
 .bss._ZZ4mainE14prevMotorState
                0x20000154        0x4 C:\Users\polit\AppData\Local\Temp\ccwYOvic.ltrans0.ltrans.o
 .bss.uartTX    0x20000158        0x8 C:\Users\polit\AppData\Local\Temp\ccwYOvic.ltrans0.ltrans.o
 .bss.uartRX    0x20000160        0x8 C:\Users\polit\AppData\Local\Temp\ccwYOvic.ltrans0.ltrans.o
 .bss.i2cSCL    0x20000168        0x8 C:\Users\polit\AppData\Local\Temp\ccwYOvic.ltrans0.ltrans.o
 .bss.i2cSDA    0x20000170        0x8 C:\Users\polit\AppData\Local\Temp\ccwYOvic.ltrans0.ltrans.o
 .bss.PWMtim2ch1
                0x20000178        0x8 C:\Users\polit\AppData\Local\Temp\ccwYOvic.ltrans0.ltrans.o
 .bss.PWMtim1ch1
                0x20000180        0x8 C:\Users\polit\AppData\Local\Temp\ccwYOvic.ltrans0.ltrans.o
 .bss.PWMtim1ch1N
                0x20000188        0x8 C:\Users\polit\AppData\Local\Temp\ccwYOvic.ltrans0.ltrans.o
 .bss.PWMtim1ch2
                0x20000190        0x8 C:\Users\polit\AppData\Local\Temp\ccwYOvic.ltrans0.ltrans.o
 .bss.PWMtim1ch2N
                0x20000198        0x8 C:\Users\polit\AppData\Local\Temp\ccwYOvic.ltrans0.ltrans.o
 .bss.PWMtim1ch3
                0x200001a0        0x8 C:\Users\polit\AppData\Local\Temp\ccwYOvic.ltrans0.ltrans.o
 .bss.PWMtim1ch3N
                0x200001a8        0x8 C:\Users\polit\AppData\Local\Temp\ccwYOvic.ltrans0.ltrans.o
 .bss.adc1Ch1   0x200001b0        0x8 C:\Users\polit\AppData\Local\Temp\ccwYOvic.ltrans0.ltrans.o
 .bss.adc1Ch8   0x200001b8        0x8 C:\Users\polit\AppData\Local\Temp\ccwYOvic.ltrans0.ltrans.o
 .bss.adc1Ch9   0x200001c0        0x8 C:\Users\polit\AppData\Local\Temp\ccwYOvic.ltrans0.ltrans.o
 .bss.adc2Ch12  0x200001c8        0x8 C:\Users\polit\AppData\Local\Temp\ccwYOvic.ltrans0.ltrans.o
 .bss.led1      0x200001d0        0x8 C:\Users\polit\AppData\Local\Temp\ccwYOvic.ltrans0.ltrans.o
 .bss.led2      0x200001d8        0x8 C:\Users\polit\AppData\Local\Temp\ccwYOvic.ltrans0.ltrans.o
 .bss.led3      0x200001e0        0x8 C:\Users\polit\AppData\Local\Temp\ccwYOvic.ltrans0.ltrans.o
 .bss.led4      0x200001e8        0x8 C:\Users\polit\AppData\Local\Temp\ccwYOvic.ltrans0.ltrans.o
 .bss.led5      0x200001f0        0x8 C:\Users\polit\AppData\Local\Temp\ccwYOvic.ltrans0.ltrans.o
 .bss.uart      0x200001f8      0x110 C:\Users\polit\AppData\Local\Temp\ccwYOvic.ltrans0.ltrans.o
 .bss.i2c3      0x20000308        0x4 C:\Users\polit\AppData\Local\Temp\ccwYOvic.ltrans0.ltrans.o
 .bss.milis     0x2000030c        0x4 C:\Users\polit\AppData\Local\Temp\ccwYOvic.ltrans0.ltrans.o
 .bss._ZN12ClockManager8pllClockE
                0x20000310       0x10 C:\Users\polit\AppData\Local\Temp\ccwYOvic.ltrans0.ltrans.o
 *(COMMON)
                0x20000320                . = ALIGN (0x4)
                0x20000320                _ebss = .
                0x20000320                __bss_end__ = _ebss

._user_heap_stack
                0x20000320      0x600 load address 0x08004174
                0x20000320                . = ALIGN (0x8)
                0x20000320                _sheap = .
                [!provide]                PROVIDE (end = .)
                [!provide]                PROVIDE (_end = .)
                0x20000520                . = (. + _Min_Heap_Size)
 *fill*         0x20000320      0x200 
                0x20000520                _eheap = .
                0x20000920                . = (. + _Min_Stack_Size)
 *fill*         0x20000520      0x400 
                0x20000920                . = ALIGN (0x8)

/DISCARD/
 libc.a(*)
 libm.a(*)
 libgcc.a(*)

.ARM.attributes
                0x00000000       0x32
 *(.ARM.attributes)
 .ARM.attributes
                0x00000000       0x32 C:\Users\polit\AppData\Local\Temp\ccwYOvic.ltrans0.ltrans.o
 .ARM.attributes
                0x00000032       0x21 build/obj/drivers/startup/startup_stm32g474retx.o
 .ARM.attributes
                0x00000053       0x22 c:/users/polit/desktop/embedded/arm_12.2/bin/../lib/gcc/arm-none-eabi/12.2.1/thumb/v7e-m+fp/hard\libgcc.a(_arm_addsubdf3.o)
 .ARM.attributes
                0x00000075       0x22 c:/users/polit/desktop/embedded/arm_12.2/bin/../lib/gcc/arm-none-eabi/12.2.1/thumb/v7e-m+fp/hard\libgcc.a(_arm_truncdfsf2.o)
 .ARM.attributes
                0x00000097       0x22 c:/users/polit/desktop/embedded/arm_12.2/bin/../lib/gcc/arm-none-eabi/12.2.1/thumb/v7e-m+fp/hard\libgcc.a(_arm_addsubsf3.o)
 .ARM.attributes
                0x000000b9       0x34 c:/users/polit/desktop/embedded/arm_12.2/bin/../lib/gcc/arm-none-eabi/12.2.1/thumb/v7e-m+fp/hard\libgcc.a(_fixsfdi.o)
 .ARM.attributes
                0x000000ed       0x34 c:/users/polit/desktop/embedded/arm_12.2/bin/../lib/gcc/arm-none-eabi/12.2.1/thumb/v7e-m+fp/hard\libgcc.a(_fixunssfdi.o)
 .ARM.attributes
                0x00000121       0x22 c:/users/polit/desktop/embedded/arm_12.2/bin/../lib/gcc/arm-none-eabi/12.2.1/thumb/v7e-m+fp/hard\libgcc.a(_arm_muldf3.o)
 .ARM.attributes
                0x00000143       0x22 c:/users/polit/desktop/embedded/arm_12.2/bin/../lib/gcc/arm-none-eabi/12.2.1/thumb/v7e-m+fp/hard\libgcc.a(_arm_fixunsdfsi.o)
OUTPUT(build/BINARY.elf elf32-littlearm)
LOAD linker stubs
LOAD c:/users/polit/desktop/embedded/arm_12.2/bin/../lib/gcc/arm-none-eabi/12.2.1/thumb/v7e-m+fp/hard\libc.a
LOAD c:/users/polit/desktop/embedded/arm_12.2/bin/../lib/gcc/arm-none-eabi/12.2.1/thumb/v7e-m+fp/hard\libm.a
LOAD c:/users/polit/desktop/embedded/arm_12.2/bin/../lib/gcc/arm-none-eabi/12.2.1/thumb/v7e-m+fp/hard\libgcc.a

.debug_info     0x00000000    0x1cfff
 .debug_info    0x00000000     0x1667 C:\Users\polit\AppData\Local\Temp\ccwYOvic.ltrans0.ltrans.o
 .debug_info    0x00001667     0x4b7a C:\Users\polit\AppData\Local\Temp\ccE8I4jo.debug.temp.o
                0x00001667                main.cpp.4a35677e
 .debug_info    0x000061e1     0x3481 C:\Users\polit\AppData\Local\Temp\ccARfm9B.debug.temp.o
                0x000061e1                board.cpp.b5ed38dd
 .debug_info    0x00009662     0x3424 C:\Users\polit\AppData\Local\Temp\ccQS8S7O.debug.temp.o
                0x00009662                UART.cpp.db182d81
 .debug_info    0x0000ca86     0x3dd2 C:\Users\polit\AppData\Local\Temp\ccIVUQf2.debug.temp.o
                0x0000ca86                clock_manager.cpp.79619f8d
 .debug_info    0x00010858      0x39b C:\Users\polit\AppData\Local\Temp\cc2C07vf.debug.temp.o
                0x00010858                gpio.cpp.95cbe42e
 .debug_info    0x00010bf3     0x2ae1 C:\Users\polit\AppData\Local\Temp\ccGWG8Tr.debug.temp.o
                0x00010bf3                i2c.cpp.ebfe27b6
 .debug_info    0x000136d4       0x89 C:\Users\polit\AppData\Local\Temp\ccWm9P0X.debug.temp.o
                0x000136d4                cpp_stubs.cpp.9b99d88a
 .debug_info    0x0001375d      0x882 C:\Users\polit\AppData\Local\Temp\ccSH1Qmd.debug.temp.o
                0x0001375d                new_delete.cpp.62cfa163
 .debug_info    0x00013fdf     0x2a93 C:\Users\polit\AppData\Local\Temp\ccI9eQXs.debug.temp.o
                0x00013fdf                typeConverter.cpp.dd50d242
 .debug_info    0x00016a72     0x2a30 C:\Users\polit\AppData\Local\Temp\ccIO6N2G.debug.temp.o
                0x00016a72                states.cpp.1114ac00
 .debug_info    0x000194a2     0x2e10 C:\Users\polit\AppData\Local\Temp\ccO60DjZ.debug.temp.o
                0x000194a2                hd44780.cpp.9118021e
 .debug_info    0x0001c2b2      0x942 C:\Users\polit\AppData\Local\Temp\ccQg813h.debug.temp.o
                0x0001c2b2                pid.cpp.c944f1da
 .debug_info    0x0001cbf4      0x391 C:\Users\polit\AppData\Local\Temp\ccKcYVHz.debug.temp.o
                0x0001cbf4                system_stm32g4xx.c.3da40204
 .debug_info    0x0001cf85       0x7a C:\Users\polit\AppData\Local\Temp\ccOFEnFR.debug.temp.o
                0x0001cf85                c_stubs.c.0e2ae3c6

.debug_abbrev   0x00000000     0x293a
 .debug_abbrev  0x00000000       0x9b C:\Users\polit\AppData\Local\Temp\ccwYOvic.ltrans0.ltrans.o
 .debug_abbrev  0x0000009b      0x693 C:\Users\polit\AppData\Local\Temp\ccE8I4jo.debug.temp.o
 .debug_abbrev  0x0000072e      0x52d C:\Users\polit\AppData\Local\Temp\ccARfm9B.debug.temp.o
 .debug_abbrev  0x00000c5b      0x457 C:\Users\polit\AppData\Local\Temp\ccQS8S7O.debug.temp.o
 .debug_abbrev  0x000010b2      0x51d C:\Users\polit\AppData\Local\Temp\ccIVUQf2.debug.temp.o
 .debug_abbrev  0x000015cf      0x1d0 C:\Users\polit\AppData\Local\Temp\cc2C07vf.debug.temp.o
 .debug_abbrev  0x0000179f      0x2f2 C:\Users\polit\AppData\Local\Temp\ccGWG8Tr.debug.temp.o
 .debug_abbrev  0x00001a91       0x8a C:\Users\polit\AppData\Local\Temp\ccWm9P0X.debug.temp.o
 .debug_abbrev  0x00001b1b      0x279 C:\Users\polit\AppData\Local\Temp\ccSH1Qmd.debug.temp.o
 .debug_abbrev  0x00001d94      0x262 C:\Users\polit\AppData\Local\Temp\ccI9eQXs.debug.temp.o
 .debug_abbrev  0x00001ff6      0x2b2 C:\Users\polit\AppData\Local\Temp\ccIO6N2G.debug.temp.o
 .debug_abbrev  0x000022a8      0x388 C:\Users\polit\AppData\Local\Temp\ccO60DjZ.debug.temp.o
 .debug_abbrev  0x00002630      0x201 C:\Users\polit\AppData\Local\Temp\ccQg813h.debug.temp.o
 .debug_abbrev  0x00002831       0xaf C:\Users\polit\AppData\Local\Temp\ccKcYVHz.debug.temp.o
 .debug_abbrev  0x000028e0       0x5a C:\Users\polit\AppData\Local\Temp\ccOFEnFR.debug.temp.o

.debug_aranges  0x00000000      0x3f8
 .debug_aranges
                0x00000000      0x3f8 C:\Users\polit\AppData\Local\Temp\ccwYOvic.ltrans0.ltrans.o

.debug_rnglists
                0x00000000      0x315
 .debug_rnglists
                0x00000000      0x315 C:\Users\polit\AppData\Local\Temp\ccwYOvic.ltrans0.ltrans.o

.debug_line     0x00000000     0x292d
 .debug_line    0x00000000     0x2161 C:\Users\polit\AppData\Local\Temp\ccwYOvic.ltrans0.ltrans.o
 .debug_line    0x00002161       0xeb C:\Users\polit\AppData\Local\Temp\ccE8I4jo.debug.temp.o
 .debug_line    0x0000224c       0xd3 C:\Users\polit\AppData\Local\Temp\ccARfm9B.debug.temp.o
 .debug_line    0x0000231f       0xc6 C:\Users\polit\AppData\Local\Temp\ccQS8S7O.debug.temp.o
 .debug_line    0x000023e5       0xd4 C:\Users\polit\AppData\Local\Temp\ccIVUQf2.debug.temp.o
 .debug_line    0x000024b9       0x51 C:\Users\polit\AppData\Local\Temp\cc2C07vf.debug.temp.o
 .debug_line    0x0000250a       0xa6 C:\Users\polit\AppData\Local\Temp\ccGWG8Tr.debug.temp.o
 .debug_line    0x000025b0       0x3a C:\Users\polit\AppData\Local\Temp\ccWm9P0X.debug.temp.o
 .debug_line    0x000025ea       0x71 C:\Users\polit\AppData\Local\Temp\ccSH1Qmd.debug.temp.o
 .debug_line    0x0000265b       0x9d C:\Users\polit\AppData\Local\Temp\ccI9eQXs.debug.temp.o
 .debug_line    0x000026f8       0xaf C:\Users\polit\AppData\Local\Temp\ccIO6N2G.debug.temp.o
 .debug_line    0x000027a7       0xb8 C:\Users\polit\AppData\Local\Temp\ccO60DjZ.debug.temp.o
 .debug_line    0x0000285f       0x48 C:\Users\polit\AppData\Local\Temp\ccQg813h.debug.temp.o
 .debug_line    0x000028a7       0x4c C:\Users\polit\AppData\Local\Temp\ccKcYVHz.debug.temp.o
 .debug_line    0x000028f3       0x3a C:\Users\polit\AppData\Local\Temp\ccOFEnFR.debug.temp.o

.debug_str      0x00000000     0x37fd
 .debug_str     0x00000000      0x13e C:\Users\polit\AppData\Local\Temp\ccwYOvic.ltrans0.ltrans.o
 .debug_str     0x0000013e     0x2573 C:\Users\polit\AppData\Local\Temp\ccE8I4jo.debug.temp.o
                               0x28ac (size before relaxing)
 .debug_str     0x000026b1      0x2eb C:\Users\polit\AppData\Local\Temp\ccARfm9B.debug.temp.o
                               0x1953 (size before relaxing)
 .debug_str     0x0000299c      0x1ba C:\Users\polit\AppData\Local\Temp\ccQS8S7O.debug.temp.o
                               0x1a8e (size before relaxing)
 .debug_str     0x00002b56      0x30e C:\Users\polit\AppData\Local\Temp\ccIVUQf2.debug.temp.o
                               0x209f (size before relaxing)
 .debug_str     0x00002e64       0x6b C:\Users\polit\AppData\Local\Temp\cc2C07vf.debug.temp.o
                                0x40b (size before relaxing)
 .debug_str     0x00002ecf       0x58 C:\Users\polit\AppData\Local\Temp\ccGWG8Tr.debug.temp.o
                               0x104f (size before relaxing)
 .debug_str     0x00002f27       0xc4 C:\Users\polit\AppData\Local\Temp\ccWm9P0X.debug.temp.o
                                0x246 (size before relaxing)
 .debug_str     0x00002feb      0x129 C:\Users\polit\AppData\Local\Temp\ccSH1Qmd.debug.temp.o
                                0x50d (size before relaxing)
 .debug_str     0x00003114       0x7a C:\Users\polit\AppData\Local\Temp\ccI9eQXs.debug.temp.o
                               0x10d3 (size before relaxing)
 .debug_str     0x0000318e      0x161 C:\Users\polit\AppData\Local\Temp\ccIO6N2G.debug.temp.o
                               0x110e (size before relaxing)
 .debug_str     0x000032ef      0x20a C:\Users\polit\AppData\Local\Temp\ccO60DjZ.debug.temp.o
                               0x127d (size before relaxing)
 .debug_str     0x000034f9       0xc1 C:\Users\polit\AppData\Local\Temp\ccQg813h.debug.temp.o
                                0x723 (size before relaxing)
 .debug_str     0x000035ba      0x1e5 C:\Users\polit\AppData\Local\Temp\ccKcYVHz.debug.temp.o
                                0x31f (size before relaxing)
 .debug_str     0x0000379f       0x5e C:\Users\polit\AppData\Local\Temp\ccOFEnFR.debug.temp.o
                                0x18f (size before relaxing)

.comment        0x00000000       0x45
 .comment       0x00000000       0x45 C:\Users\polit\AppData\Local\Temp\ccwYOvic.ltrans0.ltrans.o
                                 0x46 (size before relaxing)

.debug_frame    0x00000000      0xe3c
 .debug_frame   0x00000000      0xc78 C:\Users\polit\AppData\Local\Temp\ccwYOvic.ltrans0.ltrans.o
 .debug_frame   0x00000c78       0xac c:/users/polit/desktop/embedded/arm_12.2/bin/../lib/gcc/arm-none-eabi/12.2.1/thumb/v7e-m+fp/hard\libgcc.a(_arm_addsubdf3.o)
 .debug_frame   0x00000d24       0x24 c:/users/polit/desktop/embedded/arm_12.2/bin/../lib/gcc/arm-none-eabi/12.2.1/thumb/v7e-m+fp/hard\libgcc.a(_arm_truncdfsf2.o)
 .debug_frame   0x00000d48       0x4c c:/users/polit/desktop/embedded/arm_12.2/bin/../lib/gcc/arm-none-eabi/12.2.1/thumb/v7e-m+fp/hard\libgcc.a(_arm_addsubsf3.o)
 .debug_frame   0x00000d94       0x28 c:/users/polit/desktop/embedded/arm_12.2/bin/../lib/gcc/arm-none-eabi/12.2.1/thumb/v7e-m+fp/hard\libgcc.a(_fixsfdi.o)
 .debug_frame   0x00000dbc       0x2c c:/users/polit/desktop/embedded/arm_12.2/bin/../lib/gcc/arm-none-eabi/12.2.1/thumb/v7e-m+fp/hard\libgcc.a(_fixunssfdi.o)
 .debug_frame   0x00000de8       0x30 c:/users/polit/desktop/embedded/arm_12.2/bin/../lib/gcc/arm-none-eabi/12.2.1/thumb/v7e-m+fp/hard\libgcc.a(_arm_muldf3.o)
 .debug_frame   0x00000e18       0x24 c:/users/polit/desktop/embedded/arm_12.2/bin/../lib/gcc/arm-none-eabi/12.2.1/thumb/v7e-m+fp/hard\libgcc.a(_arm_fixunsdfsi.o)

.debug_line_str
                0x00000000      0x614
 .debug_line_str
                0x00000000      0x376 C:\Users\polit\AppData\Local\Temp\ccE8I4jo.debug.temp.o
 .debug_line_str
                0x00000376       0x23 C:\Users\polit\AppData\Local\Temp\ccARfm9B.debug.temp.o
                                0x35e (size before relaxing)
 .debug_line_str
                0x00000399       0x38 C:\Users\polit\AppData\Local\Temp\ccQS8S7O.debug.temp.o
                                0x343 (size before relaxing)
 .debug_line_str
                0x000003d1       0x34 C:\Users\polit\AppData\Local\Temp\ccIVUQf2.debug.temp.o
                                0x382 (size before relaxing)
 .debug_line_str
                0x00000405       0x16 C:\Users\polit\AppData\Local\Temp\cc2C07vf.debug.temp.o
                                 0xd7 (size before relaxing)
 .debug_line_str
                0x0000041b       0x14 C:\Users\polit\AppData\Local\Temp\ccGWG8Tr.debug.temp.o
                                0x2ee (size before relaxing)
 .debug_line_str
                0x0000042f       0x22 C:\Users\polit\AppData\Local\Temp\ccWm9P0X.debug.temp.o
                                 0x5e (size before relaxing)
 .debug_line_str
                0x00000451       0x1d C:\Users\polit\AppData\Local\Temp\ccSH1Qmd.debug.temp.o
                                0x237 (size before relaxing)
 .debug_line_str
                0x0000046e       0x24 C:\Users\polit\AppData\Local\Temp\ccI9eQXs.debug.temp.o
                                0x2fd (size before relaxing)
 .debug_line_str
                0x00000492       0x2a C:\Users\polit\AppData\Local\Temp\ccIO6N2G.debug.temp.o
                                0x2fd (size before relaxing)
 .debug_line_str
                0x000004bc       0x26 C:\Users\polit\AppData\Local\Temp\ccO60DjZ.debug.temp.o
                                0x313 (size before relaxing)
 .debug_line_str
                0x000004e2       0x10 C:\Users\polit\AppData\Local\Temp\ccQg813h.debug.temp.o
                                 0xaf (size before relaxing)
 .debug_line_str
                0x000004f2       0x33 C:\Users\polit\AppData\Local\Temp\ccKcYVHz.debug.temp.o
                                 0xe7 (size before relaxing)
 .debug_line_str
                0x00000525       0x14 C:\Users\polit\AppData\Local\Temp\ccOFEnFR.debug.temp.o
                                 0x56 (size before relaxing)
 .debug_line_str
                0x00000539       0xce c:/users/polit/desktop/embedded/arm_12.2/bin/../lib/gcc/arm-none-eabi/12.2.1/thumb/v7e-m+fp/hard\libgcc.a(_arm_addsubdf3.o)
 .debug_line_str
                0x00000607       0xce c:/users/polit/desktop/embedded/arm_12.2/bin/../lib/gcc/arm-none-eabi/12.2.1/thumb/v7e-m+fp/hard\libgcc.a(_arm_truncdfsf2.o)
 .debug_line_str
                0x00000607        0xd c:/users/polit/desktop/embedded/arm_12.2/bin/../lib/gcc/arm-none-eabi/12.2.1/thumb/v7e-m+fp/hard\libgcc.a(_arm_addsubsf3.o)
                                 0xce (size before relaxing)
 .debug_line_str
                0x00000614       0xce c:/users/polit/desktop/embedded/arm_12.2/bin/../lib/gcc/arm-none-eabi/12.2.1/thumb/v7e-m+fp/hard\libgcc.a(_arm_muldf3.o)
 .debug_line_str
                0x00000614       0xce c:/users/polit/desktop/embedded/arm_12.2/bin/../lib/gcc/arm-none-eabi/12.2.1/thumb/v7e-m+fp/hard\libgcc.a(_arm_fixunsdfsi.o)

Cross Reference Table

Symbol                                            File
ADC1_2_IRQHandler                                 build/obj/drivers/startup/startup_stm32g474retx.o
ADC3_IRQHandler                                   build/obj/drivers/startup/startup_stm32g474retx.o
ADC4_IRQHandler                                   build/obj/drivers/startup/startup_stm32g474retx.o
ADC5_IRQHandler                                   build/obj/drivers/startup/startup_stm32g474retx.o
ADCVin                                            build/obj/./main.o (symbol from plugin)
AHB2clockFreq                                     build/obj/config/board.o (symbol from plugin)
                                                  build/obj/drivers/UART/UART.o (symbol from plugin)
AdcDmaReadings                                    build/obj/./main.o (symbol from plugin)
Buffer<256>::Buffer()                             build/obj/drivers/UART/UART.o (symbol from plugin)
Buffer<256>::Buffer()                             build/obj/drivers/UART/UART.o (symbol from plugin)
Buffer<256>::empty()                              build/obj/drivers/UART/UART.o (symbol from plugin)
Buffer<256>::flush()                              build/obj/drivers/UART/UART.o (symbol from plugin)
Buffer<256>::read(char*)                          build/obj/drivers/UART/UART.o (symbol from plugin)
Buffer<256>::write(char)                          build/obj/drivers/UART/UART.o (symbol from plugin)
BusFault_Handler                                  build/obj/drivers/startup/startup_stm32g474retx.o
COMP1_2_3_IRQHandler                              build/obj/drivers/startup/startup_stm32g474retx.o
COMP4_5_6_IRQHandler                              build/obj/drivers/startup/startup_stm32g474retx.o
COMP7_IRQHandler                                  build/obj/drivers/startup/startup_stm32g474retx.o
CORDIC_IRQHandler                                 build/obj/drivers/startup/startup_stm32g474retx.o
CRS_IRQHandler                                    build/obj/drivers/startup/startup_stm32g474retx.o
ClockManager::ahbClock                            build/obj/drivers/clock_manager/clock_manager.o (symbol from plugin)
ClockManager::apbClock                            build/obj/drivers/clock_manager/clock_manager.o (symbol from plugin)
ClockManager::clockSummary()                      build/obj/drivers/clock_manager/clock_manager.o (symbol from plugin)
ClockManager::coreClock                           build/obj/drivers/clock_manager/clock_manager.o (symbol from plugin)
ClockManager::enableClk(unsigned long volatile&, unsigned long) build/obj/drivers/clock_manager/clock_manager.o (symbol from plugin)
ClockManager::hseClock                            build/obj/config/board.o (symbol from plugin)
                                                  build/obj/drivers/clock_manager/clock_manager.o (symbol from plugin)
ClockManager::hseInit()                           build/obj/drivers/clock_manager/clock_manager.o (symbol from plugin)
                                                  build/obj/./main.o (symbol from plugin)
ClockManager::initTick()                          build/obj/drivers/clock_manager/clock_manager.o (symbol from plugin)
                                                  build/obj/./main.o (symbol from plugin)
ClockManager::internalFreqUpdate(unsigned long)   build/obj/drivers/clock_manager/clock_manager.o (symbol from plugin)
ClockManager::micros()                            build/obj/drivers/clock_manager/clock_manager.o (symbol from plugin)
ClockManager::pllCfg(int, int, int, ClockManager::pllDiv, ClockManager::pllDiv) build/obj/drivers/clock_manager/clock_manager.o (symbol from plugin)
                                                  build/obj/./main.o (symbol from plugin)
ClockManager::pllClock                            build/obj/drivers/clock_manager/clock_manager.o (symbol from plugin)
ClockManager::setSysClk(clkSrc)                   build/obj/drivers/clock_manager/clock_manager.o (symbol from plugin)
                                                  build/obj/./main.o (symbol from plugin)
ClockManager::timerClock                          build/obj/drivers/clock_manager/clock_manager.o (symbol from plugin)
ClockManager::updatePll()                         build/obj/drivers/clock_manager/clock_manager.o (symbol from plugin)
DMA1_Channel1_IRQHandler                          build/obj/drivers/startup/startup_stm32g474retx.o
DMA1_Channel2_IRQHandler                          build/obj/drivers/startup/startup_stm32g474retx.o
DMA1_Channel3_IRQHandler                          build/obj/drivers/startup/startup_stm32g474retx.o
DMA1_Channel4_IRQHandler                          build/obj/drivers/startup/startup_stm32g474retx.o
DMA1_Channel5_IRQHandler                          C:\Users\polit\AppData\Local\Temp\ccwYOvic.ltrans0.ltrans.o
                                                  build/obj/drivers/startup/startup_stm32g474retx.o
                                                  build/obj/./main.o (symbol from plugin)
DMA1_Channel6_IRQHandler                          build/obj/drivers/startup/startup_stm32g474retx.o
DMA1_Channel7_IRQHandler                          build/obj/drivers/startup/startup_stm32g474retx.o
DMA1_Channel8_IRQHandler                          build/obj/drivers/startup/startup_stm32g474retx.o
DMA2_Channel1_IRQHandler                          build/obj/drivers/startup/startup_stm32g474retx.o
DMA2_Channel2_IRQHandler                          build/obj/drivers/startup/startup_stm32g474retx.o
DMA2_Channel3_IRQHandler                          build/obj/drivers/startup/startup_stm32g474retx.o
DMA2_Channel4_IRQHandler                          build/obj/drivers/startup/startup_stm32g474retx.o
DMA2_Channel5_IRQHandler                          build/obj/drivers/startup/startup_stm32g474retx.o
DMA2_Channel6_IRQHandler                          build/obj/drivers/startup/startup_stm32g474retx.o
DMA2_Channel7_IRQHandler                          build/obj/drivers/startup/startup_stm32g474retx.o
DMA2_Channel8_IRQHandler                          build/obj/drivers/startup/startup_stm32g474retx.o
DMAMUX_OVR_IRQHandler                             build/obj/drivers/startup/startup_stm32g474retx.o
DebugMon_Handler                                  build/obj/drivers/startup/startup_stm32g474retx.o
Default_Handler                                   build/obj/drivers/startup/startup_stm32g474retx.o
EXTI0_IRQHandler                                  build/obj/drivers/startup/startup_stm32g474retx.o
EXTI15_10_IRQHandler                              build/obj/drivers/startup/startup_stm32g474retx.o
EXTI1_IRQHandler                                  build/obj/drivers/startup/startup_stm32g474retx.o
EXTI2_IRQHandler                                  build/obj/drivers/startup/startup_stm32g474retx.o
EXTI3_IRQHandler                                  build/obj/drivers/startup/startup_stm32g474retx.o
EXTI4_IRQHandler                                  build/obj/drivers/startup/startup_stm32g474retx.o
EXTI9_5_IRQHandler                                build/obj/drivers/startup/startup_stm32g474retx.o
FDCAN1_IT0_IRQHandler                             build/obj/drivers/startup/startup_stm32g474retx.o
FDCAN1_IT1_IRQHandler                             build/obj/drivers/startup/startup_stm32g474retx.o
FDCAN2_IT0_IRQHandler                             build/obj/drivers/startup/startup_stm32g474retx.o
FDCAN2_IT1_IRQHandler                             build/obj/drivers/startup/startup_stm32g474retx.o
FDCAN3_IT0_IRQHandler                             build/obj/drivers/startup/startup_stm32g474retx.o
FDCAN3_IT1_IRQHandler                             build/obj/drivers/startup/startup_stm32g474retx.o
FLASH_IRQHandler                                  build/obj/drivers/startup/startup_stm32g474retx.o
FMAC_IRQHandler                                   build/obj/drivers/startup/startup_stm32g474retx.o
FMC_IRQHandler                                    build/obj/drivers/startup/startup_stm32g474retx.o
FPU_IRQHandler                                    build/obj/drivers/startup/startup_stm32g474retx.o
GPIO::GPIO(GPIO_TypeDef*, unsigned char, GPIOmode, GPIOtype, GPIOspeed, GPIOpull, unsigned char) build/obj/drivers/gpio/gpio.o (symbol from plugin)
GPIO::GPIO(GPIO_TypeDef*, unsigned char, GPIOmode, GPIOtype, GPIOspeed, GPIOpull, unsigned char) build/obj/drivers/gpio/gpio.o (symbol from plugin)
                                                  build/obj/config/board.o (symbol from plugin)
GPIO::reset()                                     build/obj/drivers/gpio/gpio.o (symbol from plugin)
GPIO::set()                                       build/obj/drivers/gpio/gpio.o (symbol from plugin)
                                                  build/obj/./main.o (symbol from plugin)
GPIO::setPinMode(GPIOmode)                        build/obj/drivers/gpio/gpio.o (symbol from plugin)
GPIO::toggle()                                    build/obj/drivers/gpio/gpio.o (symbol from plugin)
                                                  build/obj/./main.o (symbol from plugin)
HD44780::HD44780(I2C*, unsigned char, unsigned char, unsigned char) build/obj/lib/lcd/hd44780.o (symbol from plugin)
HD44780::HD44780(I2C*, unsigned char, unsigned char, unsigned char) build/obj/lib/lcd/hd44780.o (symbol from plugin)
HD44780::Init()                                   build/obj/lib/lcd/hd44780.o (symbol from plugin)
HD44780::backLight(bool)                          build/obj/lib/lcd/hd44780.o (symbol from plugin)
HD44780::busy()                                   build/obj/lib/lcd/hd44780.o (symbol from plugin)
HD44780::clear()                                  build/obj/lib/lcd/hd44780.o (symbol from plugin)
HD44780::executeIfNotBusy(void (*)())             build/obj/lib/lcd/hd44780.o (symbol from plugin)
HD44780::print(char const*)                       build/obj/lib/lcd/hd44780.o (symbol from plugin)
HD44780::returnHome()                             build/obj/lib/lcd/hd44780.o (symbol from plugin)
HD44780::sendByte(unsigned char, modes)           build/obj/lib/lcd/hd44780.o (symbol from plugin)
HD44780::sendChar(char)                           build/obj/lib/lcd/hd44780.o (symbol from plugin)
HD44780::sendHalfByte(unsigned char, modes)       build/obj/lib/lcd/hd44780.o (symbol from plugin)
HD44780::setPosition(unsigned char, unsigned char) build/obj/lib/lcd/hd44780.o (symbol from plugin)
HRTIM1_FLT_IRQHandler                             build/obj/drivers/startup/startup_stm32g474retx.o
HRTIM1_Master_IRQHandler                          build/obj/drivers/startup/startup_stm32g474retx.o
HRTIM1_TIMA_IRQHandler                            build/obj/drivers/startup/startup_stm32g474retx.o
HRTIM1_TIMB_IRQHandler                            build/obj/drivers/startup/startup_stm32g474retx.o
HRTIM1_TIMC_IRQHandler                            build/obj/drivers/startup/startup_stm32g474retx.o
HRTIM1_TIMD_IRQHandler                            build/obj/drivers/startup/startup_stm32g474retx.o
HRTIM1_TIME_IRQHandler                            build/obj/drivers/startup/startup_stm32g474retx.o
HRTIM1_TIMF_IRQHandler                            build/obj/drivers/startup/startup_stm32g474retx.o
HardFault_Handler                                 build/obj/drivers/startup/startup_stm32g474retx.o
I2C1_ER_IRQHandler                                build/obj/drivers/startup/startup_stm32g474retx.o
I2C1_EV_IRQHandler                                build/obj/drivers/startup/startup_stm32g474retx.o
I2C2_ER_IRQHandler                                build/obj/drivers/startup/startup_stm32g474retx.o
I2C2_EV_IRQHandler                                build/obj/drivers/startup/startup_stm32g474retx.o
I2C3_ER_IRQHandler                                build/obj/drivers/startup/startup_stm32g474retx.o
I2C3_EV_IRQHandler                                build/obj/drivers/startup/startup_stm32g474retx.o
I2C4_ER_IRQHandler                                build/obj/drivers/startup/startup_stm32g474retx.o
I2C4_EV_IRQHandler                                build/obj/drivers/startup/startup_stm32g474retx.o
I2C::I2C(I2C_TypeDef*)                            build/obj/drivers/i2c/i2c.o (symbol from plugin)
                                                  build/obj/config/board.o (symbol from plugin)
I2C::I2C(I2C_TypeDef*)                            build/obj/drivers/i2c/i2c.o (symbol from plugin)
I2C::recieveByte(unsigned char)                   build/obj/drivers/i2c/i2c.o (symbol from plugin)
                                                  build/obj/lib/lcd/hd44780.o (symbol from plugin)
I2C::sendByte(unsigned char*, unsigned char)      build/obj/drivers/i2c/i2c.o (symbol from plugin)
                                                  build/obj/lib/lcd/hd44780.o (symbol from plugin)
I2C::sendBytes(unsigned char*, unsigned char, unsigned char) build/obj/drivers/i2c/i2c.o (symbol from plugin)
Init()                                            build/obj/./main.o (symbol from plugin)
LCDstring                                         build/obj/./main.o (symbol from plugin)
LPTIM1_IRQHandler                                 build/obj/drivers/startup/startup_stm32g474retx.o
LPUART1_IRQHandler                                build/obj/drivers/startup/startup_stm32g474retx.o
MemManage_Handler                                 build/obj/drivers/startup/startup_stm32g474retx.o
NMI_Handler                                       build/obj/drivers/startup/startup_stm32g474retx.o
PID::Compute()                                    build/obj/lib/PID/pid.o (symbol from plugin)
                                                  build/obj/./main.o (symbol from plugin)
PID::GetDirection()                               build/obj/lib/PID/pid.o (symbol from plugin)
PID::GetKd()                                      build/obj/lib/PID/pid.o (symbol from plugin)
PID::GetKi()                                      build/obj/lib/PID/pid.o (symbol from plugin)
PID::GetKp()                                      build/obj/lib/PID/pid.o (symbol from plugin)
PID::GetMode()                                    build/obj/lib/PID/pid.o (symbol from plugin)
PID::Init()                                       build/obj/lib/PID/pid.o (symbol from plugin)
                                                  build/obj/./main.o (symbol from plugin)
PID::Init(float*, float*, float*, float, float, float, PIDCD_TypeDef) build/obj/lib/PID/pid.o (symbol from plugin)
PID::Init(float*, float*, float*, float, float, float, PIDPON_TypeDef, PIDCD_TypeDef) build/obj/lib/PID/pid.o (symbol from plugin)
PID::PID()                                        build/obj/lib/PID/pid.o (symbol from plugin)
PID::PID()                                        build/obj/lib/PID/pid.o (symbol from plugin)
PID::PID(float*, float*, float*, float, float, float, PIDCD_TypeDef) build/obj/lib/PID/pid.o (symbol from plugin)
PID::PID(float*, float*, float*, float, float, float, PIDCD_TypeDef) build/obj/lib/PID/pid.o (symbol from plugin)
PID::PID(float*, float*, float*, float, float, float, PIDPON_TypeDef, PIDCD_TypeDef) build/obj/lib/PID/pid.o (symbol from plugin)
                                                  build/obj/./main.o (symbol from plugin)
PID::PID(float*, float*, float*, float, float, float, PIDPON_TypeDef, PIDCD_TypeDef) build/obj/lib/PID/pid.o (symbol from plugin)
PID::SetControllerDirection(PIDCD_TypeDef)        build/obj/lib/PID/pid.o (symbol from plugin)
PID::SetMode(PIDMode_TypeDef)                     build/obj/lib/PID/pid.o (symbol from plugin)
                                                  build/obj/./main.o (symbol from plugin)
PID::SetOutputLimits(float, float)                build/obj/lib/PID/pid.o (symbol from plugin)
                                                  build/obj/./main.o (symbol from plugin)
PID::SetSampleTime(long)                          build/obj/lib/PID/pid.o (symbol from plugin)
PID::SetTunings(float, float, float)              build/obj/lib/PID/pid.o (symbol from plugin)
PID::SetTunings(float, float, float, PIDPON_TypeDef) build/obj/lib/PID/pid.o (symbol from plugin)
PVD_PVM_IRQHandler                                build/obj/drivers/startup/startup_stm32g474retx.o
PWMtim1ch1                                        build/obj/config/board.o (symbol from plugin)
PWMtim1ch1N                                       build/obj/config/board.o (symbol from plugin)
PWMtim1ch2                                        build/obj/config/board.o (symbol from plugin)
PWMtim1ch2N                                       build/obj/config/board.o (symbol from plugin)
PWMtim1ch3                                        build/obj/config/board.o (symbol from plugin)
PWMtim1ch3N                                       build/obj/config/board.o (symbol from plugin)
PWMtim2ch1                                        build/obj/config/board.o (symbol from plugin)
PendSV_Handler                                    build/obj/drivers/startup/startup_stm32g474retx.o
QUADSPI_IRQHandler                                build/obj/drivers/startup/startup_stm32g474retx.o
RCC_IRQHandler                                    build/obj/drivers/startup/startup_stm32g474retx.o
RNG_IRQHandler                                    build/obj/drivers/startup/startup_stm32g474retx.o
RTC_Alarm_IRQHandler                              build/obj/drivers/startup/startup_stm32g474retx.o
RTC_TAMP_LSECSS_IRQHandler                        build/obj/drivers/startup/startup_stm32g474retx.o
RTC_WKUP_IRQHandler                               build/obj/drivers/startup/startup_stm32g474retx.o
Reset_Handler                                     build/obj/drivers/startup/startup_stm32g474retx.o
SAI1_IRQHandler                                   build/obj/drivers/startup/startup_stm32g474retx.o
SPI1_IRQHandler                                   build/obj/drivers/startup/startup_stm32g474retx.o
SPI2_IRQHandler                                   build/obj/drivers/startup/startup_stm32g474retx.o
SPI3_IRQHandler                                   build/obj/drivers/startup/startup_stm32g474retx.o
SPI4_IRQHandler                                   build/obj/drivers/startup/startup_stm32g474retx.o
SVC_Handler                                       build/obj/drivers/startup/startup_stm32g474retx.o
Serial::Serial(USART_TypeDef*, int)               build/obj/drivers/UART/UART.o (symbol from plugin)
                                                  build/obj/config/board.o (symbol from plugin)
Serial::Serial(USART_TypeDef*, int)               build/obj/drivers/UART/UART.o (symbol from plugin)
Serial::available()                               build/obj/drivers/UART/UART.o (symbol from plugin)
Serial::bufferFlush()                             build/obj/drivers/UART/UART.o (symbol from plugin)
                                                  build/obj/./main.o (symbol from plugin)
Serial::interrupt()                               build/obj/drivers/UART/UART.o (symbol from plugin)
                                                  build/obj/config/board.o (symbol from plugin)
Serial::print(char const*)                        build/obj/drivers/UART/UART.o (symbol from plugin)
                                                  build/obj/drivers/clock_manager/clock_manager.o (symbol from plugin)
                                                  build/obj/./main.o (symbol from plugin)
Serial::print(double, unsigned char)              build/obj/drivers/UART/UART.o (symbol from plugin)
                                                  build/obj/./main.o (symbol from plugin)
Serial::print(int)                                build/obj/drivers/UART/UART.o (symbol from plugin)
                                                  build/obj/./main.o (symbol from plugin)
Serial::println(char const*)                      build/obj/drivers/UART/UART.o (symbol from plugin)
Serial::println(double, unsigned char)            build/obj/drivers/UART/UART.o (symbol from plugin)
                                                  build/obj/drivers/clock_manager/clock_manager.o (symbol from plugin)
                                                  build/obj/./main.o (symbol from plugin)
Serial::println(int)                              build/obj/drivers/UART/UART.o (symbol from plugin)
Serial::readChar()                                build/obj/drivers/UART/UART.o (symbol from plugin)
Serial::readTillEOL(char*)                        build/obj/drivers/UART/UART.o (symbol from plugin)
                                                  build/obj/./main.o (symbol from plugin)
Serial::sendChar(char)                            build/obj/drivers/UART/UART.o (symbol from plugin)
SetOLangle                                        build/obj/./main.o (symbol from plugin)
States::checkState()                              build/obj/lib/states/states.o (symbol from plugin)
States::currentStateInt                           build/obj/lib/states/states.o (symbol from plugin)
States::maxStateInt                               build/obj/lib/states/states.o (symbol from plugin)
States::picker                                    build/obj/lib/states/states.o (symbol from plugin)
States::setInitState(StateNames)                  build/obj/lib/states/states.o (symbol from plugin)
States::setState(StateNames)                      build/obj/lib/states/states.o (symbol from plugin)
States::updateState()                             build/obj/lib/states/states.o (symbol from plugin)
SysTick_Handler                                   C:\Users\polit\AppData\Local\Temp\ccwYOvic.ltrans0.ltrans.o
                                                  build/obj/drivers/startup/startup_stm32g474retx.o
                                                  build/obj/drivers/clock_manager/clock_manager.o (symbol from plugin)
SystemInit                                        C:\Users\polit\AppData\Local\Temp\ccwYOvic.ltrans0.ltrans.o
                                                  build/obj/drivers/startup/system_stm32g4xx.o (symbol from plugin)
                                                  build/obj/drivers/startup/startup_stm32g474retx.o
TIM1_BRK_TIM15_IRQHandler                         build/obj/drivers/startup/startup_stm32g474retx.o
TIM1_CC_IRQHandler                                build/obj/drivers/startup/startup_stm32g474retx.o
TIM1_TRG_COM_TIM17_IRQHandler                     build/obj/drivers/startup/startup_stm32g474retx.o
TIM1_UP_TIM16_IRQHandler                          build/obj/drivers/startup/startup_stm32g474retx.o
TIM20_BRK_IRQHandler                              build/obj/drivers/startup/startup_stm32g474retx.o
TIM20_CC_IRQHandler                               build/obj/drivers/startup/startup_stm32g474retx.o
TIM20_TRG_COM_IRQHandler                          build/obj/drivers/startup/startup_stm32g474retx.o
TIM20_UP_IRQHandler                               build/obj/drivers/startup/startup_stm32g474retx.o
TIM2_IRQHandler                                   C:\Users\polit\AppData\Local\Temp\ccwYOvic.ltrans0.ltrans.o
                                                  build/obj/drivers/startup/startup_stm32g474retx.o
                                                  build/obj/./main.o (symbol from plugin)
TIM2loopFlag                                      build/obj/./main.o (symbol from plugin)
TIM3_IRQHandler                                   build/obj/drivers/startup/startup_stm32g474retx.o
TIM4_IRQHandler                                   build/obj/drivers/startup/startup_stm32g474retx.o
TIM5_IRQHandler                                   build/obj/drivers/startup/startup_stm32g474retx.o
TIM6_DAC_IRQHandler                               build/obj/drivers/startup/startup_stm32g474retx.o
TIM7_DAC_IRQHandler                               build/obj/drivers/startup/startup_stm32g474retx.o
TIM8_BRK_IRQHandler                               build/obj/drivers/startup/startup_stm32g474retx.o
TIM8_CC_IRQHandler                                build/obj/drivers/startup/startup_stm32g474retx.o
TIM8_TRG_COM_IRQHandler                           build/obj/drivers/startup/startup_stm32g474retx.o
TIM8_UP_IRQHandler                                build/obj/drivers/startup/startup_stm32g474retx.o
UART.cpp.db182d81                                 C:\Users\polit\AppData\Local\Temp\ccQS8S7O.debug.temp.o
                                                  C:\Users\polit\AppData\Local\Temp\ccwYOvic.ltrans0.ltrans.o
UART4_IRQHandler                                  build/obj/drivers/startup/startup_stm32g474retx.o
UART5_IRQHandler                                  C:\Users\polit\AppData\Local\Temp\ccwYOvic.ltrans0.ltrans.o
                                                  build/obj/drivers/startup/startup_stm32g474retx.o
                                                  build/obj/config/board.o (symbol from plugin)
UARTprevTime                                      build/obj/./main.o (symbol from plugin)
UARTrxData                                        build/obj/./main.o (symbol from plugin)
UCPD1_IRQHandler                                  build/obj/drivers/startup/startup_stm32g474retx.o
USART1_IRQHandler                                 build/obj/drivers/startup/startup_stm32g474retx.o
USART2_IRQHandler                                 build/obj/drivers/startup/startup_stm32g474retx.o
USART3_IRQHandler                                 build/obj/drivers/startup/startup_stm32g474retx.o
USBWakeUp_IRQHandler                              build/obj/drivers/startup/startup_stm32g474retx.o
USB_HP_IRQHandler                                 build/obj/drivers/startup/startup_stm32g474retx.o
USB_LP_IRQHandler                                 build/obj/drivers/startup/startup_stm32g474retx.o
Uabc_pu                                           build/obj/./main.o (symbol from plugin)
Ualpha                                            build/obj/./main.o (symbol from plugin)
Ubeta                                             build/obj/./main.o (symbol from plugin)
UsageFault_Handler                                build/obj/drivers/startup/startup_stm32g474retx.o
WWDG_IRQHandler                                   build/obj/drivers/startup/startup_stm32g474retx.o
__adddf3                                          c:/users/polit/desktop/embedded/arm_12.2/bin/../lib/gcc/arm-none-eabi/12.2.1/thumb/v7e-m+fp/hard\libgcc.a(_arm_addsubdf3.o)
__addsf3                                          c:/users/polit/desktop/embedded/arm_12.2/bin/../lib/gcc/arm-none-eabi/12.2.1/thumb/v7e-m+fp/hard\libgcc.a(_arm_addsubsf3.o)
__aeabi_d2f                                       c:/users/polit/desktop/embedded/arm_12.2/bin/../lib/gcc/arm-none-eabi/12.2.1/thumb/v7e-m+fp/hard\libgcc.a(_arm_truncdfsf2.o)
                                                  C:\Users\polit\AppData\Local\Temp\ccwYOvic.ltrans0.ltrans.o
__aeabi_d2uiz                                     c:/users/polit/desktop/embedded/arm_12.2/bin/../lib/gcc/arm-none-eabi/12.2.1/thumb/v7e-m+fp/hard\libgcc.a(_arm_fixunsdfsi.o)
                                                  c:/users/polit/desktop/embedded/arm_12.2/bin/../lib/gcc/arm-none-eabi/12.2.1/thumb/v7e-m+fp/hard\libgcc.a(_fixunssfdi.o)
__aeabi_dadd                                      c:/users/polit/desktop/embedded/arm_12.2/bin/../lib/gcc/arm-none-eabi/12.2.1/thumb/v7e-m+fp/hard\libgcc.a(_arm_addsubdf3.o)
__aeabi_dmul                                      c:/users/polit/desktop/embedded/arm_12.2/bin/../lib/gcc/arm-none-eabi/12.2.1/thumb/v7e-m+fp/hard\libgcc.a(_arm_muldf3.o)
                                                  c:/users/polit/desktop/embedded/arm_12.2/bin/../lib/gcc/arm-none-eabi/12.2.1/thumb/v7e-m+fp/hard\libgcc.a(_fixunssfdi.o)
__aeabi_drsub                                     c:/users/polit/desktop/embedded/arm_12.2/bin/../lib/gcc/arm-none-eabi/12.2.1/thumb/v7e-m+fp/hard\libgcc.a(_arm_addsubdf3.o)
__aeabi_dsub                                      c:/users/polit/desktop/embedded/arm_12.2/bin/../lib/gcc/arm-none-eabi/12.2.1/thumb/v7e-m+fp/hard\libgcc.a(_arm_addsubdf3.o)
                                                  c:/users/polit/desktop/embedded/arm_12.2/bin/../lib/gcc/arm-none-eabi/12.2.1/thumb/v7e-m+fp/hard\libgcc.a(_fixunssfdi.o)
__aeabi_f2d                                       c:/users/polit/desktop/embedded/arm_12.2/bin/../lib/gcc/arm-none-eabi/12.2.1/thumb/v7e-m+fp/hard\libgcc.a(_arm_addsubdf3.o)
                                                  c:/users/polit/desktop/embedded/arm_12.2/bin/../lib/gcc/arm-none-eabi/12.2.1/thumb/v7e-m+fp/hard\libgcc.a(_fixunssfdi.o)
                                                  C:\Users\polit\AppData\Local\Temp\ccwYOvic.ltrans0.ltrans.o
__aeabi_f2lz                                      c:/users/polit/desktop/embedded/arm_12.2/bin/../lib/gcc/arm-none-eabi/12.2.1/thumb/v7e-m+fp/hard\libgcc.a(_fixsfdi.o)
                                                  C:\Users\polit\AppData\Local\Temp\ccwYOvic.ltrans0.ltrans.o
__aeabi_f2ulz                                     c:/users/polit/desktop/embedded/arm_12.2/bin/../lib/gcc/arm-none-eabi/12.2.1/thumb/v7e-m+fp/hard\libgcc.a(_fixunssfdi.o)
                                                  c:/users/polit/desktop/embedded/arm_12.2/bin/../lib/gcc/arm-none-eabi/12.2.1/thumb/v7e-m+fp/hard\libgcc.a(_fixsfdi.o)
__aeabi_fadd                                      c:/users/polit/desktop/embedded/arm_12.2/bin/../lib/gcc/arm-none-eabi/12.2.1/thumb/v7e-m+fp/hard\libgcc.a(_arm_addsubsf3.o)
__aeabi_frsub                                     c:/users/polit/desktop/embedded/arm_12.2/bin/../lib/gcc/arm-none-eabi/12.2.1/thumb/v7e-m+fp/hard\libgcc.a(_arm_addsubsf3.o)
__aeabi_fsub                                      c:/users/polit/desktop/embedded/arm_12.2/bin/../lib/gcc/arm-none-eabi/12.2.1/thumb/v7e-m+fp/hard\libgcc.a(_arm_addsubsf3.o)
__aeabi_i2d                                       c:/users/polit/desktop/embedded/arm_12.2/bin/../lib/gcc/arm-none-eabi/12.2.1/thumb/v7e-m+fp/hard\libgcc.a(_arm_addsubdf3.o)
__aeabi_i2f                                       c:/users/polit/desktop/embedded/arm_12.2/bin/../lib/gcc/arm-none-eabi/12.2.1/thumb/v7e-m+fp/hard\libgcc.a(_arm_addsubsf3.o)
__aeabi_l2d                                       c:/users/polit/desktop/embedded/arm_12.2/bin/../lib/gcc/arm-none-eabi/12.2.1/thumb/v7e-m+fp/hard\libgcc.a(_arm_addsubdf3.o)
__aeabi_l2f                                       c:/users/polit/desktop/embedded/arm_12.2/bin/../lib/gcc/arm-none-eabi/12.2.1/thumb/v7e-m+fp/hard\libgcc.a(_arm_addsubsf3.o)
                                                  C:\Users\polit\AppData\Local\Temp\ccwYOvic.ltrans0.ltrans.o
__aeabi_ui2d                                      c:/users/polit/desktop/embedded/arm_12.2/bin/../lib/gcc/arm-none-eabi/12.2.1/thumb/v7e-m+fp/hard\libgcc.a(_arm_addsubdf3.o)
                                                  c:/users/polit/desktop/embedded/arm_12.2/bin/../lib/gcc/arm-none-eabi/12.2.1/thumb/v7e-m+fp/hard\libgcc.a(_fixunssfdi.o)
__aeabi_ui2f                                      c:/users/polit/desktop/embedded/arm_12.2/bin/../lib/gcc/arm-none-eabi/12.2.1/thumb/v7e-m+fp/hard\libgcc.a(_arm_addsubsf3.o)
__aeabi_ul2d                                      c:/users/polit/desktop/embedded/arm_12.2/bin/../lib/gcc/arm-none-eabi/12.2.1/thumb/v7e-m+fp/hard\libgcc.a(_arm_addsubdf3.o)
__aeabi_ul2f                                      c:/users/polit/desktop/embedded/arm_12.2/bin/../lib/gcc/arm-none-eabi/12.2.1/thumb/v7e-m+fp/hard\libgcc.a(_arm_addsubsf3.o)
__cxa_pure_virtual                                build/obj/lib/stubs/cpp_stubs.o (symbol from plugin)
__dso_handle                                      build/obj/lib/stubs/c_stubs.o (symbol from plugin)
__errno                                           C:\Users\polit\AppData\Local\Temp\ccwYOvic.ltrans0.ltrans.o
                                                  build/obj/lib/stubs/c_stubs.o (symbol from plugin)
                                                  c:/users/polit/desktop/embedded/arm_12.2/bin/../lib/gcc/arm-none-eabi/12.2.1/thumb/v7e-m+fp/hard\libc.a(libc_a-sysconf.o)
__extendsfdf2                                     c:/users/polit/desktop/embedded/arm_12.2/bin/../lib/gcc/arm-none-eabi/12.2.1/thumb/v7e-m+fp/hard\libgcc.a(_arm_addsubdf3.o)
__fixsfdi                                         c:/users/polit/desktop/embedded/arm_12.2/bin/../lib/gcc/arm-none-eabi/12.2.1/thumb/v7e-m+fp/hard\libgcc.a(_fixsfdi.o)
__fixunsdfsi                                      c:/users/polit/desktop/embedded/arm_12.2/bin/../lib/gcc/arm-none-eabi/12.2.1/thumb/v7e-m+fp/hard\libgcc.a(_arm_fixunsdfsi.o)
__fixunssfdi                                      c:/users/polit/desktop/embedded/arm_12.2/bin/../lib/gcc/arm-none-eabi/12.2.1/thumb/v7e-m+fp/hard\libgcc.a(_fixunssfdi.o)
__floatdidf                                       c:/users/polit/desktop/embedded/arm_12.2/bin/../lib/gcc/arm-none-eabi/12.2.1/thumb/v7e-m+fp/hard\libgcc.a(_arm_addsubdf3.o)
__floatdisf                                       c:/users/polit/desktop/embedded/arm_12.2/bin/../lib/gcc/arm-none-eabi/12.2.1/thumb/v7e-m+fp/hard\libgcc.a(_arm_addsubsf3.o)
__floatsidf                                       c:/users/polit/desktop/embedded/arm_12.2/bin/../lib/gcc/arm-none-eabi/12.2.1/thumb/v7e-m+fp/hard\libgcc.a(_arm_addsubdf3.o)
__floatsisf                                       c:/users/polit/desktop/embedded/arm_12.2/bin/../lib/gcc/arm-none-eabi/12.2.1/thumb/v7e-m+fp/hard\libgcc.a(_arm_addsubsf3.o)
__floatundidf                                     c:/users/polit/desktop/embedded/arm_12.2/bin/../lib/gcc/arm-none-eabi/12.2.1/thumb/v7e-m+fp/hard\libgcc.a(_arm_addsubdf3.o)
__floatundisf                                     c:/users/polit/desktop/embedded/arm_12.2/bin/../lib/gcc/arm-none-eabi/12.2.1/thumb/v7e-m+fp/hard\libgcc.a(_arm_addsubsf3.o)
__floatunsidf                                     c:/users/polit/desktop/embedded/arm_12.2/bin/../lib/gcc/arm-none-eabi/12.2.1/thumb/v7e-m+fp/hard\libgcc.a(_arm_addsubdf3.o)
__floatunsisf                                     c:/users/polit/desktop/embedded/arm_12.2/bin/../lib/gcc/arm-none-eabi/12.2.1/thumb/v7e-m+fp/hard\libgcc.a(_arm_addsubsf3.o)
__fp_lock_all                                     c:/users/polit/desktop/embedded/arm_12.2/bin/../lib/gcc/arm-none-eabi/12.2.1/thumb/v7e-m+fp/hard\libc.a(libc_a-findfp.o)
__fp_unlock_all                                   c:/users/polit/desktop/embedded/arm_12.2/bin/../lib/gcc/arm-none-eabi/12.2.1/thumb/v7e-m+fp/hard\libc.a(libc_a-findfp.o)
__ieee754_rem_pio2f                               c:/users/polit/desktop/embedded/arm_12.2/bin/../lib/gcc/arm-none-eabi/12.2.1/thumb/v7e-m+fp/hard\libm.a(libm_a-ef_rem_pio2.o)
                                                  c:/users/polit/desktop/embedded/arm_12.2/bin/../lib/gcc/arm-none-eabi/12.2.1/thumb/v7e-m+fp/hard\libm.a(libm_a-sf_sin.o)
                                                  c:/users/polit/desktop/embedded/arm_12.2/bin/../lib/gcc/arm-none-eabi/12.2.1/thumb/v7e-m+fp/hard\libm.a(libm_a-sf_cos.o)
__init_array_end                                  c:/users/polit/desktop/embedded/arm_12.2/bin/../lib/gcc/arm-none-eabi/12.2.1/thumb/v7e-m+fp/hard\libc.a(libc_a-init.o)
__init_array_start                                c:/users/polit/desktop/embedded/arm_12.2/bin/../lib/gcc/arm-none-eabi/12.2.1/thumb/v7e-m+fp/hard\libc.a(libc_a-init.o)
__kernel_cosf                                     c:/users/polit/desktop/embedded/arm_12.2/bin/../lib/gcc/arm-none-eabi/12.2.1/thumb/v7e-m+fp/hard\libm.a(libm_a-kf_cos.o)
                                                  c:/users/polit/desktop/embedded/arm_12.2/bin/../lib/gcc/arm-none-eabi/12.2.1/thumb/v7e-m+fp/hard\libm.a(libm_a-sf_sin.o)
                                                  c:/users/polit/desktop/embedded/arm_12.2/bin/../lib/gcc/arm-none-eabi/12.2.1/thumb/v7e-m+fp/hard\libm.a(libm_a-sf_cos.o)
__kernel_rem_pio2f                                c:/users/polit/desktop/embedded/arm_12.2/bin/../lib/gcc/arm-none-eabi/12.2.1/thumb/v7e-m+fp/hard\libm.a(libm_a-kf_rem_pio2.o)
                                                  c:/users/polit/desktop/embedded/arm_12.2/bin/../lib/gcc/arm-none-eabi/12.2.1/thumb/v7e-m+fp/hard\libm.a(libm_a-ef_rem_pio2.o)
__kernel_sinf                                     c:/users/polit/desktop/embedded/arm_12.2/bin/../lib/gcc/arm-none-eabi/12.2.1/thumb/v7e-m+fp/hard\libm.a(libm_a-kf_sin.o)
                                                  c:/users/polit/desktop/embedded/arm_12.2/bin/../lib/gcc/arm-none-eabi/12.2.1/thumb/v7e-m+fp/hard\libm.a(libm_a-sf_sin.o)
                                                  c:/users/polit/desktop/embedded/arm_12.2/bin/../lib/gcc/arm-none-eabi/12.2.1/thumb/v7e-m+fp/hard\libm.a(libm_a-sf_cos.o)
__libc_init_array                                 c:/users/polit/desktop/embedded/arm_12.2/bin/../lib/gcc/arm-none-eabi/12.2.1/thumb/v7e-m+fp/hard\libc.a(libc_a-init.o)
                                                  build/obj/drivers/startup/startup_stm32g474retx.o
__lock___arc4random_mutex                         c:/users/polit/desktop/embedded/arm_12.2/bin/../lib/gcc/arm-none-eabi/12.2.1/thumb/v7e-m+fp/hard\libc.a(libc_a-lock.o)
__lock___at_quick_exit_mutex                      c:/users/polit/desktop/embedded/arm_12.2/bin/../lib/gcc/arm-none-eabi/12.2.1/thumb/v7e-m+fp/hard\libc.a(libc_a-lock.o)
__lock___atexit_recursive_mutex                   c:/users/polit/desktop/embedded/arm_12.2/bin/../lib/gcc/arm-none-eabi/12.2.1/thumb/v7e-m+fp/hard\libc.a(libc_a-lock.o)
__lock___dd_hash_mutex                            c:/users/polit/desktop/embedded/arm_12.2/bin/../lib/gcc/arm-none-eabi/12.2.1/thumb/v7e-m+fp/hard\libc.a(libc_a-lock.o)
__lock___env_recursive_mutex                      c:/users/polit/desktop/embedded/arm_12.2/bin/../lib/gcc/arm-none-eabi/12.2.1/thumb/v7e-m+fp/hard\libc.a(libc_a-lock.o)
__lock___malloc_recursive_mutex                   c:/users/polit/desktop/embedded/arm_12.2/bin/../lib/gcc/arm-none-eabi/12.2.1/thumb/v7e-m+fp/hard\libc.a(libc_a-lock.o)
                                                  c:/users/polit/desktop/embedded/arm_12.2/bin/../lib/gcc/arm-none-eabi/12.2.1/thumb/v7e-m+fp/hard\libc.a(libc_a-mlock.o)
__lock___sfp_recursive_mutex                      c:/users/polit/desktop/embedded/arm_12.2/bin/../lib/gcc/arm-none-eabi/12.2.1/thumb/v7e-m+fp/hard\libc.a(libc_a-lock.o)
                                                  c:/users/polit/desktop/embedded/arm_12.2/bin/../lib/gcc/arm-none-eabi/12.2.1/thumb/v7e-m+fp/hard\libc.a(libc_a-findfp.o)
__lock___tz_mutex                                 c:/users/polit/desktop/embedded/arm_12.2/bin/../lib/gcc/arm-none-eabi/12.2.1/thumb/v7e-m+fp/hard\libc.a(libc_a-lock.o)
__malloc_av_                                      c:/users/polit/desktop/embedded/arm_12.2/bin/../lib/gcc/arm-none-eabi/12.2.1/thumb/v7e-m+fp/hard\libc.a(libc_a-mallocr.o)
                                                  c:/users/polit/desktop/embedded/arm_12.2/bin/../lib/gcc/arm-none-eabi/12.2.1/thumb/v7e-m+fp/hard\libc.a(libc_a-freer.o)
__malloc_current_mallinfo                         c:/users/polit/desktop/embedded/arm_12.2/bin/../lib/gcc/arm-none-eabi/12.2.1/thumb/v7e-m+fp/hard\libc.a(libc_a-mallocr.o)
                                                  c:/users/polit/desktop/embedded/arm_12.2/bin/../lib/gcc/arm-none-eabi/12.2.1/thumb/v7e-m+fp/hard\libc.a(libc_a-freer.o)
__malloc_lock                                     c:/users/polit/desktop/embedded/arm_12.2/bin/../lib/gcc/arm-none-eabi/12.2.1/thumb/v7e-m+fp/hard\libc.a(libc_a-mlock.o)
                                                  c:/users/polit/desktop/embedded/arm_12.2/bin/../lib/gcc/arm-none-eabi/12.2.1/thumb/v7e-m+fp/hard\libc.a(libc_a-freer.o)
                                                  c:/users/polit/desktop/embedded/arm_12.2/bin/../lib/gcc/arm-none-eabi/12.2.1/thumb/v7e-m+fp/hard\libc.a(libc_a-mallocr.o)
__malloc_max_sbrked_mem                           c:/users/polit/desktop/embedded/arm_12.2/bin/../lib/gcc/arm-none-eabi/12.2.1/thumb/v7e-m+fp/hard\libc.a(libc_a-mallocr.o)
__malloc_max_total_mem                            c:/users/polit/desktop/embedded/arm_12.2/bin/../lib/gcc/arm-none-eabi/12.2.1/thumb/v7e-m+fp/hard\libc.a(libc_a-mallocr.o)
__malloc_sbrk_base                                c:/users/polit/desktop/embedded/arm_12.2/bin/../lib/gcc/arm-none-eabi/12.2.1/thumb/v7e-m+fp/hard\libc.a(libc_a-mallocr.o)
                                                  c:/users/polit/desktop/embedded/arm_12.2/bin/../lib/gcc/arm-none-eabi/12.2.1/thumb/v7e-m+fp/hard\libc.a(libc_a-freer.o)
__malloc_top_pad                                  c:/users/polit/desktop/embedded/arm_12.2/bin/../lib/gcc/arm-none-eabi/12.2.1/thumb/v7e-m+fp/hard\libc.a(libc_a-mallocr.o)
                                                  c:/users/polit/desktop/embedded/arm_12.2/bin/../lib/gcc/arm-none-eabi/12.2.1/thumb/v7e-m+fp/hard\libc.a(libc_a-freer.o)
__malloc_trim_threshold                           c:/users/polit/desktop/embedded/arm_12.2/bin/../lib/gcc/arm-none-eabi/12.2.1/thumb/v7e-m+fp/hard\libc.a(libc_a-mallocr.o)
                                                  c:/users/polit/desktop/embedded/arm_12.2/bin/../lib/gcc/arm-none-eabi/12.2.1/thumb/v7e-m+fp/hard\libc.a(libc_a-freer.o)
__malloc_unlock                                   c:/users/polit/desktop/embedded/arm_12.2/bin/../lib/gcc/arm-none-eabi/12.2.1/thumb/v7e-m+fp/hard\libc.a(libc_a-mlock.o)
                                                  c:/users/polit/desktop/embedded/arm_12.2/bin/../lib/gcc/arm-none-eabi/12.2.1/thumb/v7e-m+fp/hard\libc.a(libc_a-freer.o)
                                                  c:/users/polit/desktop/embedded/arm_12.2/bin/../lib/gcc/arm-none-eabi/12.2.1/thumb/v7e-m+fp/hard\libc.a(libc_a-mallocr.o)
__muldf3                                          c:/users/polit/desktop/embedded/arm_12.2/bin/../lib/gcc/arm-none-eabi/12.2.1/thumb/v7e-m+fp/hard\libgcc.a(_arm_muldf3.o)
__preinit_array_end                               c:/users/polit/desktop/embedded/arm_12.2/bin/../lib/gcc/arm-none-eabi/12.2.1/thumb/v7e-m+fp/hard\libc.a(libc_a-init.o)
__preinit_array_start                             c:/users/polit/desktop/embedded/arm_12.2/bin/../lib/gcc/arm-none-eabi/12.2.1/thumb/v7e-m+fp/hard\libc.a(libc_a-init.o)
__retarget_lock_acquire                           c:/users/polit/desktop/embedded/arm_12.2/bin/../lib/gcc/arm-none-eabi/12.2.1/thumb/v7e-m+fp/hard\libc.a(libc_a-lock.o)
__retarget_lock_acquire_recursive                 c:/users/polit/desktop/embedded/arm_12.2/bin/../lib/gcc/arm-none-eabi/12.2.1/thumb/v7e-m+fp/hard\libc.a(libc_a-lock.o)
                                                  c:/users/polit/desktop/embedded/arm_12.2/bin/../lib/gcc/arm-none-eabi/12.2.1/thumb/v7e-m+fp/hard\libc.a(libc_a-fflush.o)
                                                  c:/users/polit/desktop/embedded/arm_12.2/bin/../lib/gcc/arm-none-eabi/12.2.1/thumb/v7e-m+fp/hard\libc.a(libc_a-fclose.o)
                                                  c:/users/polit/desktop/embedded/arm_12.2/bin/../lib/gcc/arm-none-eabi/12.2.1/thumb/v7e-m+fp/hard\libc.a(libc_a-findfp.o)
                                                  c:/users/polit/desktop/embedded/arm_12.2/bin/../lib/gcc/arm-none-eabi/12.2.1/thumb/v7e-m+fp/hard\libc.a(libc_a-mlock.o)
__retarget_lock_close                             c:/users/polit/desktop/embedded/arm_12.2/bin/../lib/gcc/arm-none-eabi/12.2.1/thumb/v7e-m+fp/hard\libc.a(libc_a-lock.o)
__retarget_lock_close_recursive                   c:/users/polit/desktop/embedded/arm_12.2/bin/../lib/gcc/arm-none-eabi/12.2.1/thumb/v7e-m+fp/hard\libc.a(libc_a-lock.o)
                                                  c:/users/polit/desktop/embedded/arm_12.2/bin/../lib/gcc/arm-none-eabi/12.2.1/thumb/v7e-m+fp/hard\libc.a(libc_a-fclose.o)
__retarget_lock_init                              c:/users/polit/desktop/embedded/arm_12.2/bin/../lib/gcc/arm-none-eabi/12.2.1/thumb/v7e-m+fp/hard\libc.a(libc_a-lock.o)
__retarget_lock_init_recursive                    c:/users/polit/desktop/embedded/arm_12.2/bin/../lib/gcc/arm-none-eabi/12.2.1/thumb/v7e-m+fp/hard\libc.a(libc_a-lock.o)
                                                  c:/users/polit/desktop/embedded/arm_12.2/bin/../lib/gcc/arm-none-eabi/12.2.1/thumb/v7e-m+fp/hard\libc.a(libc_a-findfp.o)
__retarget_lock_release                           c:/users/polit/desktop/embedded/arm_12.2/bin/../lib/gcc/arm-none-eabi/12.2.1/thumb/v7e-m+fp/hard\libc.a(libc_a-lock.o)