Archive member included to satisfy reference by file (symbol)

c:/users/polit/desktop/embedded/arm_12.2/bin/../lib/gcc/arm-none-eabi/12.2.1/thumb/v7e-m+fp/hard\libc.a(libc_a-malloc.o)
                              build/obj/lib/stubs/new_delete.o (symbol from plugin) (malloc)
c:/users/polit/desktop/embedded/arm_12.2/bin/../lib/gcc/arm-none-eabi/12.2.1/thumb/v7e-m+fp/hard\libc.a(libc_a-mallocr.o)
                              c:/users/polit/desktop/embedded/arm_12.2/bin/../lib/gcc/arm-none-eabi/12.2.1/thumb/v7e-m+fp/hard\libc.a(libc_a-malloc.o) (_malloc_r)
c:/users/polit/desktop/embedded/arm_12.2/bin/../lib/gcc/arm-none-eabi/12.2.1/thumb/v7e-m+fp/hard\libc.a(libc_a-mlock.o)
                              c:/users/polit/desktop/embedded/arm_12.2/bin/../lib/gcc/arm-none-eabi/12.2.1/thumb/v7e-m+fp/hard\libc.a(libc_a-mallocr.o) (__malloc_lock)
c:/users/polit/desktop/embedded/arm_12.2/bin/../lib/gcc/arm-none-eabi/12.2.1/thumb/v7e-m+fp/hard\libc.a(libc_a-impure.o)
                              c:/users/polit/desktop/embedded/arm_12.2/bin/../lib/gcc/arm-none-eabi/12.2.1/thumb/v7e-m+fp/hard\libc.a(libc_a-malloc.o) (_impure_ptr)
c:/users/polit/desktop/embedded/arm_12.2/bin/../lib/gcc/arm-none-eabi/12.2.1/thumb/v7e-m+fp/hard\libc.a(libc_a-sbrkr.o)
                              c:/users/polit/desktop/embedded/arm_12.2/bin/../lib/gcc/arm-none-eabi/12.2.1/thumb/v7e-m+fp/hard\libc.a(libc_a-mallocr.o) (_sbrk_r)
c:/users/polit/desktop/embedded/arm_12.2/bin/../lib/gcc/arm-none-eabi/12.2.1/thumb/v7e-m+fp/hard\libc.a(libc_a-init.o)
                              build/obj/drivers/startup/startup_stm32g474retx.o (__libc_init_array)
c:/users/polit/desktop/embedded/arm_12.2/bin/../lib/gcc/arm-none-eabi/12.2.1/thumb/v7e-m+fp/hard\libc.a(libc_a-lock.o)
                              c:/users/polit/desktop/embedded/arm_12.2/bin/../lib/gcc/arm-none-eabi/12.2.1/thumb/v7e-m+fp/hard\libc.a(libc_a-mlock.o) (__retarget_lock_acquire_recursive)
c:/users/polit/desktop/embedded/arm_12.2/bin/../lib/gcc/arm-none-eabi/12.2.1/thumb/v7e-m+fp/hard\libc.a(libc_a-sysconf.o)
                              c:/users/polit/desktop/embedded/arm_12.2/bin/../lib/gcc/arm-none-eabi/12.2.1/thumb/v7e-m+fp/hard\libc.a(libc_a-mallocr.o) (sysconf)
c:/users/polit/desktop/embedded/arm_12.2/bin/../lib/gcc/arm-none-eabi/12.2.1/thumb/v7e-m+fp/hard\libc.a(libc_a-freer.o)
                              c:/users/polit/desktop/embedded/arm_12.2/bin/../lib/gcc/arm-none-eabi/12.2.1/thumb/v7e-m+fp/hard\libc.a(libc_a-malloc.o) (_free_r)
c:/users/polit/desktop/embedded/arm_12.2/bin/../lib/gcc/arm-none-eabi/12.2.1/thumb/v7e-m+fp/hard\libc.a(libc_a-findfp.o)
                              c:/users/polit/desktop/embedded/arm_12.2/bin/../lib/gcc/arm-none-eabi/12.2.1/thumb/v7e-m+fp/hard\libc.a(libc_a-impure.o) (__sf)
c:/users/polit/desktop/embedded/arm_12.2/bin/../lib/gcc/arm-none-eabi/12.2.1/thumb/v7e-m+fp/hard\libc.a(libc_a-fwalk.o)
                              c:/users/polit/desktop/embedded/arm_12.2/bin/../lib/gcc/arm-none-eabi/12.2.1/thumb/v7e-m+fp/hard\libc.a(libc_a-findfp.o) (_fwalk_sglue)
c:/users/polit/desktop/embedded/arm_12.2/bin/../lib/gcc/arm-none-eabi/12.2.1/thumb/v7e-m+fp/hard\libc.a(libc_a-stdio.o)
                              c:/users/polit/desktop/embedded/arm_12.2/bin/../lib/gcc/arm-none-eabi/12.2.1/thumb/v7e-m+fp/hard\libc.a(libc_a-findfp.o) (__sread)
c:/users/polit/desktop/embedded/arm_12.2/bin/../lib/gcc/arm-none-eabi/12.2.1/thumb/v7e-m+fp/hard\libc.a(libc_a-memset.o)
                              c:/users/polit/desktop/embedded/arm_12.2/bin/../lib/gcc/arm-none-eabi/12.2.1/thumb/v7e-m+fp/hard\libc.a(libc_a-findfp.o) (memset)
c:/users/polit/desktop/embedded/arm_12.2/bin/../lib/gcc/arm-none-eabi/12.2.1/thumb/v7e-m+fp/hard\libc.a(libc_a-closer.o)
                              c:/users/polit/desktop/embedded/arm_12.2/bin/../lib/gcc/arm-none-eabi/12.2.1/thumb/v7e-m+fp/hard\libc.a(libc_a-stdio.o) (_close_r)
c:/users/polit/desktop/embedded/arm_12.2/bin/../lib/gcc/arm-none-eabi/12.2.1/thumb/v7e-m+fp/hard\libc.a(libc_a-reent.o)
                              c:/users/polit/desktop/embedded/arm_12.2/bin/../lib/gcc/arm-none-eabi/12.2.1/thumb/v7e-m+fp/hard\libc.a(libc_a-sbrkr.o) (errno)
c:/users/polit/desktop/embedded/arm_12.2/bin/../lib/gcc/arm-none-eabi/12.2.1/thumb/v7e-m+fp/hard\libc.a(libc_a-lseekr.o)
                              c:/users/polit/desktop/embedded/arm_12.2/bin/../lib/gcc/arm-none-eabi/12.2.1/thumb/v7e-m+fp/hard\libc.a(libc_a-stdio.o) (_lseek_r)
c:/users/polit/desktop/embedded/arm_12.2/bin/../lib/gcc/arm-none-eabi/12.2.1/thumb/v7e-m+fp/hard\libc.a(libc_a-readr.o)
                              c:/users/polit/desktop/embedded/arm_12.2/bin/../lib/gcc/arm-none-eabi/12.2.1/thumb/v7e-m+fp/hard\libc.a(libc_a-stdio.o) (_read_r)
c:/users/polit/desktop/embedded/arm_12.2/bin/../lib/gcc/arm-none-eabi/12.2.1/thumb/v7e-m+fp/hard\libc.a(libc_a-writer.o)
[...]
Memory Configuration

Name             Origin             Length             Attributes
RAM              0x20000000         0x00020000         xrw
FLASH            0x08000000         0x00080000         xr
*default*        0x00000000         0xffffffff

Linker script and memory map

LOAD build/obj/./main.o
LOAD C:\Users\polit\AppData\Local\Temp\ccFkb14u.ltrans0.ltrans.o
LOAD C:\Users\polit\AppData\Local\Temp\ccncfDYl.debug.temp.o
LOAD C:\Users\polit\AppData\Local\Temp\ccIbj1aS.debug.temp.o
LOAD C:\Users\polit\AppData\Local\Temp\cc9nq2ln.debug.temp.o
LOAD C:\Users\polit\AppData\Local\Temp\ccoA6hMS.debug.temp.o
LOAD C:\Users\polit\AppData\Local\Temp\cc714kjn.debug.temp.o
LOAD C:\Users\polit\AppData\Local\Temp\ccIdlyXV.debug.temp.o
LOAD C:\Users\polit\AppData\Local\Temp\ccNWiZtt.debug.temp.o
LOAD C:\Users\polit\AppData\Local\Temp\cckqti50.debug.temp.o
LOAD C:\Users\polit\AppData\Local\Temp\ccRrf4Xy.debug.temp.o
LOAD C:\Users\polit\AppData\Local\Temp\ccYv7825.debug.temp.o
LOAD C:\Users\polit\AppData\Local\Temp\ccJoVPKG.debug.temp.o
LOAD C:\Users\polit\AppData\Local\Temp\ccCFnsyh.debug.temp.o
LOAD C:\Users\polit\AppData\Local\Temp\ccx3kHkR.debug.temp.o
LOAD C:\Users\polit\AppData\Local\Temp\cc4MlLGq.debug.temp.o
LOAD C:\Users\polit\AppData\Local\Temp\ccf5Z7b0.debug.temp.o
LOAD C:\Users\polit\AppData\Local\Temp\ccGdNDPz.debug.temp.o
LOAD C:\Users\polit\AppData\Local\Temp\ccZp4Khd.debug.temp.o
LOAD C:\Users\polit\AppData\Local\Temp\ccCWo77Q.debug.temp.o
LOAD build/obj/config/board.o
LOAD build/obj/drivers/UART/UART.o
LOAD build/obj/drivers/clock_manager/clock_manager.o
LOAD build/obj/drivers/gpio/gpio.o
LOAD build/obj/drivers/i2c/i2c.o
LOAD build/obj/drivers/pwm/pwm.o
LOAD build/obj/lib/stubs/cpp_stubs.o
LOAD build/obj/lib/stubs/new_delete.o
LOAD build/obj/lib/typeConverter/typeConverter.o
LOAD build/obj/lib/states/states.o
LOAD build/obj/lib/lcd/hd44780.o
LOAD build/obj/lib/PID/pid.o
LOAD build/obj/config/BLDCbrd.o
LOAD build/obj/drivers/adc/adc.o
LOAD build/obj/drivers/startup/system_stm32g4xx.o
LOAD build/obj/lib/stubs/c_stubs.o
LOAD build/obj/lib/motor/motor.o
LOAD build/obj/drivers/startup/startup_stm32g474retx.o
LOAD c:/users/polit/desktop/embedded/arm_12.2/bin/../lib/gcc/arm-none-eabi/12.2.1/thumb/v7e-m+fp/hard\libgcc.a
                0x20020000                _estack = (ORIGIN (RAM) + LENGTH (RAM))
                0x00000200                _Min_Heap_Size = 0x200
                0x00000400                _Min_Stack_Size = 0x400

.isr_vector     0x08000000      0x1d8
                0x08000000                . = ALIGN (0x4)
 *(.isr_vector)
 .isr_vector    0x08000000      0x1d8 build/obj/drivers/startup/startup_stm32g474retx.o
                0x08000000                g_pfnVectors
                0x080001d8                . = ALIGN (0x4)

.text           0x080001d8     0x2d90
                0x080001d8                . = ALIGN (0x4)
 *(.text)
 .text          0x080001d8      0x378 c:/users/polit/desktop/embedded/arm_12.2/bin/../lib/gcc/arm-none-eabi/12.2.1/thumb/v7e-m+fp/hard\libgcc.a(_arm_addsubdf3.o)
                0x080001d8                __aeabi_drsub
                0x080001e0                __aeabi_dsub
                0x080001e0                __subdf3
                0x080001e4                __aeabi_dadd
                0x080001e4                __adddf3
                0x0800045c                __floatunsidf
                0x0800045c                __aeabi_ui2d
                0x0800047c                __floatsidf
                0x0800047c                __aeabi_i2d
                0x080004a0                __aeabi_f2d
                0x080004a0                __extendsfdf2
                0x080004e4                __floatundidf
                0x080004e4                __aeabi_ul2d
                0x080004f4                __floatdidf
                0x080004f4                __aeabi_l2d
 .text          0x08000550       0xa0 c:/users/polit/desktop/embedded/arm_12.2/bin/../lib/gcc/arm-none-eabi/12.2.1/thumb/v7e-m+fp/hard\libgcc.a(_arm_truncdfsf2.o)
                0x08000550                __truncdfsf2
                0x08000550                __aeabi_d2f
 .text          0x080005f0      0x21c c:/users/polit/desktop/embedded/arm_12.2/bin/../lib/gcc/arm-none-eabi/12.2.1/thumb/v7e-m+fp/hard\libgcc.a(_arm_addsubsf3.o)
                0x080005f0                __aeabi_frsub
                0x080005f8                __subsf3
                0x080005f8                __aeabi_fsub
                0x080005fc                __aeabi_fadd
                0x080005fc                __addsf3
                0x0800075c                __aeabi_ui2f
                0x0800075c                __floatunsisf
                0x08000764                __aeabi_i2f
                0x08000764                __floatsisf
                0x08000780                __aeabi_ul2f
                0x08000780                __floatundisf
                0x08000790                __aeabi_l2f
                0x08000790                __floatdisf
 .text          0x0800080c      0x254 c:/users/polit/desktop/embedded/arm_12.2/bin/../lib/gcc/arm-none-eabi/12.2.1/thumb/v7e-m+fp/hard\libgcc.a(_arm_muldf3.o)
                0x0800080c                __muldf3
                0x0800080c                __aeabi_dmul
 .text          0x08000a60       0x40 c:/users/polit/desktop/embedded/arm_12.2/bin/../lib/gcc/arm-none-eabi/12.2.1/thumb/v7e-m+fp/hard\libgcc.a(_arm_fixunsdfsi.o)
                0x08000a60                __aeabi_d2uiz
                0x08000a60                __fixunsdfsi
 *(.text*)
 .text._ZN12ClockManager18internalFreqUpdateEm
                0x08000aa0       0x98 C:\Users\polit\AppData\Local\Temp\ccFkb14u.ltrans0.ltrans.o
 .text._ZN3PID4InitEv
                0x08000b38       0x34 C:\Users\polit\AppData\Local\Temp\ccFkb14u.ltrans0.ltrans.o
 .text._ZN3PID15SetOutputLimitsEff
                0x08000b6c       0x60 C:\Users\polit\AppData\Local\Temp\ccFkb14u.ltrans0.ltrans.o
 .text._ZN6Serial5printEdh.constprop.0
                0x08000bcc      0x164 C:\Users\polit\AppData\Local\Temp\ccFkb14u.ltrans0.ltrans.o
 .text.startup._ZN3PIDC2EPfS0_S0_fff14PIDPON_TypeDef13PIDCD_TypeDef.constprop.0.isra.0
                0x08000d30       0xa4 C:\Users\polit\AppData\Local\Temp\ccFkb14u.ltrans0.ltrans.o
 .text.adc_init.constprop.0.isra.0
                0x08000dd4      0x17c C:\Users\polit\AppData\Local\Temp\ccFkb14u.ltrans0.ltrans.o
 .text.startup._ZN4GPIOC2EP12GPIO_TypeDefh8GPIOmode8GPIOtype9GPIOspeed8GPIOpullh.constprop.0.isra.0
                0x08000f50      0x118 C:\Users\polit\AppData\Local\Temp\ccFkb14u.ltrans0.ltrans.o
 .text._ZN3PID7ComputeEv.isra.0
                0x08001068       0xf8 C:\Users\polit\AppData\Local\Temp\ccFkb14u.ltrans0.ltrans.o
 .text.startup.main
                0x08001160      0x9fc C:\Users\polit\AppData\Local\Temp\ccFkb14u.ltrans0.ltrans.o
                0x08001160                main
 .text.DMA1_Channel5_IRQHandler
                0x08001b5c      0x29c C:\Users\polit\AppData\Local\Temp\ccFkb14u.ltrans0.ltrans.o
                0x08001b5c                DMA1_Channel5_IRQHandler
 .text.TIM2_IRQHandler
                0x08001df8       0x20 C:\Users\polit\AppData\Local\Temp\ccFkb14u.ltrans0.ltrans.o
                0x08001df8                TIM2_IRQHandler
 .text.UART5_IRQHandler
                0x08001e18       0x3c C:\Users\polit\AppData\Local\Temp\ccFkb14u.ltrans0.ltrans.o
                0x08001e18                UART5_IRQHandler
 .text.SysTick_Handler
                0x08001e54       0x18 C:\Users\polit\AppData\Local\Temp\ccFkb14u.ltrans0.ltrans.o
                0x08001e54                SysTick_Handler
 .text.SystemInit
                0x08001e6c       0x38 C:\Users\polit\AppData\Local\Temp\ccFkb14u.ltrans0.ltrans.o
                0x08001e6c                SystemInit
 .text._init    0x08001ea4        0x4 C:\Users\polit\AppData\Local\Temp\ccFkb14u.ltrans0.ltrans.o
                0x08001ea4                _init
 .text.startup._sub_I_65535_0.0
                0x08001ea8      0x2d8 C:\Users\polit\AppData\Local\Temp\ccFkb14u.ltrans0.ltrans.o
 .text.Reset_Handler
                0x08002180       0x50 build/obj/drivers/startup/startup_stm32g474retx.o
                0x08002180                Reset_Handler
 .text.Default_Handler
                0x080021d0        0x2 build/obj/drivers/startup/startup_stm32g474retx.o
                0x080021d0                RTC_Alarm_IRQHandler
                0x080021d0                EXTI2_IRQHandler
                0x080021d0                TIM8_TRG_COM_IRQHandler
                0x080021d0                TIM8_CC_IRQHandler
                0x080021d0                HRTIM1_Master_IRQHandler
                0x080021d0                DebugMon_Handler
                0x080021d0                SPI4_IRQHandler
                0x080021d0                FDCAN3_IT0_IRQHandler
                0x080021d0                TIM1_CC_IRQHandler
                0x080021d0                HardFault_Handler
                0x080021d0                HRTIM1_FLT_IRQHandler
                0x080021d0                HRTIM1_TIMF_IRQHandler
                0x080021d0                USB_HP_IRQHandler
                0x080021d0                CORDIC_IRQHandler
                0x080021d0                HRTIM1_TIMD_IRQHandler
                0x080021d0                PendSV_Handler
                0x080021d0                DMA2_Channel8_IRQHandler
                0x080021d0                NMI_Handler
                0x080021d0                EXTI3_IRQHandler
                0x080021d0                I2C3_ER_IRQHandler
                0x080021d0                EXTI0_IRQHandler
                0x080021d0                I2C2_EV_IRQHandler
                0x080021d0                FPU_IRQHandler
                0x080021d0                FDCAN1_IT1_IRQHandler
                0x080021d0                TIM1_UP_TIM16_IRQHandler
                0x080021d0                UsageFault_Handler
                0x080021d0                ADC1_2_IRQHandler
                0x080021d0                HRTIM1_TIME_IRQHandler
                0x080021d0                SPI1_IRQHandler
                0x080021d0                TIM6_DAC_IRQHandler
                0x080021d0                HRTIM1_TIMC_IRQHandler
                0x080021d0                TIM8_UP_IRQHandler
                0x080021d0                DMA2_Channel2_IRQHandler
                0x080021d0                DMA1_Channel4_IRQHandler
                0x080021d0                TIM20_TRG_COM_IRQHandler
                0x080021d0                USART3_IRQHandler
                0x080021d0                DMA1_Channel7_IRQHandler
                0x080021d0                ADC3_IRQHandler
                0x080021d0                TIM4_IRQHandler
                0x080021d0                DMA2_Channel1_IRQHandler
                0x080021d0                QUADSPI_IRQHandler
                0x080021d0                I2C1_EV_IRQHandler
                0x080021d0                DMA1_Channel6_IRQHandler
                0x080021d0                UART4_IRQHandler
                0x080021d0                DMA2_Channel4_IRQHandler
                0x080021d0                TIM3_IRQHandler
                0x080021d0                RCC_IRQHandler
                0x080021d0                TIM20_UP_IRQHandler
                0x080021d0                DMA1_Channel1_IRQHandler
                0x080021d0                Default_Handler
                0x080021d0                DMA2_Channel7_IRQHandler
                0x080021d0                RTC_TAMP_LSECSS_IRQHandler
                0x080021d0                FMAC_IRQHandler
                0x080021d0                EXTI15_10_IRQHandler
                0x080021d0                DMA1_Channel8_IRQHandler
                0x080021d0                HRTIM1_TIMA_IRQHandler
                0x080021d0                TIM7_DAC_IRQHandler
                0x080021d0                FDCAN3_IT1_IRQHandler
                0x080021d0                TIM5_IRQHandler
                0x080021d0                UCPD1_IRQHandler
                0x080021d0                I2C3_EV_IRQHandler
                0x080021d0                EXTI9_5_IRQHandler
                0x080021d0                RTC_WKUP_IRQHandler
                0x080021d0                PVD_PVM_IRQHandler
                0x080021d0                SPI2_IRQHandler
                0x080021d0                MemManage_Handler
                0x080021d0                ADC5_IRQHandler
                0x080021d0                SVC_Handler
                0x080021d0                DMA2_Channel5_IRQHandler
                0x080021d0                CRS_IRQHandler
                0x080021d0                USB_LP_IRQHandler
                0x080021d0                EXTI4_IRQHandler
                0x080021d0                RNG_IRQHandler
                0x080021d0                HRTIM1_TIMB_IRQHandler
                0x080021d0                TIM1_TRG_COM_TIM17_IRQHandler
                0x080021d0                FDCAN2_IT1_IRQHandler
                0x080021d0                DMA1_Channel3_IRQHandler
                0x080021d0                ADC4_IRQHandler
                0x080021d0                WWDG_IRQHandler
                0x080021d0                I2C4_EV_IRQHandler
                0x080021d0                FDCAN2_IT0_IRQHandler
                0x080021d0                LPUART1_IRQHandler
                0x080021d0                DMA2_Channel6_IRQHandler
                0x080021d0                FDCAN1_IT0_IRQHandler
                0x080021d0                COMP7_IRQHandler
                0x080021d0                COMP1_2_3_IRQHandler
                0x080021d0                EXTI1_IRQHandler
                0x080021d0                USART2_IRQHandler
                0x080021d0                COMP4_5_6_IRQHandler
                0x080021d0                TIM20_BRK_IRQHandler
                0x080021d0                I2C2_ER_IRQHandler
                0x080021d0                DMA1_Channel2_IRQHandler
                0x080021d0                TIM8_BRK_IRQHandler
                0x080021d0                FLASH_IRQHandler
                0x080021d0                TIM20_CC_IRQHandler
                0x080021d0                BusFault_Handler
                0x080021d0                USART1_IRQHandler
                0x080021d0                SPI3_IRQHandler
                0x080021d0                I2C1_ER_IRQHandler
                0x080021d0                FMC_IRQHandler
                0x080021d0                LPTIM1_IRQHandler
                0x080021d0                DMAMUX_OVR_IRQHandler
                0x080021d0                I2C4_ER_IRQHandler
                0x080021d0                USBWakeUp_IRQHandler
                0x080021d0                SAI1_IRQHandler
                0x080021d0                DMA2_Channel3_IRQHandler
                0x080021d0                TIM1_BRK_TIM15_IRQHandler
 *fill*         0x080021d2        0x2 
 .text.__libc_init_array
                0x080021d4       0x50 c:/users/polit/desktop/embedded/arm_12.2/bin/../lib/gcc/arm-none-eabi/12.2.1/thumb/v7e-m+fp/hard\libc.a(libc_a-init.o)
                0x080021d4                __libc_init_array
 .text.cosf     0x08002224       0x70 c:/users/polit/desktop/embedded/arm_12.2/bin/../lib/gcc/arm-none-eabi/12.2.1/thumb/v7e-m+fp/hard\libm.a(libm_a-sf_cos.o)
                0x08002224                cosf
 .text.sinf     0x08002294       0x74 c:/users/polit/desktop/embedded/arm_12.2/bin/../lib/gcc/arm-none-eabi/12.2.1/thumb/v7e-m+fp/hard\libm.a(libm_a-sf_sin.o)
                0x08002294                sinf
 .text.__kernel_cosf
                0x08002308      0x104 c:/users/polit/desktop/embedded/arm_12.2/bin/../lib/gcc/arm-none-eabi/12.2.1/thumb/v7e-m+fp/hard\libm.a(libm_a-kf_cos.o)
                0x08002308                __kernel_cosf
 .text.__kernel_sinf
                0x0800240c       0x90 c:/users/polit/desktop/embedded/arm_12.2/bin/../lib/gcc/arm-none-eabi/12.2.1/thumb/v7e-m+fp/hard\libm.a(libm_a-kf_sin.o)
                0x0800240c                __kernel_sinf
 .text.__ieee754_rem_pio2f
                0x0800249c      0x260 c:/users/polit/desktop/embedded/arm_12.2/bin/../lib/gcc/arm-none-eabi/12.2.1/thumb/v7e-m+fp/hard\libm.a(libm_a-ef_rem_pio2.o)
                0x0800249c                __ieee754_rem_pio2f
 .text.fabsf    0x080026fc       0x10 c:/users/polit/desktop/embedded/arm_12.2/bin/../lib/gcc/arm-none-eabi/12.2.1/thumb/v7e-m+fp/hard\libm.a(libm_a-sf_fabs.o)
                0x080026fc                fabsf
 .text.__kernel_rem_pio2f
                0x0800270c      0x67c c:/users/polit/desktop/embedded/arm_12.2/bin/../lib/gcc/arm-none-eabi/12.2.1/thumb/v7e-m+fp/hard\libm.a(libm_a-kf_rem_pio2.o)
                0x0800270c                __kernel_rem_pio2f
 .text.scalbnf  0x08002d88       0xe4 c:/users/polit/desktop/embedded/arm_12.2/bin/../lib/gcc/arm-none-eabi/12.2.1/thumb/v7e-m+fp/hard\libm.a(libm_a-sf_scalbn.o)
                0x08002d88                scalbnf
 .text.floorf   0x08002e6c       0x94 c:/users/polit/desktop/embedded/arm_12.2/bin/../lib/gcc/arm-none-eabi/12.2.1/thumb/v7e-m+fp/hard\libm.a(libm_a-sf_floor.o)
                0x08002e6c                floorf
 .text.__fixsfdi
                0x08002f00       0x28 c:/users/polit/desktop/embedded/arm_12.2/bin/../lib/gcc/arm-none-eabi/12.2.1/thumb/v7e-m+fp/hard\libgcc.a(_fixsfdi.o)
                0x08002f00                __fixsfdi
                0x08002f00                __aeabi_f2lz
 .text.__fixunssfdi
                0x08002f28       0x40 c:/users/polit/desktop/embedded/arm_12.2/bin/../lib/gcc/arm-none-eabi/12.2.1/thumb/v7e-m+fp/hard\libgcc.a(_fixunssfdi.o)
                0x08002f28                __fixunssfdi
                0x08002f28                __aeabi_f2ulz
 *(.glue_7)
 .glue_7        0x08002f68        0x0 linker stubs
 *(.glue_7t)
 .glue_7t       0x08002f68        0x0 linker stubs
 *(.eh_frame)
 *(.init)
 *(.fini)
                0x08002f68                . = ALIGN (0x4)
                0x08002f68                _etext = .

.vfp11_veneer   0x08002f68        0x0
 .vfp11_veneer  0x08002f68        0x0 linker stubs

.v4_bx          0x08002f68        0x0
 .v4_bx         0x08002f68        0x0 linker stubs

.iplt           0x08002f68        0x0
 .iplt          0x08002f68        0x0 build/obj/drivers/startup/startup_stm32g474retx.o

.rodata         0x08002f68      0x428
                0x08002f68                . = ALIGN (0x4)
 *(.rodata)
 .rodata        0x08002f68        0xc C:\Users\polit\AppData\Local\Temp\ccFkb14u.ltrans0.ltrans.o
 *(.rodata*)
 .rodata.main.str1.4
                0x08002f74       0x49 C:\Users\polit\AppData\Local\Temp\ccFkb14u.ltrans0.ltrans.o
 *fill*         0x08002fbd        0x3 
 .rodata.npio2_hw
                0x08002fc0       0x80 c:/users/polit/desktop/embedded/arm_12.2/bin/../lib/gcc/arm-none-eabi/12.2.1/thumb/v7e-m+fp/hard\libm.a(libm_a-ef_rem_pio2.o)
 .rodata.two_over_pi
                0x08003040      0x318 c:/users/polit/desktop/embedded/arm_12.2/bin/../lib/gcc/arm-none-eabi/12.2.1/thumb/v7e-m+fp/hard\libm.a(libm_a-ef_rem_pio2.o)
 .rodata.PIo2   0x08003358       0x2c c:/users/polit/desktop/embedded/arm_12.2/bin/../lib/gcc/arm-none-eabi/12.2.1/thumb/v7e-m+fp/hard\libm.a(libm_a-kf_rem_pio2.o)
 .rodata.init_jk
                0x08003384        0xc c:/users/polit/desktop/embedded/arm_12.2/bin/../lib/gcc/arm-none-eabi/12.2.1/thumb/v7e-m+fp/hard\libm.a(libm_a-kf_rem_pio2.o)
                0x08003390                . = ALIGN (0x4)

.rel.dyn        0x08003390        0x0
 .rel.iplt      0x08003390        0x0 build/obj/drivers/startup/startup_stm32g474retx.o

.ARM.extab      0x08003390        0x0
                0x08003390                . = ALIGN (0x4)
 *(.ARM.extab* .gnu.linkonce.armextab.*)
                0x08003390                . = ALIGN (0x4)

.ARM            0x08003390        0x0
                0x08003390                . = ALIGN (0x4)
                0x08003390                __exidx_start = .
 *(.ARM.exidx*)
                0x08003390                __exidx_end = .
                0x08003390                . = ALIGN (0x4)

.preinit_array  0x08003390        0x0
                0x08003390                . = ALIGN (0x4)
                0x08003390                PROVIDE (__preinit_array_start = .)
 *(.preinit_array*)
                0x08003390                PROVIDE (__preinit_array_end = .)
                0x08003390                . = ALIGN (0x4)

.init_array     0x08003390        0x4
                0x08003390                . = ALIGN (0x4)
                0x08003390                PROVIDE (__init_array_start = .)
 *(SORT_BY_NAME(.init_array.*))
 *(.init_array*)
 .init_array    0x08003390        0x4 C:\Users\polit\AppData\Local\Temp\ccFkb14u.ltrans0.ltrans.o
                0x08003394                PROVIDE (__init_array_end = .)
                0x08003394                . = ALIGN (0x4)

.fini_array     0x08003394        0x0
                0x08003394                . = ALIGN (0x4)
                [!provide]                PROVIDE (__fini_array_start = .)
 *(SORT_BY_NAME(.fini_array.*))
 *(.fini_array*)
                [!provide]                PROVIDE (__fini_array_end = .)
                0x08003394                . = ALIGN (0x4)
                0x08003394                _sidata = LOADADDR (.data)

.data           0x20000000       0x28 load address 0x08003394
                0x20000000                . = ALIGN (0x4)
                0x20000000                _sdata = .
 *(.data)
 *(.data*)
 .data._ZN12ClockManager8ahbClockE
                0x20000000        0x4 C:\Users\polit\AppData\Local\Temp\ccFkb14u.ltrans0.ltrans.o
 .data.normalizedCoeff
                0x20000004        0x4 C:\Users\polit\AppData\Local\Temp\ccFkb14u.ltrans0.ltrans.o
 .data._ZN12ClockManager9coreClockE
                0x20000008        0x4 C:\Users\polit\AppData\Local\Temp\ccFkb14u.ltrans0.ltrans.o
 .data._ZN12ClockManager10timerClockE
                0x2000000c        0x4 C:\Users\polit\AppData\Local\Temp\ccFkb14u.ltrans0.ltrans.o
 .data.setMotorSpeed
                0x20000010        0x4 C:\Users\polit\AppData\Local\Temp\ccFkb14u.ltrans0.ltrans.o
 .data.setiQ    0x20000014        0x4 C:\Users\polit\AppData\Local\Temp\ccFkb14u.ltrans0.ltrans.o
 .data.inverterPWM
                0x20000018       0x10 C:\Users\polit\AppData\Local\Temp\ccFkb14u.ltrans0.ltrans.o
                0x20000028                . = ALIGN (0x4)
                0x20000028                _edata = .

.igot.plt       0x20000028        0x0 load address 0x080033bc
 .igot.plt      0x20000028        0x0 build/obj/drivers/startup/startup_stm32g474retx.o
                0x20000028                . = ALIGN (0x4)

.bss            0x20000028      0x318 load address 0x080033bc
                0x20000028                _sbss = .
                0x20000028                __bss_start__ = _sbss
 *(.bss)
 *(.bss*)
 .bss.led2      0x20000028        0x8 C:\Users\polit\AppData\Local\Temp\ccFkb14u.ltrans0.ltrans.o
 .bss.adc2Ch17  0x20000030        0x8 C:\Users\polit\AppData\Local\Temp\ccFkb14u.ltrans0.ltrans.o
 .bss.adc2Ch12  0x20000038        0x8 C:\Users\polit\AppData\Local\Temp\ccFkb14u.ltrans0.ltrans.o
 .bss.adc1Ch9   0x20000040        0x8 C:\Users\polit\AppData\Local\Temp\ccFkb14u.ltrans0.ltrans.o
 .bss.adc1Ch8   0x20000048        0x8 C:\Users\polit\AppData\Local\Temp\ccFkb14u.ltrans0.ltrans.o
 .bss.adc1Ch1   0x20000050        0x8 C:\Users\polit\AppData\Local\Temp\ccFkb14u.ltrans0.ltrans.o
 .bss.PWMtim1ch3N
                0x20000058        0x8 C:\Users\polit\AppData\Local\Temp\ccFkb14u.ltrans0.ltrans.o
 .bss.PWMtim1ch3
                0x20000060        0x8 C:\Users\polit\AppData\Local\Temp\ccFkb14u.ltrans0.ltrans.o
 .bss.PWMtim1ch2N
                0x20000068        0x8 C:\Users\polit\AppData\Local\Temp\ccFkb14u.ltrans0.ltrans.o
 .bss.PWMtim1ch2
                0x20000070        0x8 C:\Users\polit\AppData\Local\Temp\ccFkb14u.ltrans0.ltrans.o
 .bss.PWMtim1ch1N
                0x20000078        0x8 C:\Users\polit\AppData\Local\Temp\ccFkb14u.ltrans0.ltrans.o
 .bss.PWMtim1ch1
                0x20000080        0x8 C:\Users\polit\AppData\Local\Temp\ccFkb14u.ltrans0.ltrans.o
 .bss.PWMtim2ch1
                0x20000088        0x8 C:\Users\polit\AppData\Local\Temp\ccFkb14u.ltrans0.ltrans.o
 .bss.i2cSDA    0x20000090        0x8 C:\Users\polit\AppData\Local\Temp\ccFkb14u.ltrans0.ltrans.o
 .bss.i2cSCL    0x20000098        0x8 C:\Users\polit\AppData\Local\Temp\ccFkb14u.ltrans0.ltrans.o
 .bss.uartRX    0x200000a0        0x8 C:\Users\polit\AppData\Local\Temp\ccFkb14u.ltrans0.ltrans.o
 .bss.uartTX    0x200000a8        0x8 C:\Users\polit\AppData\Local\Temp\ccFkb14u.ltrans0.ltrans.o
 .bss.setiD     0x200000b0        0x4 C:\Users\polit\AppData\Local\Temp\ccFkb14u.ltrans0.ltrans.o
 .bss.led5      0x200000b4        0x8 C:\Users\polit\AppData\Local\Temp\ccFkb14u.ltrans0.ltrans.o
 .bss.led1      0x200000bc        0x8 C:\Users\polit\AppData\Local\Temp\ccFkb14u.ltrans0.ltrans.o
 .bss.velChange
                0x200000c4        0x4 C:\Users\polit\AppData\Local\Temp\ccFkb14u.ltrans0.ltrans.o
 .bss.SetOLangle
                0x200000c8        0x4 C:\Users\polit\AppData\Local\Temp\ccFkb14u.ltrans0.ltrans.o
 .bss._ZN12ClockManager8pllClockE
                0x200000cc       0x10 C:\Users\polit\AppData\Local\Temp\ccFkb14u.ltrans0.ltrans.o
 .bss.AdcDmaReadings
                0x200000dc        0x6 C:\Users\polit\AppData\Local\Temp\ccFkb14u.ltrans0.ltrans.o
 *fill*         0x200000e2        0x2 
 .bss.i2c3      0x200000e4        0x4 C:\Users\polit\AppData\Local\Temp\ccFkb14u.ltrans0.ltrans.o
 .bss.led4      0x200000e8        0x8 C:\Users\polit\AppData\Local\Temp\ccFkb14u.ltrans0.ltrans.o
 .bss.lastPrintTime
                0x200000f0        0x4 C:\Users\polit\AppData\Local\Temp\ccFkb14u.ltrans0.ltrans.o
 .bss.TIM2loopFlag
                0x200000f4        0x1 C:\Users\polit\AppData\Local\Temp\ccFkb14u.ltrans0.ltrans.o
 *fill*         0x200000f5        0x3 
 .bss.Adc2DmaReadings
                0x200000f8        0x4 C:\Users\polit\AppData\Local\Temp\ccFkb14u.ltrans0.ltrans.o
 .bss.motorSpeed
                0x200000fc        0x4 C:\Users\polit\AppData\Local\Temp\ccFkb14u.ltrans0.ltrans.o
 .bss.motor     0x20000100       0x68 C:\Users\polit\AppData\Local\Temp\ccFkb14u.ltrans0.ltrans.o
 .bss._ZZ4mainE14prevMotorState
                0x20000168        0x4 C:\Users\polit\AppData\Local\Temp\ccFkb14u.ltrans0.ltrans.o
 .bss.slopeInterval
                0x2000016c        0x4 C:\Users\polit\AppData\Local\Temp\ccFkb14u.ltrans0.ltrans.o
 .bss.motorProcessLastTime
                0x20000170        0x4 C:\Users\polit\AppData\Local\Temp\ccFkb14u.ltrans0.ltrans.o
 .bss.milis     0x20000174        0x4 C:\Users\polit\AppData\Local\Temp\ccFkb14u.ltrans0.ltrans.o
 .bss.motorState
                0x20000178        0x4 C:\Users\polit\AppData\Local\Temp\ccFkb14u.ltrans0.ltrans.o
 .bss.UARTrxData
                0x2000017c       0x32 C:\Users\polit\AppData\Local\Temp\ccFkb14u.ltrans0.ltrans.o
 *fill*         0x200001ae        0x2 
 .bss.uart      0x200001b0      0x110 C:\Users\polit\AppData\Local\Temp\ccFkb14u.ltrans0.ltrans.o
 .bss.pidUd     0x200002c0       0x40 C:\Users\polit\AppData\Local\Temp\ccFkb14u.ltrans0.ltrans.o
 .bss.pidUq     0x20000300       0x40 C:\Users\polit\AppData\Local\Temp\ccFkb14u.ltrans0.ltrans.o
 *(COMMON)
                0x20000340                . = ALIGN (0x4)
                0x20000340                _ebss = .
                0x20000340                __bss_end__ = _ebss

._user_heap_stack
                0x20000340      0x600 load address 0x080033bc
                0x20000340                . = ALIGN (0x8)
                0x20000340                _sheap = .
                [!provide]                PROVIDE (end = .)
                [!provide]                PROVIDE (_end = .)
                0x20000540                . = (. + _Min_Heap_Size)
 *fill*         0x20000340      0x200 
                0x20000540                _eheap = .
                0x20000940                . = (. + _Min_Stack_Size)
 *fill*         0x20000540      0x400 
                0x20000940                . = ALIGN (0x8)

/DISCARD/
 libc.a(*)
 libm.a(*)
 libgcc.a(*)

.ARM.attributes
                0x00000000       0x32
 *(.ARM.attributes)
 .ARM.attributes
                0x00000000       0x32 C:\Users\polit\AppData\Local\Temp\ccFkb14u.ltrans0.ltrans.o
 .ARM.attributes
                0x00000032       0x21 build/obj/drivers/startup/startup_stm32g474retx.o
 .ARM.attributes
                0x00000053       0x22 c:/users/polit/desktop/embedded/arm_12.2/bin/../lib/gcc/arm-none-eabi/12.2.1/thumb/v7e-m+fp/hard\libgcc.a(_arm_addsubdf3.o)
 .ARM.attributes
                0x00000075       0x22 c:/users/polit/desktop/embedded/arm_12.2/bin/../lib/gcc/arm-none-eabi/12.2.1/thumb/v7e-m+fp/hard\libgcc.a(_arm_truncdfsf2.o)
 .ARM.attributes
                0x00000097       0x22 c:/users/polit/desktop/embedded/arm_12.2/bin/../lib/gcc/arm-none-eabi/12.2.1/thumb/v7e-m+fp/hard\libgcc.a(_arm_addsubsf3.o)
 .ARM.attributes
                0x000000b9       0x34 c:/users/polit/desktop/embedded/arm_12.2/bin/../lib/gcc/arm-none-eabi/12.2.1/thumb/v7e-m+fp/hard\libgcc.a(_fixsfdi.o)
 .ARM.attributes
                0x000000ed       0x34 c:/users/polit/desktop/embedded/arm_12.2/bin/../lib/gcc/arm-none-eabi/12.2.1/thumb/v7e-m+fp/hard\libgcc.a(_fixunssfdi.o)
 .ARM.attributes
                0x00000121       0x22 c:/users/polit/desktop/embedded/arm_12.2/bin/../lib/gcc/arm-none-eabi/12.2.1/thumb/v7e-m+fp/hard\libgcc.a(_arm_muldf3.o)
 .ARM.attributes
                0x00000143       0x22 c:/users/polit/desktop/embedded/arm_12.2/bin/../lib/gcc/arm-none-eabi/12.2.1/thumb/v7e-m+fp/hard\libgcc.a(_arm_fixunsdfsi.o)
OUTPUT(build/BINARY.elf elf32-littlearm)
LOAD linker stubs
LOAD c:/users/polit/desktop/embedded/arm_12.2/bin/../lib/gcc/arm-none-eabi/12.2.1/thumb/v7e-m+fp/hard\libc.a
LOAD c:/users/polit/desktop/embedded/arm_12.2/bin/../lib/gcc/arm-none-eabi/12.2.1/thumb/v7e-m+fp/hard\libm.a
LOAD c:/users/polit/desktop/embedded/arm_12.2/bin/../lib/gcc/arm-none-eabi/12.2.1/thumb/v7e-m+fp/hard\libgcc.a

.debug_info     0x00000000    0x1b168
 .debug_info    0x00000000     0x1b55 C:\Users\polit\AppData\Local\Temp\ccFkb14u.ltrans0.ltrans.o
 .debug_info    0x00001b55     0x50a2 C:\Users\polit\AppData\Local\Temp\ccncfDYl.debug.temp.o
                0x00001b55                main.cpp.e177b0c6
 .debug_info    0x00006bf7     0x3478 C:\Users\polit\AppData\Local\Temp\ccIbj1aS.debug.temp.o
                0x00006bf7                board.cpp.40fda216
 .debug_info    0x0000a06f     0x3424 C:\Users\polit\AppData\Local\Temp\cc9nq2ln.debug.temp.o
                0x0000a06f                UART.cpp.e6a4d66a
 .debug_info    0x0000d493     0x3dd2 C:\Users\polit\AppData\Local\Temp\ccoA6hMS.debug.temp.o
                0x0000d493                clock_manager.cpp.f7602457
 .debug_info    0x00011265      0x39b C:\Users\polit\AppData\Local\Temp\cc714kjn.debug.temp.o
                0x00011265                gpio.cpp.95cbe42e
 .debug_info    0x00011600     0x2ae1 C:\Users\polit\AppData\Local\Temp\ccIdlyXV.debug.temp.o
                0x00011600                i2c.cpp.ebfe27b6
 .debug_info    0x000140e1      0x882 C:\Users\polit\AppData\Local\Temp\ccRrf4Xy.debug.temp.o
                0x000140e1                new_delete.cpp.62cfa163
 .debug_info    0x00014963     0x2a93 C:\Users\polit\AppData\Local\Temp\ccYv7825.debug.temp.o
                0x00014963                typeConverter.cpp.dd50d242
 .debug_info    0x000173f6     0x2a30 C:\Users\polit\AppData\Local\Temp\ccJoVPKG.debug.temp.o
                0x000173f6                states.cpp.1114ac00
 .debug_info    0x00019e26      0x942 C:\Users\polit\AppData\Local\Temp\ccx3kHkR.debug.temp.o
                0x00019e26                pid.cpp.c944f1da
 .debug_info    0x0001a768      0x5f5 C:\Users\polit\AppData\Local\Temp\ccf5Z7b0.debug.temp.o
                0x0001a768                adc.c.fab37161
 .debug_info    0x0001ad5d      0x391 C:\Users\polit\AppData\Local\Temp\ccGdNDPz.debug.temp.o
                0x0001ad5d                system_stm32g4xx.c.3da40204
 .debug_info    0x0001b0ee       0x7a C:\Users\polit\AppData\Local\Temp\ccZp4Khd.debug.temp.o
                0x0001b0ee                c_stubs.c.0e2ae3c6

.debug_abbrev   0x00000000     0x284a
 .debug_abbrev  0x00000000      0x251 C:\Users\polit\AppData\Local\Temp\ccFkb14u.ltrans0.ltrans.o
 .debug_abbrev  0x00000251      0x6d9 C:\Users\polit\AppData\Local\Temp\ccncfDYl.debug.temp.o
 .debug_abbrev  0x0000092a      0x52d C:\Users\polit\AppData\Local\Temp\ccIbj1aS.debug.temp.o
 .debug_abbrev  0x00000e57      0x457 C:\Users\polit\AppData\Local\Temp\cc9nq2ln.debug.temp.o
 .debug_abbrev  0x000012ae      0x51d C:\Users\polit\AppData\Local\Temp\ccoA6hMS.debug.temp.o
 .debug_abbrev  0x000017cb      0x1d0 C:\Users\polit\AppData\Local\Temp\cc714kjn.debug.temp.o
 .debug_abbrev  0x0000199b      0x2f2 C:\Users\polit\AppData\Local\Temp\ccIdlyXV.debug.temp.o
 .debug_abbrev  0x00001c8d      0x279 C:\Users\polit\AppData\Local\Temp\ccRrf4Xy.debug.temp.o
 .debug_abbrev  0x00001f06      0x262 C:\Users\polit\AppData\Local\Temp\ccYv7825.debug.temp.o
 .debug_abbrev  0x00002168      0x2b2 C:\Users\polit\AppData\Local\Temp\ccJoVPKG.debug.temp.o
 .debug_abbrev  0x0000241a      0x201 C:\Users\polit\AppData\Local\Temp\ccx3kHkR.debug.temp.o
 .debug_abbrev  0x0000261b      0x126 C:\Users\polit\AppData\Local\Temp\ccf5Z7b0.debug.temp.o
 .debug_abbrev  0x00002741       0xaf C:\Users\polit\AppData\Local\Temp\ccGdNDPz.debug.temp.o
 .debug_abbrev  0x000027f0       0x5a C:\Users\polit\AppData\Local\Temp\ccZp4Khd.debug.temp.o

.debug_loclists
                0x00000000     0x14b3
 .debug_loclists
                0x00000000     0x14b3 C:\Users\polit\AppData\Local\Temp\ccFkb14u.ltrans0.ltrans.o

.debug_aranges  0x00000000       0xe8
 .debug_aranges
                0x00000000       0xe8 C:\Users\polit\AppData\Local\Temp\ccFkb14u.ltrans0.ltrans.o

.debug_rnglists
                0x00000000      0x471
 .debug_rnglists
                0x00000000      0x471 C:\Users\polit\AppData\Local\Temp\ccFkb14u.ltrans0.ltrans.o

.debug_line     0x00000000     0x21fc
 .debug_line    0x00000000     0x1aad C:\Users\polit\AppData\Local\Temp\ccFkb14u.ltrans0.ltrans.o
 .debug_line    0x00001aad      0x10f C:\Users\polit\AppData\Local\Temp\ccncfDYl.debug.temp.o
 .debug_line    0x00001bbc       0xd3 C:\Users\polit\AppData\Local\Temp\ccIbj1aS.debug.temp.o
 .debug_line    0x00001c8f       0xc6 C:\Users\polit\AppData\Local\Temp\cc9nq2ln.debug.temp.o
 .debug_line    0x00001d55       0xd4 C:\Users\polit\AppData\Local\Temp\ccoA6hMS.debug.temp.o
 .debug_line    0x00001e29       0x51 C:\Users\polit\AppData\Local\Temp\cc714kjn.debug.temp.o
 .debug_line    0x00001e7a       0xa6 C:\Users\polit\AppData\Local\Temp\ccIdlyXV.debug.temp.o
 .debug_line    0x00001f20       0x71 C:\Users\polit\AppData\Local\Temp\ccRrf4Xy.debug.temp.o
 .debug_line    0x00001f91       0x9d C:\Users\polit\AppData\Local\Temp\ccYv7825.debug.temp.o
 .debug_line    0x0000202e       0xaf C:\Users\polit\AppData\Local\Temp\ccJoVPKG.debug.temp.o
 .debug_line    0x000020dd       0x48 C:\Users\polit\AppData\Local\Temp\ccx3kHkR.debug.temp.o
 .debug_line    0x00002125       0x51 C:\Users\polit\AppData\Local\Temp\ccf5Z7b0.debug.temp.o
 .debug_line    0x00002176       0x4c C:\Users\polit\AppData\Local\Temp\ccGdNDPz.debug.temp.o
 .debug_line    0x000021c2       0x3a C:\Users\polit\AppData\Local\Temp\ccZp4Khd.debug.temp.o

.debug_str      0x00000000     0x37fa
 .debug_str     0x00000000      0x197 C:\Users\polit\AppData\Local\Temp\ccFkb14u.ltrans0.ltrans.o
                                0x1b0 (size before relaxing)
 .debug_str     0x00000197     0x2969 C:\Users\polit\AppData\Local\Temp\ccncfDYl.debug.temp.o
                               0x2cef (size before relaxing)
 .debug_str     0x00002b00      0x24a C:\Users\polit\AppData\Local\Temp\ccIbj1aS.debug.temp.o
                               0x1957 (size before relaxing)
 .debug_str     0x00002d4a       0xa7 C:\Users\polit\AppData\Local\Temp\cc9nq2ln.debug.temp.o
                               0x1a8e (size before relaxing)
 .debug_str     0x00002df1      0x30e C:\Users\polit\AppData\Local\Temp\ccoA6hMS.debug.temp.o
                               0x209f (size before relaxing)
 .debug_str     0x000030ff       0x6b C:\Users\polit\AppData\Local\Temp\cc714kjn.debug.temp.o
                                0x40b (size before relaxing)
 .debug_str     0x0000316a       0x58 C:\Users\polit\AppData\Local\Temp\ccIdlyXV.debug.temp.o
                               0x104f (size before relaxing)
 .debug_str     0x000031c2      0x129 C:\Users\polit\AppData\Local\Temp\ccRrf4Xy.debug.temp.o
                                0x50d (size before relaxing)
 .debug_str     0x000032eb       0x7a C:\Users\polit\AppData\Local\Temp\ccYv7825.debug.temp.o
                               0x10d3 (size before relaxing)
 .debug_str     0x00003365      0x161 C:\Users\polit\AppData\Local\Temp\ccJoVPKG.debug.temp.o
                               0x110e (size before relaxing)
 .debug_str     0x000034c6       0xc7 C:\Users\polit\AppData\Local\Temp\ccx3kHkR.debug.temp.o
                                0x723 (size before relaxing)
 .debug_str     0x0000358d      0x127 C:\Users\polit\AppData\Local\Temp\ccf5Z7b0.debug.temp.o
                                0x4c2 (size before relaxing)
 .debug_str     0x000036b4       0xe8 C:\Users\polit\AppData\Local\Temp\ccGdNDPz.debug.temp.o
                                0x31f (size before relaxing)
 .debug_str     0x0000379c       0x5e C:\Users\polit\AppData\Local\Temp\ccZp4Khd.debug.temp.o
                                0x18f (size before relaxing)

.comment        0x00000000       0x45
 .comment       0x00000000       0x45 C:\Users\polit\AppData\Local\Temp\ccFkb14u.ltrans0.ltrans.o
                                 0x46 (size before relaxing)

.debug_frame    0x00000000      0x47c
 .debug_frame   0x00000000      0x2b8 C:\Users\polit\AppData\Local\Temp\ccFkb14u.ltrans0.ltrans.o
 .debug_frame   0x000002b8       0xac c:/users/polit/desktop/embedded/arm_12.2/bin/../lib/gcc/arm-none-eabi/12.2.1/thumb/v7e-m+fp/hard\libgcc.a(_arm_addsubdf3.o)
 .debug_frame   0x00000364       0x24 c:/users/polit/desktop/embedded/arm_12.2/bin/../lib/gcc/arm-none-eabi/12.2.1/thumb/v7e-m+fp/hard\libgcc.a(_arm_truncdfsf2.o)
 .debug_frame   0x00000388       0x4c c:/users/polit/desktop/embedded/arm_12.2/bin/../lib/gcc/arm-none-eabi/12.2.1/thumb/v7e-m+fp/hard\libgcc.a(_arm_addsubsf3.o)
 .debug_frame   0x000003d4       0x28 c:/users/polit/desktop/embedded/arm_12.2/bin/../lib/gcc/arm-none-eabi/12.2.1/thumb/v7e-m+fp/hard\libgcc.a(_fixsfdi.o)
 .debug_frame   0x000003fc       0x2c c:/users/polit/desktop/embedded/arm_12.2/bin/../lib/gcc/arm-none-eabi/12.2.1/thumb/v7e-m+fp/hard\libgcc.a(_fixunssfdi.o)
 .debug_frame   0x00000428       0x30 c:/users/polit/desktop/embedded/arm_12.2/bin/../lib/gcc/arm-none-eabi/12.2.1/thumb/v7e-m+fp/hard\libgcc.a(_arm_muldf3.o)
 .debug_frame   0x00000458       0x24 c:/users/polit/desktop/embedded/arm_12.2/bin/../lib/gcc/arm-none-eabi/12.2.1/thumb/v7e-m+fp/hard\libgcc.a(_arm_fixunsdfsi.o)

.debug_line_str
                0x00000000      0x60c
 .debug_line_str
                0x00000000      0x3ce C:\Users\polit\AppData\Local\Temp\ccncfDYl.debug.temp.o
 .debug_line_str
                0x000003ce       0x11 C:\Users\polit\AppData\Local\Temp\ccIbj1aS.debug.temp.o
                                0x35e (size before relaxing)
 .debug_line_str
                0x000003df       0x16 C:\Users\polit\AppData\Local\Temp\cc9nq2ln.debug.temp.o
                                0x343 (size before relaxing)
 .debug_line_str
                0x000003f5       0x34 C:\Users\polit\AppData\Local\Temp\ccoA6hMS.debug.temp.o
                                0x382 (size before relaxing)
 .debug_line_str
                0x00000429       0x16 C:\Users\polit\AppData\Local\Temp\cc714kjn.debug.temp.o
                                 0xd7 (size before relaxing)
 .debug_line_str
                0x0000043f       0x14 C:\Users\polit\AppData\Local\Temp\ccIdlyXV.debug.temp.o
                                0x2ee (size before relaxing)
 .debug_line_str
                0x00000453       0x27 C:\Users\polit\AppData\Local\Temp\ccRrf4Xy.debug.temp.o
                                0x237 (size before relaxing)
 .debug_line_str
                0x0000047a       0x24 C:\Users\polit\AppData\Local\Temp\ccYv7825.debug.temp.o
                                0x2fd (size before relaxing)
 .debug_line_str
                0x0000049e       0x2a C:\Users\polit\AppData\Local\Temp\ccJoVPKG.debug.temp.o
                                0x2fd (size before relaxing)
 .debug_line_str
                0x000004c8       0x10 C:\Users\polit\AppData\Local\Temp\ccx3kHkR.debug.temp.o
                                 0xaf (size before relaxing)
 .debug_line_str
                0x000004d8       0x12 C:\Users\polit\AppData\Local\Temp\ccf5Z7b0.debug.temp.o
                                 0xce (size before relaxing)
 .debug_line_str
                0x000004ea       0x33 C:\Users\polit\AppData\Local\Temp\ccGdNDPz.debug.temp.o
                                 0xe7 (size before relaxing)
 .debug_line_str
                0x0000051d       0x14 C:\Users\polit\AppData\Local\Temp\ccZp4Khd.debug.temp.o
                                 0x56 (size before relaxing)
 .debug_line_str
                0x00000531       0xce c:/users/polit/desktop/embedded/arm_12.2/bin/../lib/gcc/arm-none-eabi/12.2.1/thumb/v7e-m+fp/hard\libgcc.a(_arm_addsubdf3.o)
 .debug_line_str
                0x000005ff       0xce c:/users/polit/desktop/embedded/arm_12.2/bin/../lib/gcc/arm-none-eabi/12.2.1/thumb/v7e-m+fp/hard\libgcc.a(_arm_truncdfsf2.o)
 .debug_line_str
                0x000005ff        0xd c:/users/polit/desktop/embedded/arm_12.2/bin/../lib/gcc/arm-none-eabi/12.2.1/thumb/v7e-m+fp/hard\libgcc.a(_arm_addsubsf3.o)
                                 0xce (size before relaxing)
 .debug_line_str
                0x0000060c       0xce c:/users/polit/desktop/embedded/arm_12.2/bin/../lib/gcc/arm-none-eabi/12.2.1/thumb/v7e-m+fp/hard\libgcc.a(_arm_muldf3.o)
 .debug_line_str
                0x0000060c       0xce c:/users/polit/desktop/embedded/arm_12.2/bin/../lib/gcc/arm-none-eabi/12.2.1/thumb/v7e-m+fp/hard\libgcc.a(_arm_fixunsdfsi.o)

Cross Reference Table

Symbol                                            File
ADC1_2_IRQHandler                                 build/obj/drivers/startup/startup_stm32g474retx.o
ADC3_IRQHandler                                   build/obj/drivers/startup/startup_stm32g474retx.o
ADC4_IRQHandler                                   build/obj/drivers/startup/startup_stm32g474retx.o
ADC5_IRQHandler                                   build/obj/drivers/startup/startup_stm32g474retx.o
ADCVin                                            build/obj/./main.o (symbol from plugin)
AHB2clockFreq                                     build/obj/config/board.o (symbol from plugin)
                                                  build/obj/drivers/UART/UART.o (symbol from plugin)
Adc2DmaReadings                                   build/obj/./main.o (symbol from plugin)
AdcDmaReadings                                    build/obj/./main.o (symbol from plugin)
BLDCbrd.c.7b792131                                C:\Users\polit\AppData\Local\Temp\cc4MlLGq.debug.temp.o
Buffer<256>::read(char*)                          build/obj/drivers/UART/UART.o (symbol from plugin)
Buffer<256>::write(char)                          build/obj/drivers/UART/UART.o (symbol from plugin)
BusFault_Handler                                  build/obj/drivers/startup/startup_stm32g474retx.o
COMP1_2_3_IRQHandler                              build/obj/drivers/startup/startup_stm32g474retx.o
COMP4_5_6_IRQHandler                              build/obj/drivers/startup/startup_stm32g474retx.o
COMP7_IRQHandler                                  build/obj/drivers/startup/startup_stm32g474retx.o
CORDIC_IRQHandler                                 build/obj/drivers/startup/startup_stm32g474retx.o
CRS_IRQHandler                                    build/obj/drivers/startup/startup_stm32g474retx.o
ClockManager::ahbClock                            build/obj/drivers/clock_manager/clock_manager.o (symbol from plugin)
ClockManager::apbClock                            build/obj/drivers/clock_manager/clock_manager.o (symbol from plugin)
ClockManager::clockSummary()                      build/obj/drivers/clock_manager/clock_manager.o (symbol from plugin)
ClockManager::coreClock                           build/obj/drivers/clock_manager/clock_manager.o (symbol from plugin)
ClockManager::enableClk(unsigned long volatile&, unsigned long) build/obj/drivers/clock_manager/clock_manager.o (symbol from plugin)
ClockManager::hseClock                            build/obj/config/board.o (symbol from plugin)
                                                  build/obj/drivers/clock_manager/clock_manager.o (symbol from plugin)
ClockManager::hseInit()                           build/obj/drivers/clock_manager/clock_manager.o (symbol from plugin)
                                                  build/obj/./main.o (symbol from plugin)
ClockManager::initTick()                          build/obj/drivers/clock_manager/clock_manager.o (symbol from plugin)
                                                  build/obj/./main.o (symbol from plugin)
ClockManager::internalFreqUpdate(unsigned long)   build/obj/drivers/clock_manager/clock_manager.o (symbol from plugin)
ClockManager::micros()                            build/obj/drivers/clock_manager/clock_manager.o (symbol from plugin)
ClockManager::pllCfg(int, int, int, ClockManager::pllDiv, ClockManager::pllDiv) build/obj/drivers/clock_manager/clock_manager.o (symbol from plugin)
                                                  build/obj/./main.o (symbol from plugin)
ClockManager::pllClock                            build/obj/drivers/clock_manager/clock_manager.o (symbol from plugin)
ClockManager::setSysClk(clkSrc)                   build/obj/drivers/clock_manager/clock_manager.o (symbol from plugin)
                                                  build/obj/./main.o (symbol from plugin)
ClockManager::timerClock                          build/obj/drivers/clock_manager/clock_manager.o (symbol from plugin)
ClockManager::updatePll()                         build/obj/drivers/clock_manager/clock_manager.o (symbol from plugin)
DMA1_Channel1_IRQHandler                          build/obj/drivers/startup/startup_stm32g474retx.o
DMA1_Channel2_IRQHandler                          build/obj/drivers/startup/startup_stm32g474retx.o
DMA1_Channel3_IRQHandler                          build/obj/drivers/startup/startup_stm32g474retx.o
DMA1_Channel4_IRQHandler                          build/obj/drivers/startup/startup_stm32g474retx.o
DMA1_Channel5_IRQHandler                          C:\Users\polit\AppData\Local\Temp\ccFkb14u.ltrans0.ltrans.o
                                                  build/obj/drivers/startup/startup_stm32g474retx.o
                                                  build/obj/./main.o (symbol from plugin)
DMA1_Channel6_IRQHandler                          build/obj/drivers/startup/startup_stm32g474retx.o
DMA1_Channel7_IRQHandler                          build/obj/drivers/startup/startup_stm32g474retx.o
DMA1_Channel8_IRQHandler                          build/obj/drivers/startup/startup_stm32g474retx.o
DMA2_Channel1_IRQHandler                          build/obj/drivers/startup/startup_stm32g474retx.o
DMA2_Channel2_IRQHandler                          build/obj/drivers/startup/startup_stm32g474retx.o
DMA2_Channel3_IRQHandler                          build/obj/drivers/startup/startup_stm32g474retx.o
DMA2_Channel4_IRQHandler                          build/obj/drivers/startup/startup_stm32g474retx.o
DMA2_Channel5_IRQHandler                          build/obj/drivers/startup/startup_stm32g474retx.o
DMA2_Channel6_IRQHandler                          build/obj/drivers/startup/startup_stm32g474retx.o
DMA2_Channel7_IRQHandler                          build/obj/drivers/startup/startup_stm32g474retx.o
DMA2_Channel8_IRQHandler                          build/obj/drivers/startup/startup_stm32g474retx.o
DMAMUX_OVR_IRQHandler                             build/obj/drivers/startup/startup_stm32g474retx.o
DebugMon_Handler                                  build/obj/drivers/startup/startup_stm32g474retx.o
Default_Handler                                   build/obj/drivers/startup/startup_stm32g474retx.o
EXTI0_IRQHandler                                  build/obj/drivers/startup/startup_stm32g474retx.o
EXTI15_10_IRQHandler                              build/obj/drivers/startup/startup_stm32g474retx.o
EXTI1_IRQHandler                                  build/obj/drivers/startup/startup_stm32g474retx.o
EXTI2_IRQHandler                                  build/obj/drivers/startup/startup_stm32g474retx.o
EXTI3_IRQHandler                                  build/obj/drivers/startup/startup_stm32g474retx.o
EXTI4_IRQHandler                                  build/obj/drivers/startup/startup_stm32g474retx.o
EXTI9_5_IRQHandler                                build/obj/drivers/startup/startup_stm32g474retx.o
FDCAN1_IT0_IRQHandler                             build/obj/drivers/startup/startup_stm32g474retx.o
FDCAN1_IT1_IRQHandler                             build/obj/drivers/startup/startup_stm32g474retx.o
FDCAN2_IT0_IRQHandler                             build/obj/drivers/startup/startup_stm32g474retx.o
FDCAN2_IT1_IRQHandler                             build/obj/drivers/startup/startup_stm32g474retx.o
FDCAN3_IT0_IRQHandler                             build/obj/drivers/startup/startup_stm32g474retx.o
FDCAN3_IT1_IRQHandler                             build/obj/drivers/startup/startup_stm32g474retx.o
FLASH_IRQHandler                                  build/obj/drivers/startup/startup_stm32g474retx.o
FMAC_IRQHandler                                   build/obj/drivers/startup/startup_stm32g474retx.o
FMC_IRQHandler                                    build/obj/drivers/startup/startup_stm32g474retx.o
FPU_IRQHandler                                    build/obj/drivers/startup/startup_stm32g474retx.o
GPIO::GPIO(GPIO_TypeDef*, unsigned char, GPIOmode, GPIOtype, GPIOspeed, GPIOpull, unsigned char) build/obj/drivers/gpio/gpio.o (symbol from plugin)
GPIO::GPIO(GPIO_TypeDef*, unsigned char, GPIOmode, GPIOtype, GPIOspeed, GPIOpull, unsigned char) build/obj/drivers/gpio/gpio.o (symbol from plugin)
                                                  build/obj/config/board.o (symbol from plugin)
GPIO::reset()                                     build/obj/drivers/gpio/gpio.o (symbol from plugin)
GPIO::set()                                       build/obj/drivers/gpio/gpio.o (symbol from plugin)
                                                  build/obj/./main.o (symbol from plugin)
GPIO::setPinMode(GPIOmode)                        build/obj/drivers/gpio/gpio.o (symbol from plugin)
GPIO::toggle()                                    build/obj/drivers/gpio/gpio.o (symbol from plugin)
                                                  build/obj/./main.o (symbol from plugin)
HD44780::HD44780(I2C*, unsigned char, unsigned char, unsigned char) build/obj/lib/lcd/hd44780.o (symbol from plugin)
HD44780::HD44780(I2C*, unsigned char, unsigned char, unsigned char) build/obj/lib/lcd/hd44780.o (symbol from plugin)
HD44780::Init()                                   build/obj/lib/lcd/hd44780.o (symbol from plugin)
HD44780::backLight(bool)                          build/obj/lib/lcd/hd44780.o (symbol from plugin)
HD44780::busy()                                   build/obj/lib/lcd/hd44780.o (symbol from plugin)
HD44780::clear()                                  build/obj/lib/lcd/hd44780.o (symbol from plugin)
HD44780::executeIfNotBusy(void (*)())             build/obj/lib/lcd/hd44780.o (symbol from plugin)
HD44780::print(char const*)                       build/obj/lib/lcd/hd44780.o (symbol from plugin)
HD44780::returnHome()                             build/obj/lib/lcd/hd44780.o (symbol from plugin)
HD44780::sendByte(unsigned char, modes)           build/obj/lib/lcd/hd44780.o (symbol from plugin)
HD44780::sendChar(char)                           build/obj/lib/lcd/hd44780.o (symbol from plugin)
HD44780::sendHalfByte(unsigned char, modes)       build/obj/lib/lcd/hd44780.o (symbol from plugin)
HD44780::setPosition(unsigned char, unsigned char) build/obj/lib/lcd/hd44780.o (symbol from plugin)
HRTIM1_FLT_IRQHandler                             build/obj/drivers/startup/startup_stm32g474retx.o
HRTIM1_Master_IRQHandler                          build/obj/drivers/startup/startup_stm32g474retx.o
HRTIM1_TIMA_IRQHandler                            build/obj/drivers/startup/startup_stm32g474retx.o
HRTIM1_TIMB_IRQHandler                            build/obj/drivers/startup/startup_stm32g474retx.o
HRTIM1_TIMC_IRQHandler                            build/obj/drivers/startup/startup_stm32g474retx.o
HRTIM1_TIMD_IRQHandler                            build/obj/drivers/startup/startup_stm32g474retx.o
HRTIM1_TIME_IRQHandler                            build/obj/drivers/startup/startup_stm32g474retx.o
HRTIM1_TIMF_IRQHandler                            build/obj/drivers/startup/startup_stm32g474retx.o
HardFault_Handler                                 build/obj/drivers/startup/startup_stm32g474retx.o
I2C1_ER_IRQHandler                                build/obj/drivers/startup/startup_stm32g474retx.o
I2C1_EV_IRQHandler                                build/obj/drivers/startup/startup_stm32g474retx.o
I2C2_ER_IRQHandler                                build/obj/drivers/startup/startup_stm32g474retx.o
I2C2_EV_IRQHandler                                build/obj/drivers/startup/startup_stm32g474retx.o
I2C3_ER_IRQHandler                                build/obj/drivers/startup/startup_stm32g474retx.o
I2C3_EV_IRQHandler                                build/obj/drivers/startup/startup_stm32g474retx.o
I2C4_ER_IRQHandler                                build/obj/drivers/startup/startup_stm32g474retx.o
I2C4_EV_IRQHandler                                build/obj/drivers/startup/startup_stm32g474retx.o
I2C::I2C(I2C_TypeDef*)                            build/obj/drivers/i2c/i2c.o (symbol from plugin)
                                                  build/obj/config/board.o (symbol from plugin)
I2C::I2C(I2C_TypeDef*)                            build/obj/drivers/i2c/i2c.o (symbol from plugin)
I2C::recieveByte(unsigned char)                   build/obj/drivers/i2c/i2c.o (symbol from plugin)
                                                  build/obj/lib/lcd/hd44780.o (symbol from plugin)
                                                  build/obj/./main.o (symbol from plugin)
I2C::sendByte(unsigned char*, unsigned char)      build/obj/drivers/i2c/i2c.o (symbol from plugin)
                                                  build/obj/lib/lcd/hd44780.o (symbol from plugin)
                                                  build/obj/./main.o (symbol from plugin)
I2C::sendBytes(unsigned char*, unsigned char, unsigned char) build/obj/drivers/i2c/i2c.o (symbol from plugin)
Init()                                            build/obj/./main.o (symbol from plugin)
LCDstring                                         build/obj/./main.o (symbol from plugin)
LPTIM1_IRQHandler                                 build/obj/drivers/startup/startup_stm32g474retx.o
LPUART1_IRQHandler                                build/obj/drivers/startup/startup_stm32g474retx.o
MemManage_Handler                                 build/obj/drivers/startup/startup_stm32g474retx.o
NMI_Handler                                       build/obj/drivers/startup/startup_stm32g474retx.o
PID::Compute()                                    build/obj/lib/PID/pid.o (symbol from plugin)
                                                  build/obj/./main.o (symbol from plugin)
PID::GetDirection()                               build/obj/lib/PID/pid.o (symbol from plugin)
PID::GetKd()                                      build/obj/lib/PID/pid.o (symbol from plugin)
PID::GetKi()                                      build/obj/lib/PID/pid.o (symbol from plugin)
PID::GetKp()                                      build/obj/lib/PID/pid.o (symbol from plugin)
PID::GetMode()                                    build/obj/lib/PID/pid.o (symbol from plugin)
PID::Init()                                       build/obj/lib/PID/pid.o (symbol from plugin)
                                                  build/obj/./main.o (symbol from plugin)
PID::Init(float*, float*, float*, float, float, float, PIDCD_TypeDef) build/obj/lib/PID/pid.o (symbol from plugin)
PID::Init(float*, float*, float*, float, float, float, PIDPON_TypeDef, PIDCD_TypeDef) build/obj/lib/PID/pid.o (symbol from plugin)
PID::PID()                                        build/obj/lib/PID/pid.o (symbol from plugin)
PID::PID()                                        build/obj/lib/PID/pid.o (symbol from plugin)
PID::PID(float*, float*, float*, float, float, float, PIDCD_TypeDef) build/obj/lib/PID/pid.o (symbol from plugin)
PID::PID(float*, float*, float*, float, float, float, PIDCD_TypeDef) build/obj/lib/PID/pid.o (symbol from plugin)
PID::PID(float*, float*, float*, float, float, float, PIDPON_TypeDef, PIDCD_TypeDef) build/obj/lib/PID/pid.o (symbol from plugin)
                                                  build/obj/./main.o (symbol from plugin)
PID::PID(float*, float*, float*, float, float, float, PIDPON_TypeDef, PIDCD_TypeDef) build/obj/lib/PID/pid.o (symbol from plugin)
PID::SetControllerDirection(PIDCD_TypeDef)        build/obj/lib/PID/pid.o (symbol from plugin)
PID::SetMode(PIDMode_TypeDef)                     build/obj/lib/PID/pid.o (symbol from plugin)
                                                  build/obj/./main.o (symbol from plugin)
PID::SetOutputLimits(float, float)                build/obj/lib/PID/pid.o (symbol from plugin)
                                                  build/obj/./main.o (symbol from plugin)
PID::SetSampleTime(long)                          build/obj/lib/PID/pid.o (symbol from plugin)
PID::SetTunings(float, float, float)              build/obj/lib/PID/pid.o (symbol from plugin)
PID::SetTunings(float, float, float, PIDPON_TypeDef) build/obj/lib/PID/pid.o (symbol from plugin)
PVD_PVM_IRQHandler                                build/obj/drivers/startup/startup_stm32g474retx.o
PWMtim1ch1                                        build/obj/config/board.o (symbol from plugin)
PWMtim1ch1N                                       build/obj/config/board.o (symbol from plugin)
PWMtim1ch2                                        build/obj/config/board.o (symbol from plugin)
PWMtim1ch2N                                       build/obj/config/board.o (symbol from plugin)
PWMtim1ch3                                        build/obj/config/board.o (symbol from plugin)
PWMtim1ch3N                                       build/obj/config/board.o (symbol from plugin)
PWMtim2ch1                                        build/obj/config/board.o (symbol from plugin)
PendSV_Handler                                    build/obj/drivers/startup/startup_stm32g474retx.o
QUADSPI_IRQHandler                                build/obj/drivers/startup/startup_stm32g474retx.o
RCC_IRQHandler                                    build/obj/drivers/startup/startup_stm32g474retx.o
RNG_IRQHandler                                    build/obj/drivers/startup/startup_stm32g474retx.o
RTC_Alarm_IRQHandler                              build/obj/drivers/startup/startup_stm32g474retx.o
RTC_TAMP_LSECSS_IRQHandler                        build/obj/drivers/startup/startup_stm32g474retx.o
RTC_WKUP_IRQHandler                               build/obj/drivers/startup/startup_stm32g474retx.o
Reset_Handler                                     build/obj/drivers/startup/startup_stm32g474retx.o
SAI1_IRQHandler                                   build/obj/drivers/startup/startup_stm32g474retx.o
SPI1_IRQHandler                                   build/obj/drivers/startup/startup_stm32g474retx.o
SPI2_IRQHandler                                   build/obj/drivers/startup/startup_stm32g474retx.o
SPI3_IRQHandler                                   build/obj/drivers/startup/startup_stm32g474retx.o
SPI4_IRQHandler                                   build/obj/drivers/startup/startup_stm32g474retx.o
SVC_Handler                                       build/obj/drivers/startup/startup_stm32g474retx.o
Serial::Serial(USART_TypeDef*, int)               build/obj/drivers/UART/UART.o (symbol from plugin)
                                                  build/obj/config/board.o (symbol from plugin)
Serial::Serial(USART_TypeDef*, int)               build/obj/drivers/UART/UART.o (symbol from plugin)
Serial::available()                               build/obj/drivers/UART/UART.o (symbol from plugin)
Serial::bufferFlush()                             build/obj/drivers/UART/UART.o (symbol from plugin)
                                                  build/obj/./main.o (symbol from plugin)
Serial::interrupt()                               build/obj/drivers/UART/UART.o (symbol from plugin)
                                                  build/obj/config/board.o (symbol from plugin)
Serial::print(char const*)                        build/obj/drivers/UART/UART.o (symbol from plugin)
                                                  build/obj/drivers/clock_manager/clock_manager.o (symbol from plugin)
                                                  build/obj/./main.o (symbol from plugin)
Serial::print(double, unsigned char)              build/obj/drivers/UART/UART.o (symbol from plugin)
                                                  build/obj/drivers/clock_manager/clock_manager.o (symbol from plugin)
                                                  build/obj/./main.o (symbol from plugin)
Serial::print(int)                                build/obj/drivers/UART/UART.o (symbol from plugin)
                                                  build/obj/./main.o (symbol from plugin)
Serial::println(char const*)                      build/obj/drivers/UART/UART.o (symbol from plugin)
Serial::println(double, unsigned char)            build/obj/drivers/UART/UART.o (symbol from plugin)
                                                  build/obj/./main.o (symbol from plugin)
Serial::println(int)                              build/obj/drivers/UART/UART.o (symbol from plugin)
Serial::readChar()                                build/obj/drivers/UART/UART.o (symbol from plugin)
Serial::readTillEOL(char*)                        build/obj/drivers/UART/UART.o (symbol from plugin)
                                                  build/obj/./main.o (symbol from plugin)
Serial::sendChar(char)                            build/obj/drivers/UART/UART.o (symbol from plugin)
SetOLangle                                        build/obj/./main.o (symbol from plugin)
States::checkState()                              build/obj/lib/states/states.o (symbol from plugin)
States::currentStateInt                           build/obj/lib/states/states.o (symbol from plugin)
States::maxStateInt                               build/obj/lib/states/states.o (symbol from plugin)
States::picker                                    build/obj/lib/states/states.o (symbol from plugin)
States::setInitState(StateNames)                  build/obj/lib/states/states.o (symbol from plugin)
States::setState(StateNames)                      build/obj/lib/states/states.o (symbol from plugin)
States::updateState()                             build/obj/lib/states/states.o (symbol from plugin)
SysTick_Handler                                   C:\Users\polit\AppData\Local\Temp\ccFkb14u.ltrans0.ltrans.o
                                                  build/obj/drivers/startup/startup_stm32g474retx.o
                                                  build/obj/drivers/clock_manager/clock_manager.o (symbol from plugin)
SystemInit                                        C:\Users\polit\AppData\Local\Temp\ccFkb14u.ltrans0.ltrans.o
                                                  build/obj/drivers/startup/system_stm32g4xx.o (symbol from plugin)
                                                  build/obj/drivers/startup/startup_stm32g474retx.o
TIM1_BRK_TIM15_IRQHandler                         build/obj/drivers/startup/startup_stm32g474retx.o
TIM1_CC_IRQHandler                                build/obj/drivers/startup/startup_stm32g474retx.o
TIM1_TRG_COM_TIM17_IRQHandler                     build/obj/drivers/startup/startup_stm32g474retx.o
TIM1_UP_TIM16_IRQHandler                          build/obj/drivers/startup/startup_stm32g474retx.o
TIM20_BRK_IRQHandler                              build/obj/drivers/startup/startup_stm32g474retx.o
TIM20_CC_IRQHandler                               build/obj/drivers/startup/startup_stm32g474retx.o
TIM20_TRG_COM_IRQHandler                          build/obj/drivers/startup/startup_stm32g474retx.o
TIM20_UP_IRQHandler                               build/obj/drivers/startup/startup_stm32g474retx.o
TIM2_IRQHandler                                   C:\Users\polit\AppData\Local\Temp\ccFkb14u.ltrans0.ltrans.o
                                                  build/obj/drivers/startup/startup_stm32g474retx.o
                                                  build/obj/./main.o (symbol from plugin)
TIM2loopFlag                                      build/obj/./main.o (symbol from plugin)
TIM3_IRQHandler                                   build/obj/drivers/startup/startup_stm32g474retx.o
TIM4_IRQHandler                                   build/obj/drivers/startup/startup_stm32g474retx.o
TIM5_IRQHandler                                   build/obj/drivers/startup/startup_stm32g474retx.o
TIM6_DAC_IRQHandler                               build/obj/drivers/startup/startup_stm32g474retx.o
TIM7_DAC_IRQHandler                               build/obj/drivers/startup/startup_stm32g474retx.o
TIM8_BRK_IRQHandler                               build/obj/drivers/startup/startup_stm32g474retx.o
TIM8_CC_IRQHandler                                build/obj/drivers/startup/startup_stm32g474retx.o
TIM8_TRG_COM_IRQHandler                           build/obj/drivers/startup/startup_stm32g474retx.o
TIM8_UP_IRQHandler                                build/obj/drivers/startup/startup_stm32g474retx.o
UART.cpp.e6a4d66a                                 C:\Users\polit\AppData\Local\Temp\cc9nq2ln.debug.temp.o
                                                  C:\Users\polit\AppData\Local\Temp\ccFkb14u.ltrans0.ltrans.o
UART4_IRQHandler                                  build/obj/drivers/startup/startup_stm32g474retx.o
UART5_IRQHandler                                  C:\Users\polit\AppData\Local\Temp\ccFkb14u.ltrans0.ltrans.o
                                                  build/obj/drivers/startup/startup_stm32g474retx.o
                                                  build/obj/config/board.o (symbol from plugin)
UARTprevTime                                      build/obj/./main.o (symbol from plugin)
UARTrxData                                        build/obj/./main.o (symbol from plugin)
UCPD1_IRQHandler                                  build/obj/drivers/startup/startup_stm32g474retx.o
USART1_IRQHandler                                 build/obj/drivers/startup/startup_stm32g474retx.o
USART2_IRQHandler                                 build/obj/drivers/startup/startup_stm32g474retx.o
USART3_IRQHandler                                 build/obj/drivers/startup/startup_stm32g474retx.o
USBWakeUp_IRQHandler                              build/obj/drivers/startup/startup_stm32g474retx.o
USB_HP_IRQHandler                                 build/obj/drivers/startup/startup_stm32g474retx.o
USB_LP_IRQHandler                                 build/obj/drivers/startup/startup_stm32g474retx.o
Uabc_pu                                           build/obj/./main.o (symbol from plugin)
Ualpha                                            build/obj/./main.o (symbol from plugin)
Ubeta                                             build/obj/./main.o (symbol from plugin)
UsageFault_Handler                                build/obj/drivers/startup/startup_stm32g474retx.o
WWDG_IRQHandler                                   build/obj/drivers/startup/startup_stm32g474retx.o
__adddf3                                          c:/users/polit/desktop/embedded/arm_12.2/bin/../lib/gcc/arm-none-eabi/12.2.1/thumb/v7e-m+fp/hard\libgcc.a(_arm_addsubdf3.o)
__addsf3                                          c:/users/polit/desktop/embedded/arm_12.2/bin/../lib/gcc/arm-none-eabi/12.2.1/thumb/v7e-m+fp/hard\libgcc.a(_arm_addsubsf3.o)
__aeabi_d2f                                       c:/users/polit/desktop/embedded/arm_12.2/bin/../lib/gcc/arm-none-eabi/12.2.1/thumb/v7e-m+fp/hard\libgcc.a(_arm_truncdfsf2.o)
                                                  C:\Users\polit\AppData\Local\Temp\ccFkb14u.ltrans0.ltrans.o
__aeabi_d2uiz                                     c:/users/polit/desktop/embedded/arm_12.2/bin/../lib/gcc/arm-none-eabi/12.2.1/thumb/v7e-m+fp/hard\libgcc.a(_arm_fixunsdfsi.o)
                                                  c:/users/polit/desktop/embedded/arm_12.2/bin/../lib/gcc/arm-none-eabi/12.2.1/thumb/v7e-m+fp/hard\libgcc.a(_fixunssfdi.o)
__aeabi_dadd                                      c:/users/polit/desktop/embedded/arm_12.2/bin/../lib/gcc/arm-none-eabi/12.2.1/thumb/v7e-m+fp/hard\libgcc.a(_arm_addsubdf3.o)
__aeabi_dmul                                      c:/users/polit/desktop/embedded/arm_12.2/bin/../lib/gcc/arm-none-eabi/12.2.1/thumb/v7e-m+fp/hard\libgcc.a(_arm_muldf3.o)
                                                  c:/users/polit/desktop/embedded/arm_12.2/bin/../lib/gcc/arm-none-eabi/12.2.1/thumb/v7e-m+fp/hard\libgcc.a(_fixunssfdi.o)
__aeabi_drsub                                     c:/users/polit/desktop/embedded/arm_12.2/bin/../lib/gcc/arm-none-eabi/12.2.1/thumb/v7e-m+fp/hard\libgcc.a(_arm_addsubdf3.o)
__aeabi_dsub                                      c:/users/polit/desktop/embedded/arm_12.2/bin/../lib/gcc/arm-none-eabi/12.2.1/thumb/v7e-m+fp/hard\libgcc.a(_arm_addsubdf3.o)
                                                  c:/users/polit/desktop/embedded/arm_12.2/bin/../lib/gcc/arm-none-eabi/12.2.1/thumb/v7e-m+fp/hard\libgcc.a(_fixunssfdi.o)
__aeabi_f2d                                       c:/users/polit/desktop/embedded/arm_12.2/bin/../lib/gcc/arm-none-eabi/12.2.1/thumb/v7e-m+fp/hard\libgcc.a(_arm_addsubdf3.o)
                                                  c:/users/polit/desktop/embedded/arm_12.2/bin/../lib/gcc/arm-none-eabi/12.2.1/thumb/v7e-m+fp/hard\libgcc.a(_fixunssfdi.o)
                                                  C:\Users\polit\AppData\Local\Temp\ccFkb14u.ltrans0.ltrans.o
__aeabi_f2lz                                      c:/users/polit/desktop/embedded/arm_12.2/bin/../lib/gcc/arm-none-eabi/12.2.1/thumb/v7e-m+fp/hard\libgcc.a(_fixsfdi.o)
                                                  C:\Users\polit\AppData\Local\Temp\ccFkb14u.ltrans0.ltrans.o
__aeabi_f2ulz                                     c:/users/polit/desktop/embedded/arm_12.2/bin/../lib/gcc/arm-none-eabi/12.2.1/thumb/v7e-m+fp/hard\libgcc.a(_fixunssfdi.o)
                                                  c:/users/polit/desktop/embedded/arm_12.2/bin/../lib/gcc/arm-none-eabi/12.2.1/thumb/v7e-m+fp/hard\libgcc.a(_fixsfdi.o)
__aeabi_fadd                                      c:/users/polit/desktop/embedded/arm_12.2/bin/../lib/gcc/arm-none-eabi/12.2.1/thumb/v7e-m+fp/hard\libgcc.a(_arm_addsubsf3.o)
__aeabi_frsub                                     c:/users/polit/desktop/embedded/arm_12.2/bin/../lib/gcc/arm-none-eabi/12.2.1/thumb/v7e-m+fp/hard\libgcc.a(_arm_addsubsf3.o)
__aeabi_fsub                                      c:/users/polit/desktop/embedded/arm_12.2/bin/../lib/gcc/arm-none-eabi/12.2.1/thumb/v7e-m+fp/hard\libgcc.a(_arm_addsubsf3.o)
__aeabi_i2d                                       c:/users/polit/desktop/embedded/arm_12.2/bin/../lib/gcc/arm-none-eabi/12.2.1/thumb/v7e-m+fp/hard\libgcc.a(_arm_addsubdf3.o)
__aeabi_i2f                                       c:/users/polit/desktop/embedded/arm_12.2/bin/../lib/gcc/arm-none-eabi/12.2.1/thumb/v7e-m+fp/hard\libgcc.a(_arm_addsubsf3.o)
__aeabi_l2d                                       c:/users/polit/desktop/embedded/arm_12.2/bin/../lib/gcc/arm-none-eabi/12.2.1/thumb/v7e-m+fp/hard\libgcc.a(_arm_addsubdf3.o)
__aeabi_l2f                                       c:/users/polit/desktop/embedded/arm_12.2/bin/../lib/gcc/arm-none-eabi/12.2.1/thumb/v7e-m+fp/hard\libgcc.a(_arm_addsubsf3.o)
                                                  C:\Users\polit\AppData\Local\Temp\ccFkb14u.ltrans0.ltrans.o
__aeabi_ui2d                                      c:/users/polit/desktop/embedded/arm_12.2/bin/../lib/gcc/arm-none-eabi/12.2.1/thumb/v7e-m+fp/hard\libgcc.a(_arm_addsubdf3.o)
                                                  c:/users/polit/desktop/embedded/arm_12.2/bin/../lib/gcc/arm-none-eabi/12.2.1/thumb/v7e-m+fp/hard\libgcc.a(_fixunssfdi.o)
__aeabi_ui2f                                      c:/users/polit/desktop/embedded/arm_12.2/bin/../lib/gcc/arm-none-eabi/12.2.1/thumb/v7e-m+fp/hard\libgcc.a(_arm_addsubsf3.o)
__aeabi_ul2d                                      c:/users/polit/desktop/embedded/arm_12.2/bin/../lib/gcc/arm-none-eabi/12.2.1/thumb/v7e-m+fp/hard\libgcc.a(_arm_addsubdf3.o)
__aeabi_ul2f                                      c:/users/polit/desktop/embedded/arm_12.2/bin/../lib/gcc/arm-none-eabi/12.2.1/thumb/v7e-m+fp/hard\libgcc.a(_arm_addsubsf3.o)
__cxa_pure_virtual                                build/obj/lib/stubs/cpp_stubs.o (symbol from plugin)
__dso_handle                                      build/obj/lib/stubs/c_stubs.o (symbol from plugin)
__errno                                           C:\Users\polit\AppData\Local\Temp\ccFkb14u.ltrans0.ltrans.o
                                                  build/obj/lib/stubs/c_stubs.o (symbol from plugin)
                                                  c:/users/polit/desktop/embedded/arm_12.2/bin/../lib/gcc/arm-none-eabi/12.2.1/thumb/v7e-m+fp/hard\libc.a(libc_a-sysconf.o)
__extendsfdf2                                     c:/users/polit/desktop/embedded/arm_12.2/bin/../lib/gcc/arm-none-eabi/12.2.1/thumb/v7e-m+fp/hard\libgcc.a(_arm_addsubdf3.o)
__fixsfdi                                         c:/users/polit/desktop/embedded/arm_12.2/bin/../lib/gcc/arm-none-eabi/12.2.1/thumb/v7e-m+fp/hard\libgcc.a(_fixsfdi.o)
__fixunsdfsi                                      c:/users/polit/desktop/embedded/arm_12.2/bin/../lib/gcc/arm-none-eabi/12.2.1/thumb/v7e-m+fp/hard\libgcc.a(_arm_fixunsdfsi.o)
__fixunssfdi                                      c:/users/polit/desktop/embedded/arm_12.2/bin/../lib/gcc/arm-none-eabi/12.2.1/thumb/v7e-m+fp/hard\libgcc.a(_fixunssfdi.o)
__floatdidf                                       c:/users/polit/desktop/embedded/arm_12.2/bin/../lib/gcc/arm-none-eabi/12.2.1/thumb/v7e-m+fp/hard\libgcc.a(_arm_addsubdf3.o)
__floatdisf                                       c:/users/polit/desktop/embedded/arm_12.2/bin/../lib/gcc/arm-none-eabi/12.2.1/thumb/v7e-m+fp/hard\libgcc.a(_arm_addsubsf3.o)
__floatsidf                                       c:/users/polit/desktop/embedded/arm_12.2/bin/../lib/gcc/arm-none-eabi/12.2.1/thumb/v7e-m+fp/hard\libgcc.a(_arm_addsubdf3.o)
__floatsisf                                       c:/users/polit/desktop/embedded/arm_12.2/bin/../lib/gcc/arm-none-eabi/12.2.1/thumb/v7e-m+fp/hard\libgcc.a(_arm_addsubsf3.o)
__floatundidf                                     c:/users/polit/desktop/embedded/arm_12.2/bin/../lib/gcc/arm-none-eabi/12.2.1/thumb/v7e-m+fp/hard\libgcc.a(_arm_addsubdf3.o)
__floatundisf                                     c:/users/polit/desktop/embedded/arm_12.2/bin/../lib/gcc/arm-none-eabi/12.2.1/thumb/v7e-m+fp/hard\libgcc.a(_arm_addsubsf3.o)
__floatunsidf                                     c:/users/polit/desktop/embedded/arm_12.2/bin/../lib/gcc/arm-none-eabi/12.2.1/thumb/v7e-m+fp/hard\libgcc.a(_arm_addsubdf3.o)
__floatunsisf                                     c:/users/polit/desktop/embedded/arm_12.2/bin/../lib/gcc/arm-none-eabi/12.2.1/thumb/v7e-m+fp/hard\libgcc.a(_arm_addsubsf3.o)
__fp_lock_all                                     c:/users/polit/desktop/embedded/arm_12.2/bin/../lib/gcc/arm-none-eabi/12.2.1/thumb/v7e-m+fp/hard\libc.a(libc_a-findfp.o)
__fp_unlock_all                                   c:/users/polit/desktop/embedded/arm_12.2/bin/../lib/gcc/arm-none-eabi/12.2.1/thumb/v7e-m+fp/hard\libc.a(libc_a-findfp.o)
__ieee754_rem_pio2f                               c:/users/polit/desktop/embedded/arm_12.2/bin/../lib/gcc/arm-none-eabi/12.2.1/thumb/v7e-m+fp/hard\libm.a(libm_a-ef_rem_pio2.o)
                                                  c:/users/polit/desktop/embedded/arm_12.2/bin/../lib/gcc/arm-none-eabi/12.2.1/thumb/v7e-m+fp/hard\libm.a(libm_a-sf_sin.o)
                                                  c:/users/polit/desktop/embedded/arm_12.2/bin/../lib/gcc/arm-none-eabi/12.2.1/thumb/v7e-m+fp/hard\libm.a(libm_a-sf_cos.o)
__init_array_end                                  c:/users/polit/desktop/embedded/arm_12.2/bin/../lib/gcc/arm-none-eabi/12.2.1/thumb/v7e-m+fp/hard\libc.a(libc_a-init.o)
__init_array_start                                c:/users/polit/desktop/embedded/arm_12.2/bin/../lib/gcc/arm-none-eabi/12.2.1/thumb/v7e-m+fp/hard\libc.a(libc_a-init.o)
__kernel_cosf                                     c:/users/polit/desktop/embedded/arm_12.2/bin/../lib/gcc/arm-none-eabi/12.2.1/thumb/v7e-m+fp/hard\libm.a(libm_a-kf_cos.o)
                                                  c:/users/polit/desktop/embedded/arm_12.2/bin/../lib/gcc/arm-none-eabi/12.2.1/thumb/v7e-m+fp/hard\libm.a(libm_a-sf_sin.o)
                                                  c:/users/polit/desktop/embedded/arm_12.2/bin/../lib/gcc/arm-none-eabi/12.2.1/thumb/v7e-m+fp/hard\libm.a(libm_a-sf_cos.o)
__kernel_rem_pio2f                                c:/users/polit/desktop/embedded/arm_12.2/bin/../lib/gcc/arm-none-eabi/12.2.1/thumb/v7e-m+fp/hard\libm.a(libm_a-kf_rem_pio2.o)
                                                  c:/users/polit/desktop/embedded/arm_12.2/bin/../lib/gcc/arm-none-eabi/12.2.1/thumb/v7e-m+fp/hard\libm.a(libm_a-ef_rem_pio2.o)
__kernel_sinf                                     c:/users/polit/desktop/embedded/arm_12.2/bin/../lib/gcc/arm-none-eabi/12.2.1/thumb/v7e-m+fp/hard\libm.a(libm_a-kf_sin.o)
                                                  c:/users/polit/desktop/embedded/arm_12.2/bin/../lib/gcc/arm-none-eabi/12.2.1/thumb/v7e-m+fp/hard\libm.a(libm_a-sf_sin.o)
                                                  c:/users/polit/desktop/embedded/arm_12.2/bin/../lib/gcc/arm-none-eabi/12.2.1/thumb/v7e-m+fp/hard\libm.a(libm_a-sf_cos.o)
__libc_init_array                                 c:/users/polit/desktop/embedded/arm_12.2/bin/../lib/gcc/arm-none-eabi/12.2.1/thumb/v7e-m+fp/hard\libc.a(libc_a-init.o)
                                                  build/obj/drivers/startup/startup_stm32g474retx.o
__lock___arc4random_mutex                         c:/users/polit/desktop/embedded/arm_12.2/bin/../lib/gcc/arm-none-eabi/12.2.1/thumb/v7e-m+fp/hard\libc.a(libc_a-lock.o)
__lock___at_quick_exit_mutex                      c:/users/polit/desktop/embedded/arm_12.2/bin/../lib/gcc/arm-none-eabi/12.2.1/thumb/v7e-m+fp/hard\libc.a(libc_a-lock.o)
__lock___atexit_recursive_mutex                   c:/users/polit/desktop/embedded/arm_12.2/bin/../lib/gcc/arm-none-eabi/12.2.1/thumb/v7e-m+fp/hard\libc.a(libc_a-lock.o)
__lock___dd_hash_mutex                            c:/users/polit/desktop/embedded/arm_12.2/bin/../lib/gcc/arm-none-eabi/12.2.1/thumb/v7e-m+fp/hard\libc.a(libc_a-lock.o)
__lock___env_recursive_mutex                      c:/users/polit/desktop/embedded/arm_12.2/bin/../lib/gcc/arm-none-eabi/12.2.1/thumb/v7e-m+fp/hard\libc.a(libc_a-lock.o)
__lock___malloc_recursive_mutex                   c:/users/polit/desktop/embedded/arm_12.2/bin/../lib/gcc/arm-none-eabi/12.2.1/thumb/v7e-m+fp/hard\libc.a(libc_a-lock.o)
                                                  c:/users/polit/desktop/embedded/arm_12.2/bin/../lib/gcc/arm-none-eabi/12.2.1/thumb/v7e-m+fp/hard\libc.a(libc_a-mlock.o)
__lock___sfp_recursive_mutex                      c:/users/polit/desktop/embedded/arm_12.2/bin/../lib/gcc/arm-none-eabi/12.2.1/thumb/v7e-m+fp/hard\libc.a(libc_a-lock.o)
                                                  c:/users/polit/desktop/embedded/arm_12.2/bin/../lib/gcc/arm-none-eabi/12.2.1/thumb/v7e-m+fp/hard\libc.a(libc_a-findfp.o)
__lock___tz_mutex                                 c:/users/polit/desktop/embedded/arm_12.2/bin/../lib/gcc/arm-none-eabi/12.2.1/thumb/v7e-m+fp/hard\libc.a(libc_a-lock.o)
__malloc_av_                                      c:/users/polit/desktop/embedded/arm_12.2/bin/../lib/gcc/arm-none-eabi/12.2.1/thumb/v7e-m+fp/hard\libc.a(libc_a-mallocr.o)
                                                  c:/users/polit/desktop/embedded/arm_12.2/bin/../lib/gcc/arm-none-eabi/12.2.1/thumb/v7e-m+fp/hard\libc.a(libc_a-freer.o)
__malloc_current_mallinfo                         c:/users/polit/desktop/embedded/arm_12.2/bin/../lib/gcc/arm-none-eabi/12.2.1/thumb/v7e-m+fp/hard\libc.a(libc_a-mallocr.o)
                                                  c:/users/polit/desktop/embedded/arm_12.2/bin/../lib/gcc/arm-none-eabi/12.2.1/thumb/v7e-m+fp/hard\libc.a(libc_a-freer.o)
__malloc_lock                                     c:/users/polit/desktop/embedded/arm_12.2/bin/../lib/gcc/arm-none-eabi/12.2.1/thumb/v7e-m+fp/hard\libc.a(libc_a-mlock.o)
                                                  c:/users/polit/desktop/embedded/arm_12.2/bin/../lib/gcc/arm-none-eabi/12.2.1/thumb/v7e-m+fp/hard\libc.a(libc_a-freer.o)
                                                  c:/users/polit/desktop/embedded/arm_12.2/bin/../lib/gcc/arm-none-eabi/12.2.1/thumb/v7e-m+fp/hard\libc.a(libc_a-mallocr.o)
__malloc_max_sbrked_mem                           c:/users/polit/desktop/embedded/arm_12.2/bin/../lib/gcc/arm-none-eabi/12.2.1/thumb/v7e-m+fp/hard\libc.a(libc_a-mallocr.o)
__malloc_max_total_mem                            c:/users/polit/desktop/embedded/arm_12.2/bin/../lib/gcc/arm-none-eabi/12.2.1/thumb/v7e-m+fp/hard\libc.a(libc_a-mallocr.o)
__malloc_sbrk_base                                c:/users/polit/desktop/embedded/arm_12.2/bin/../lib/gcc/arm-none-eabi/12.2.1/thumb/v7e-m+fp/hard\libc.a(libc_a-mallocr.o)
                                                  c:/users/polit/desktop/embedded/arm_12.2/bin/../lib/gcc/arm-none-eabi/12.2.1/thumb/v7e-m+fp/hard\libc.a(libc_a-freer.o)
__malloc_top_pad                                  c:/users/polit/desktop/embedded/arm_12.2/bin/../lib/gcc/arm-none-eabi/12.2.1/thumb/v7e-m+fp/hard\libc.a(libc_a-mallocr.o)
                                                  c:/users/polit/desktop/embedded/arm_12.2/bin/../lib/gcc/arm-none-eabi/12.2.1/thumb/v7e-m+fp/hard\libc.a(libc_a-freer.o)
__malloc_trim_threshold                           c:/users/polit/desktop/embedded/arm_12.2/bin/../lib/gcc/arm-none-eabi/12.2.1/thumb/v7e-m+fp/hard\libc.a(libc_a-mallocr.o)
                                                  c:/users/polit/desktop/embedded/arm_12.2/bin/../lib/gcc/arm-none-eabi/12.2.1/thumb/v7e-m+fp/hard\libc.a(libc_a-freer.o)
__malloc_unlock                                   c:/users/polit/desktop/embedded/arm_12.2/bin/../lib/gcc/arm-none-eabi/12.2.1/thumb/v7e-m+fp/hard\libc.a(libc_a-mlock.o)
                                                  c:/users/polit/desktop/embedded/arm_12.2/bin/../lib/gcc/arm-none-eabi/12.2.1/thumb/v7e-m+fp/hard\libc.a(libc_a-freer.o)
                                                  c:/users/polit/desktop/embedded/arm_12.2/bin/../lib/gcc/arm-none-eabi/12.2.1/thumb/v7e-m+fp/hard\libc.a(libc_a-mallocr.o)
__muldf3                                          c:/users/polit/desktop/embedded/arm_12.2/bin/../lib/gcc/arm-none-eabi/12.2.1/thumb/v7e-m+fp/hard\libgcc.a(_arm_muldf3.o)
__preinit_array_end                               c:/users/polit/desktop/embedded/arm_12.2/bin/../lib/gcc/arm-none-eabi/12.2.1/thumb/v7e-m+fp/hard\libc.a(libc_a-init.o)
__preinit_array_start                             c:/users/polit/desktop/embedded/arm_12.2/bin/../lib/gcc/arm-none-eabi/12.2.1/thumb/v7e-m+fp/hard\libc.a(libc_a-init.o)
__retarget_lock_acquire                           c:/users/polit/desktop/embedded/arm_12.2/bin/../lib/gcc/arm-none-eabi/12.2.1/thumb/v7e-m+fp/hard\libc.a(libc_a-lock.o)
__retarget_lock_acquire_recursive                 c:/users/polit/desktop/embedded/arm_12.2/bin/../lib/gcc/arm-none-eabi/12.2.1/thumb/v7e-m+fp/hard\libc.a(libc_a-lock.o)
                                                  c:/users/polit/desktop/embedded/arm_12.2/bin/../lib/gcc/arm-none-eabi/12.2.1/thumb/v7e-m+fp/hard\libc.a(libc_a-fflush.o)
                                                  c:/users/polit/desktop/embedded/arm_12.2/bin/../lib/gcc/arm-none-eabi/12.2.1/thumb/v7e-m+fp/hard\libc.a(libc_a-fclose.o)
                                                  c:/users/polit/desktop/embedded/arm_12.2/bin/../lib/gcc/arm-none-eabi/12.2.1/thumb/v7e-m+fp/hard\libc.a(libc_a-findfp.o)
                                                  c:/users/polit/desktop/embedded/arm_12.2/bin/../lib/gcc/arm-none-eabi/12.2.1/thumb/v7e-m+fp/hard\libc.a(libc_a-mlock.o)
__retarget_lock_close                             c:/users/polit/desktop/embedded/arm_12.2/bin/../lib/gcc/arm-none-eabi/12.2.1/thumb/v7e-m+fp/hard\libc.a(libc_a-lock.o)
__retarget_lock_close_recursive                   c:/users/polit/desktop/embedded/arm_12.2/bin/../lib/gcc/arm-none-eabi/12.2.1/thumb/v7e-m+fp/hard\libc.a(libc_a-lock.o)
                                                  c:/users/polit/desktop/embedded/arm_12.2/bin/../lib/gcc/arm-none-eabi/12.2.1/thumb/v7e-m+fp/hard\libc.a(libc_a-fclose.o)
__retarget_lock_init                              c:/users/polit/desktop/embedded/arm_12.2/bin/../lib/gcc/arm-none-eabi/12.2.1/thumb/v7e-m+fp/hard\libc.a(libc_a-lock.o)
__retarget_lock_init_recursive                    c:/users/polit/desktop/embedded/arm_12.2/bin/../lib/gcc/arm-none-eabi/12.2.1/thumb/v7e-m+fp/hard\libc.a(libc_a-lock.o)
                                                  c:/users/polit/desktop/embedded/arm_12.2/bin/../lib/gcc/arm-none-eabi/12.2.1/thumb/v7e-m+fp/hard\libc.a(libc_a-findfp.o)
__retarget_lock_release                           c:/users/polit/desktop/embedded/arm_12.2/bin/../lib/gcc/arm-none-eabi/12.2.1/thumb/v7e-m+fp/hard\libc.a(libc_a-lock.o)
__retarget_lock_release_recursive                 c:/users/polit/desktop/embedded/arm_12.2/bin/../lib/gcc/arm-none-eabi/12.2.1/thumb/v7e-m+fp/hard\libc.a(libc_a-lock.o)
                                                  c:/users/polit/desktop/embedded/arm_12.2/bin/../lib/gcc/arm-none-eabi/12.2.1/thumb/v7e-m+fp/hard\libc.a(libc_a-fflush.o)
                                                  c:/users/polit/desktop/embedded/arm_12.2/bin/../lib/gcc/arm-none-eabi/12.2.1/thumb/v7e-m+fp/hard\libc.a(libc_a-fclose.o)
                                                  c:/users/polit/desktop/embedded/arm_12.2/bin/../lib/gcc/arm-none-eabi/12.2.1/thumb/v7e-m+fp/hard\libc.a(libc_a-findfp.o)
                                                  c:/users/polit/desktop/embedded/arm_12.2/bin/../lib/gcc/arm-none-eabi/12.2.1/thumb/v7e-m+fp/hard\libc.a(libc_a-mlock.o)
__retarget_lock_try_acquire                       c:/users/polit/desktop/embedded/arm_12.2/bin/../lib/gcc/arm-none-eabi/12.2.1/thumb/v7e-m+fp/hard\libc.a(libc_a-lock.o)
__retarget_lock_try_acquire_recursive             c:/users/polit/desktop/embedded/arm_12.2/bin/../lib/gcc/arm-none-eabi/12.2.1/thumb/v7e-m+fp/hard\libc.a(libc_a-lock.o)
__sclose                                          c:/users/polit/desktop/embedded/arm_12.2/bin/../lib/gcc/arm-none-eabi/12.2.1/thumb/v7e-m+fp/hard\libc.a(libc_a-stdio.o)
                                                  c:/users/polit/desktop/embedded/arm_12.2/bin/../lib/gcc/arm-none-eabi/12.2.1/thumb/v7e-m+fp/hard\libc.a(libc_a-findfp.o)
__seofread                                        c:/users/polit/desktop/embedded/arm_12.2/bin/../lib/gcc/arm-none-eabi/12.2.1/thumb/v7e-m+fp/hard\libc.a(libc_a-stdio.o)
__sf                                              c:/users/polit/desktop/embedded/arm_12.2/bin/../lib/gcc/arm-none-eabi/12.2.1/thumb/v7e-m+fp/hard\libc.a(libc_a-findfp.o)
                                                  c:/users/polit/desktop/embedded/arm_12.2/bin/../lib/gcc/arm-none-eabi/12.2.1/thumb/v7e-m+fp/hard\libc.a(libc_a-impure.o)
__sflush_r                                        c:/users/polit/desktop/embedded/arm_12.2/bin/../lib/gcc/arm-none-eabi/12.2.1/thumb/v7e-m+fp/hard\libc.a(libc_a-fflush.o)
                                                  c:/users/polit/desktop/embedded/arm_12.2/bin/../lib/gcc/arm-none-eabi/12.2.1/thumb/v7e-m+fp/hard\libc.a(libc_a-fclose.o)
__sfp                                             c:/users/polit/desktop/embedded/arm_12.2/bin/../lib/gcc/arm-none-eabi/12.2.1/thumb/v7e-m+fp/hard\libc.a(libc_a-findfp.o)
__sfp_lock_acquire                                c:/users/polit/desktop/embedded/arm_12.2/bin/../lib/gcc/arm-none-eabi/12.2.1/thumb/v7e-m+fp/hard\libc.a(libc_a-findfp.o)
                                                  c:/users/polit/desktop/embedded/arm_12.2/bin/../lib/gcc/arm-none-eabi/12.2.1/thumb/v7e-m+fp/hard\libc.a(libc_a-fclose.o)
__sfp_lock_release                                c:/users/polit/desktop/embedded/arm_12.2/bin/../lib/gcc/arm-none-eabi/12.2.1/thumb/v7e-m+fp/hard\libc.a(libc_a-findfp.o)
                                                  c:/users/polit/desktop/embedded/arm_12.2/bin/../lib/gcc/arm-none-eabi/12.2.1/thumb/v7e-m+fp/hard\libc.a(libc_a-fclose.o)
__sglue                                           c:/users/polit/desktop/embedded/arm_12.2/bin/../lib/gcc/arm-none-eabi/12.2.1/thumb/v7e-m+fp/hard\libc.a(libc_a-findfp.o)
                                                  c:/users/polit/desktop/embedded/arm_12.2/bin/../lib/gcc/arm-none-eabi/12.2.1/thumb/v7e-m+fp/hard\libc.a(libc_a-fflush.o)
__sinit                                           c:/users/polit/desktop/embedded/arm_12.2/bin/../lib/gcc/arm-none-eabi/12.2.1/thumb/v7e-m+fp/hard\libc.a(libc_a-findfp.o)
                                                  c:/users/polit/desktop/embedded/arm_12.2/bin/../lib/gcc/arm-none-eabi/12.2.1/thumb/v7e-m+fp/hard\libc.a(libc_a-fflush.o)
                                                  c:/users/polit/desktop/embedded/arm_12.2/bin/../lib/gcc/arm-none-eabi/12.2.1/thumb/v7e-m+fp/hard\libc.a(libc_a-fclose.o)
__sread                                           c:/users/polit/desktop/embedded/arm_12.2/bin/../lib/gcc/arm-none-eabi/12.2.1/thumb/v7e-m+fp/hard\libc.a(libc_a-stdio.o)
                                                  c:/users/polit/desktop/embedded/arm_12.2/bin/../lib/gcc/arm-none-eabi/12.2.1/thumb/v7e-m+fp/hard\libc.a(libc_a-findfp.o)
__sseek                                           c:/users/polit/desktop/embedded/arm_12.2/bin/../lib/gcc/arm-none-eabi/12.2.1/thumb/v7e-m+fp/hard\libc.a(libc_a-stdio.o)
                                                  c:/users/polit/desktop/embedded/arm_12.2/bin/../lib/gcc/arm-none-eabi/12.2.1/thumb/v7e-m+fp/hard\libc.a(libc_a-findfp.o)
__stdio_exit_handler                              c:/users/polit/desktop/embedded/arm_12.2/bin/../lib/gcc/arm-none-eabi/12.2.1/thumb/v7e-m+fp/hard\libc.a(libc_a-findfp.o)
__subdf3                                          c:/users/polit/desktop/embedded/arm_12.2/bin/../lib/gcc/arm-none-eabi/12.2.1/thumb/v7e-m+fp/hard\libgcc.a(_arm_addsubdf3.o)
__subsf3                                          c:/users/polit/desktop/embedded/arm_12.2/bin/../lib/gcc/arm-none-eabi/12.2.1/thumb/v7e-m+fp/hard\libgcc.a(_arm_addsubsf3.o)
__swrite                                          c:/users/polit/desktop/embedded/arm_12.2/bin/../lib/gcc/arm-none-eabi/12.2.1/thumb/v7e-m+fp/hard\libc.a(libc_a-stdio.o)
                                                  c:/users/polit/desktop/embedded/arm_12.2/bin/../lib/gcc/arm-none-eabi/12.2.1/thumb/v7e-m+fp/hard\libc.a(libc_a-findfp.o)
__truncdfsf2                                      c:/users/polit/desktop/embedded/arm_12.2/bin/../lib/gcc/arm-none-eabi/12.2.1/thumb/v7e-m+fp/hard\libgcc.a(_arm_truncdfsf2.o)
_close                                            C:\Users\polit\AppData\Local\Temp\ccFkb14u.ltrans0.ltrans.o
                                                  build/obj/lib/stubs/c_stubs.o (symbol from plugin)
                                                  c:/users/polit/desktop/embedded/arm_12.2/bin/../lib/gcc/arm-none-eabi/12.2.1/thumb/v7e-m+fp/hard\libc.a(libc_a-closer.o)
_close_r                                          c:/users/polit/desktop/embedded/arm_12.2/bin/../lib/gcc/arm-none-eabi/12.2.1/thumb/v7e-m+fp/hard\libc.a(libc_a-closer.o)
                                                  c:/users/polit/desktop/embedded/arm_12.2/bin/../lib/gcc/arm-none-eabi/12.2.1/thumb/v7e-m+fp/hard\libc.a(libc_a-stdio.o)
_ebss                                             build/obj/drivers/startup/startup_stm32g474retx.o
_edata                                            build/obj/drivers/startup/startup_stm32g474retx.o
_eheap                                            C:\Users\polit\AppData\Local\Temp\ccFkb14u.ltrans0.ltrans.o
                                                  build/obj/lib/stubs/new_delete.o (symbol from plugin)
_estack                                           build/obj/drivers/startup/startup_stm32g474retx.o
_exit                                             build/obj/lib/stubs/c_stubs.o (symbol from plugin)
_fclose_r                                         c:/users/polit/desktop/embedded/arm_12.2/bin/../lib/gcc/arm-none-eabi/12.2.1/thumb/v7e-m+fp/hard\libc.a(libc_a-fclose.o)
                                                  c:/users/polit/desktop/embedded/arm_12.2/bin/../lib/gcc/arm-none-eabi/12.2.1/thumb/v7e-m+fp/hard\libc.a(libc_a-findfp.o)
_fflush_r                                         c:/users/polit/desktop/embedded/arm_12.2/bin/../lib/gcc/arm-none-eabi/12.2.1/thumb/v7e-m+fp/hard\libc.a(libc_a-fflush.o)
_fini                                             build/obj/lib/stubs/c_stubs.o (symbol from plugin)
_free_r                                           c:/users/polit/desktop/embedded/arm_12.2/bin/../lib/gcc/arm-none-eabi/12.2.1/thumb/v7e-m+fp/hard\libc.a(libc_a-freer.o)
                                                  c:/users/polit/desktop/embedded/arm_12.2/bin/../lib/gcc/arm-none-eabi/12.2.1/thumb/v7e-m+fp/hard\libc.a(libc_a-fflush.o)